Component: Arm Compiler for Embedded 6.24 Tool: armlink [5f371500]

==============================================================================

Section Cross References

    startup_stm32h723xx.o(RESET) refers to startup_stm32h723xx.o(STACK) for __initial_sp
    startup_stm32h723xx.o(RESET) refers to startup_stm32h723xx.o(.text) for Reset_Handler
    startup_stm32h723xx.o(RESET) refers to stm32h7xx_it.o(.text.NMI_Handler) for NMI_Handler
    startup_stm32h723xx.o(RESET) refers to stm32h7xx_it.o(.text.HardFault_Handler) for HardFault_Handler
    startup_stm32h723xx.o(RESET) refers to stm32h7xx_it.o(.text.MemManage_Handler) for MemManage_Handler
    startup_stm32h723xx.o(RESET) refers to stm32h7xx_it.o(.text.BusFault_Handler) for BusFault_Handler
    startup_stm32h723xx.o(RESET) refers to stm32h7xx_it.o(.text.UsageFault_Handler) for UsageFault_Handler
    startup_stm32h723xx.o(RESET) refers to stm32h7xx_it.o(.text.SVC_Handler) for SVC_Handler
    startup_stm32h723xx.o(RESET) refers to stm32h7xx_it.o(.text.DebugMon_Handler) for DebugMon_Handler
    startup_stm32h723xx.o(RESET) refers to stm32h7xx_it.o(.text.PendSV_Handler) for PendSV_Handler
    startup_stm32h723xx.o(RESET) refers to stm32h7xx_it.o(.text.SysTick_Handler) for SysTick_Handler
    startup_stm32h723xx.o(RESET) refers to stm32h7xx_it.o(.text.DMA1_Stream0_IRQHandler) for DMA1_Stream0_IRQHandler
    startup_stm32h723xx.o(RESET) refers to stm32h7xx_it.o(.text.DMA1_Stream1_IRQHandler) for DMA1_Stream1_IRQHandler
    startup_stm32h723xx.o(RESET) refers to stm32h7xx_it.o(.text.USART1_IRQHandler) for USART1_IRQHandler
    startup_stm32h723xx.o(.text) refers to system_stm32h7xx.o(.text.ExitRun0Mode) for ExitRun0Mode
    startup_stm32h723xx.o(.text) refers to system_stm32h7xx.o(.text.SystemInit) for SystemInit
    startup_stm32h723xx.o(.text) refers to entry.o(.ARM.Collect$$$$00000000) for __main
    main.o(.text.main) refers to stm32h7xx_hal_cortex.o(.text.HAL_MPU_Disable) for HAL_MPU_Disable
    main.o(.text.main) refers to stm32h7xx_hal_cortex.o(.text.HAL_MPU_ConfigRegion) for HAL_MPU_ConfigRegion
    main.o(.text.main) refers to stm32h7xx_hal_cortex.o(.text.HAL_MPU_Enable) for HAL_MPU_Enable
    main.o(.text.main) refers to stm32h7xx_hal.o(.text.HAL_Init) for HAL_Init
    main.o(.text.main) refers to main.o(.text.SystemClock_Config) for SystemClock_Config
    main.o(.text.main) refers to gpio.o(.text.MX_GPIO_Init) for MX_GPIO_Init
    main.o(.text.main) refers to dma.o(.text.MX_DMA_Init) for MX_DMA_Init
    main.o(.text.main) refers to adc.o(.text.MX_ADC1_Init) for MX_ADC1_Init
    main.o(.text.main) refers to dac.o(.text.MX_DAC1_Init) for MX_DAC1_Init
    main.o(.text.main) refers to tim.o(.text.MX_TIM2_Init) for MX_TIM2_Init
    main.o(.text.main) refers to usart.o(.text.MX_USART1_UART_Init) for MX_USART1_UART_Init
    main.o(.text.main) refers to usart.o(.text.MX_USART3_UART_Init) for MX_USART3_UART_Init
    main.o(.text.main) refers to fmac.o(.text.MX_FMAC_Init) for MX_FMAC_Init
    main.o(.text.main) refers to adc.o(.bss.hadc1) for hadc1
    main.o(.text.main) refers to stm32h7xx_hal_adc_ex.o(.text.HAL_ADCEx_Calibration_Start) for HAL_ADCEx_Calibration_Start
    main.o(.text.main) refers to main.o(.data.uart_print_enabled) for uart_print_enabled
    main.o(.text.main) refers to main.o(.bss..L_MergedGlobals) for .L_MergedGlobals
    main.o(.text.main) refers to usart.o(.bss.huart1) for huart1
    main.o(.text.main) refers to stm32h7xx_hal_uart.o(.text.HAL_UART_Transmit) for HAL_UART_Transmit
    main.o(.text.main) refers to main.o(.bss.dac_wave) for dac_wave
    main.o(.text.main) refers to main.o(.bss.fit_freq_hz) for fit_freq_hz
    main.o(.text.main) refers to main.o(.bss.fit_mag) for fit_mag
    main.o(.text.main) refers to main.o(.rodata.str1.1) for .L.str.5
    main.o(.text.main) refers to tim.o(.bss.htim2) for htim2
    main.o(.text.main) refers to stm32h7xx_hal_tim.o(.text.HAL_TIM_Base_Stop) for HAL_TIM_Base_Stop
    main.o(.text.main) refers to dac.o(.bss.hdma_dac1_ch1) for hdma_dac1_ch1
    main.o(.text.main) refers to stm32h7xx_hal_adc.o(.text.HAL_ADC_Stop_DMA) for HAL_ADC_Stop_DMA
    main.o(.text.main) refers to dac.o(.bss.hdac1) for hdac1
    main.o(.text.main) refers to stm32h7xx_hal_dac.o(.text.HAL_DAC_Stop_DMA) for HAL_DAC_Stop_DMA
    main.o(.text.main) refers to adc.o(.bss.hdma_adc1) for hdma_adc1
    main.o(.text.main) refers to stm32h7xx_hal_dma.o(.text.HAL_DMA_DeInit) for HAL_DMA_DeInit
    main.o(.text.main) refers to stm32h7xx_hal_dma.o(.text.HAL_DMA_Init) for HAL_DMA_Init
    main.o(.text.main) refers to cosf.o(i.__hardfp_cosf) for __hardfp_cosf
    main.o(.text.main) refers to main.o(.bss.adc_buf) for adc_buf
    main.o(.text.main) refers to stm32h7xx_hal_adc.o(.text.HAL_ADC_Start_DMA) for HAL_ADC_Start_DMA
    main.o(.text.main) refers to stm32h7xx_hal_dac.o(.text.HAL_DAC_Start_DMA) for HAL_DAC_Start_DMA
    main.o(.text.main) refers to stm32h7xx_hal_tim.o(.text.HAL_TIM_Base_Start) for HAL_TIM_Base_Start
[...]
    __arm_cp.16_19                           0x0800a76c   Number         4  main.o(.text.iir_process_block)
    __arm_cp.16_20                           0x0800a770   Number         4  main.o(.text.iir_process_block)
    __arm_cp.16_21                           0x0800a774   Number         4  main.o(.text.iir_process_block)
    __arm_cp.16_22                           0x0800a778   Number         4  main.o(.text.iir_process_block)
    [Anonymous Symbol]                       0x0800cd18   Section        0  main.o(.text.main)
    __arm_cp.0_54                            0x0800ce78   Number         4  main.o(.text.main)
    __arm_cp.0_55                            0x0800ce7c   Number         4  main.o(.text.main)
    __arm_cp.0_56                            0x0800ce80   Number         4  main.o(.text.main)
    __arm_cp.0_58                            0x0800ce88   Number         4  main.o(.text.main)
    __arm_cp.0_66                            0x0800e7ac   Number         4  main.o(.text.main)
    __arm_cp.0_67                            0x0800f2d4   Number         4  main.o(.text.main)
    __arm_cp.0_69                            0x0800f2dc   Number         4  main.o(.text.main)
    __arm_cp.0_70                            0x0800f5d0   Number         4  main.o(.text.main)
    __arm_cp.0_73                            0x0800f5dc   Number         4  main.o(.text.main)
    __arm_cp.0_74                            0x0800f5e0   Number         4  main.o(.text.main)
    __arm_cp.0_77                            0x0800f6d4   Number         4  main.o(.text.main)
    __arm_cp.0_80                            0x0800fadc   Number         4  main.o(.text.main)
    __arm_cp.0_82                            0x0800fae0   Number         4  main.o(.text.main)
    __arm_cp.0_83                            0x0800fae4   Number         4  main.o(.text.main)
    __arm_cp.0_85                            0x0800fae8   Number         4  main.o(.text.main)
    __arm_cp.0_86                            0x0800faec   Number         4  main.o(.text.main)
    __arm_cp.0_87                            0x0800fc68   Number         4  main.o(.text.main)
    __arm_cp.0_90                            0x0800ff5c   Number         4  main.o(.text.main)
    __arm_cp.0_91                            0x0800ff60   Number         4  main.o(.text.main)
    __arm_cp.0_92                            0x0800ff64   Number         4  main.o(.text.main)
    __arm_cp.0_93                            0x0800ff68   Number         4  main.o(.text.main)
    __arm_cp.0_94                            0x0800ff6c   Number         4  main.o(.text.main)
    __arm_cp.0_95                            0x0801016c   Number         4  main.o(.text.main)
    __arm_cp.0_96                            0x08010170   Number         4  main.o(.text.main)
    __arm_cp.0_97                            0x08010174   Number         4  main.o(.text.main)
    __arm_cp.0_102                           0x08010178   Number         4  main.o(.text.main)
    __arm_cp.0_103                           0x08010514   Number         4  main.o(.text.main)
    __arm_cp.0_104                           0x08010518   Number         4  main.o(.text.main)
    __arm_cp.0_105                           0x0801051c   Number         4  main.o(.text.main)
    __arm_cp.0_108                           0x08010520   Number         4  main.o(.text.main)
    __arm_cp.0_109                           0x08010524   Number         4  main.o(.text.main)
    __arm_cp.0_110                           0x08010528   Number         4  main.o(.text.main)
    __arm_cp.0_100                           0x08010d40   Number         4  main.o(.text.main)
    __arm_cp.0_101                           0x08010d44   Number         4  main.o(.text.main)
    __arm_cp.0_106                           0x08011280   Number         4  main.o(.text.main)
    __arm_cp.0_107                           0x08011284   Number         4  main.o(.text.main)
    sweep_atanf                              0x08012291   Thumb Code    88  main.o(.text.sweep_atanf)
    [Anonymous Symbol]                       0x08012290   Section        0  main.o(.text.sweep_atanf)
    sweep_uart_print_fixed                   0x080122f1   Thumb Code  1092  main.o(.text.sweep_uart_print_fixed)
    [Anonymous Symbol]                       0x080122f0   Section        0  main.o(.text.sweep_uart_print_fixed)
    sweep_uart_print_sci                     0x08012739   Thumb Code  1624  main.o(.text.sweep_uart_print_sci)
    [Anonymous Symbol]                       0x08012738   Section        0  main.o(.text.sweep_uart_print_sci)
    __arm_cp.15_3                            0x080127d0   Number         4  main.o(.text.sweep_uart_print_sci)
    i.__ARM_fpclassifyf                      0x08012d98   Section        0  fpclassifyf.o(i.__ARM_fpclassifyf)
    i.__hardfp_cosf                          0x08012dc0   Section        0  cosf.o(i.__hardfp_cosf)
    i.__hardfp_sinf                          0x08012f10   Section        0  sinf.o(i.__hardfp_sinf)
    i.__mathlib_flt_infnan                   0x080130a0   Section        0  funder.o(i.__mathlib_flt_infnan)
    i.__mathlib_flt_invalid                  0x080130a8   Section        0  funder.o(i.__mathlib_flt_invalid)
    i.__mathlib_flt_underflow                0x080130b8   Section        0  funder.o(i.__mathlib_flt_underflow)
    i.__mathlib_rredf2                       0x080130c8   Section        0  rredf.o(i.__mathlib_rredf2)
    i.__scatterload_copy                     0x0801321c   Section       14  handlers.o(i.__scatterload_copy)
    i.__scatterload_null                     0x0801322a   Section        2  handlers.o(i.__scatterload_null)
    i.__scatterload_zeroinit                 0x0801322c   Section       14  handlers.o(i.__scatterload_zeroinit)
    i.__set_errno                            0x0801323c   Section        0  errno.o(i.__set_errno)
    twooverpi                                0x08013248   Data          32  rredf.o(.constdata)
    .constdata                               0x08013248   Section       32  rredf.o(.constdata)
    .Lswitch.table.UART_SetConfig.7          0x08013268   Data           6  stm32h7xx_hal_uart.o(.rodata..Lswitch.table.UART_SetConfig.7)
    .Lswitch.table.UART_SetConfig.9          0x0801326e   Data           6  stm32h7xx_hal_uart.o(.rodata..Lswitch.table.UART_SetConfig.9)
    UARTEx_SetNbDataToProcess.numerator      0x0801329c   Data           8  stm32h7xx_hal_uart_ex.o(.rodata.cst8)
    [Anonymous Symbol]                       0x0801329c   Section        0  stm32h7xx_hal_uart_ex.o(.rodata.cst8)
    UARTEx_SetNbDataToProcess.denominator    0x080132a4   Data           8  stm32h7xx_hal_uart_ex.o(.rodata.cst8)
    .L.str.1                                 0x080132ac   Data          14  main.o(.rodata.str1.1)
    [Anonymous Symbol]                       0x080132ac   Section        0  main.o(.rodata.str1.1)
    .L.str                                   0x080132ba   Data          20  main.o(.rodata.str1.1)
    .L.str.41                                0x080132ce   Data          15  main.o(.rodata.str1.1)
    .L.str.42                                0x080132dd   Data          23  main.o(.rodata.str1.1)
    .L.str.43                                0x080132f4   Data          19  main.o(.rodata.str1.1)
    .L.str.40                                0x08013307   Data          12  main.o(.rodata.str1.1)
    .L.str.54                                0x08013313   Data          24  main.o(.rodata.str1.1)
    .L.str.33                                0x0801332b   Data          18  main.o(.rodata.str1.1)
    .L.str.44                                0x0801333d   Data          20  main.o(.rodata.str1.1)
    .L.str.45                                0x08013351   Data          24  main.o(.rodata.str1.1)
    .L.str.48                                0x08013369   Data          22  main.o(.rodata.str1.1)
    .L.str.49                                0x0801337f   Data          21  main.o(.rodata.str1.1)
    .L.str.46                                0x08013394   Data          22  main.o(.rodata.str1.1)
    .L.str.50                                0x080133aa   Data          22  main.o(.rodata.str1.1)
    .L.str.51                                0x080133c0   Data          21  main.o(.rodata.str1.1)
    .L.str.14                                0x080133d5   Data          30  main.o(.rodata.str1.1)
    .L.str.5                                 0x080133f0   Data           3  main.o(.rodata.str1.1)
    .L.str.28                                0x080133f3   Data          14  main.o(.rodata.str1.1)
    .L.str.25                                0x08013401   Data           5  main.o(.rodata.str1.1)
    .L.str.31                                0x08013406   Data           5  main.o(.rodata.str1.1)
    .L.str.29                                0x0801340b   Data           5  main.o(.rodata.str1.1)
    .L.str.24                                0x08013410   Data           5  main.o(.rodata.str1.1)
    .L.str.32                                0x08013415   Data           5  main.o(.rodata.str1.1)
    .L.str.30                                0x0801341a   Data           5  main.o(.rodata.str1.1)
    .L.str.23                                0x0801341f   Data          46  main.o(.rodata.str1.1)
    .L.str.21                                0x0801344d   Data          13  main.o(.rodata.str1.1)
    .L.str.53                                0x0801345a   Data           8  main.o(.rodata.str1.1)
    .L.str.55                                0x08013462   Data          18  main.o(.rodata.str1.1)
    .L.str.57                                0x08013474   Data           6  main.o(.rodata.str1.1)
    .L.str.58                                0x0801347a   Data           6  main.o(.rodata.str1.1)
    .L.str.47                                0x08013480   Data          24  main.o(.rodata.str1.1)
    .L.str.22                                0x08013492   Data           6  main.o(.rodata.str1.1)
    .L.str.56                                0x08013498   Data           5  main.o(.rodata.str1.1)
    .L.str.59                                0x0801349d   Data           7  main.o(.rodata.str1.1)
    .L.str.52                                0x080134a4   Data          14  main.o(.rodata.str1.1)
    .L.str.20                                0x080134b2   Data          11  main.o(.rodata.str1.1)
    .L.str.18                                0x080134bd   Data           8  main.o(.rodata.str1.1)
    .L.str.8                                 0x080134c3   Data           2  main.o(.rodata.str1.1)
    .L.str.12                                0x080134c5   Data           2  main.o(.rodata.str1.1)
    .L.str.37                                0x080134c7   Data          12  main.o(.rodata.str1.1)
    .L.str.11                                0x080134d1   Data           2  main.o(.rodata.str1.1)
    .L.str.36                                0x080134d3   Data           9  main.o(.rodata.str1.1)
    .L.str.35                                0x080134dc   Data           9  main.o(.rodata.str1.1)
    _errno                                   0x24000000   Data           4  errno.o(.data)
    .data                                    0x24000000   Section        4  errno.o(.data)
    .L_MergedGlobals                         0x24000004   Data           8  stm32h7xx_hal.o(.data..L_MergedGlobals)
    [Anonymous Symbol]                       0x24000004   Section        0  stm32h7xx_hal.o(.data..L_MergedGlobals)
    .L_MergedGlobals                         0x2400000c   Data           8  system_stm32h7xx.o(.data..L_MergedGlobals)
    [Anonymous Symbol]                       0x2400000c   Section        0  system_stm32h7xx.o(.data..L_MergedGlobals)
    uart_print_enabled                       0x24000014   Data           1  main.o(.data.uart_print_enabled)
    [Anonymous Symbol]                       0x24000014   Section        0  main.o(.data.uart_print_enabled)
    .L_MergedGlobals                         0x24000020   Data         124  main.o(.bss..L_MergedGlobals)
    uart1_start2_requested                   0x24000020   Data           1  main.o(.bss..L_MergedGlobals)
    [Anonymous Symbol]                       0x24000020   Section        0  main.o(.bss..L_MergedGlobals)
    iir_running                              0x24000021   Data           1  main.o(.bss..L_MergedGlobals)
    uart1_rx_byte                            0x24000022   Data           1  main.o(.bss..L_MergedGlobals)
    uart1_start2_match                       0x24000023   Data           1  main.o(.bss..L_MergedGlobals)
    iir_process_flags                        0x24000024   Data           1  main.o(.bss..L_MergedGlobals)
    iir_overrun                              0x24000025   Data           1  main.o(.bss..L_MergedGlobals)
    adc_done                                 0x24000026   Data           1  main.o(.bss..L_MergedGlobals)
    adc_error                                0x24000027   Data           1  main.o(.bss..L_MergedGlobals)
    iir_coeff_valid                          0x24000028   Data           1  main.o(.bss..L_MergedGlobals)
    iir_fmac_ready                           0x24000029   Data           1  main.o(.bss..L_MergedGlobals)
    iir_adc_min                              0x2400002a   Data           2  main.o(.bss..L_MergedGlobals)
    iir_adc_max                              0x2400002c   Data           2  main.o(.bss..L_MergedGlobals)
    iir_dac_min                              0x2400002e   Data           2  main.o(.bss..L_MergedGlobals)
    iir_dac_max                              0x24000030   Data           2  main.o(.bss..L_MergedGlobals)
    iir_full_irq_count                       0x24000034   Data           4  main.o(.bss..L_MergedGlobals)
    iir_half_irq_count                       0x24000038   Data           4  main.o(.bss..L_MergedGlobals)
    dac_rounds                               0x2400003c   Data           4  main.o(.bss..L_MergedGlobals)
    iir_dac_full_irq_count                   0x24000040   Data           4  main.o(.bss..L_MergedGlobals)
    iir_dac_half_irq_count                   0x24000044   Data           4  main.o(.bss..L_MergedGlobals)
    iir_dac_error_count                      0x24000048   Data           4  main.o(.bss..L_MergedGlobals)
    fit_count                                0x2400004c   Data           4  main.o(.bss..L_MergedGlobals)
    sweep_cycles_per_record                  0x24000050   Data           4  main.o(.bss..L_MergedGlobals)
    fit_n2                                   0x24000054   Data           4  main.o(.bss..L_MergedGlobals)
    fit_n1                                   0x24000058   Data           4  main.o(.bss..L_MergedGlobals)
    fit_n0                                   0x2400005c   Data           4  main.o(.bss..L_MergedGlobals)
    iir_b0                                   0x24000060   Data           4  main.o(.bss..L_MergedGlobals)
    iir_b1                                   0x24000064   Data           4  main.o(.bss..L_MergedGlobals)
    iir_b2                                   0x24000068   Data           4  main.o(.bss..L_MergedGlobals)
    iir_a1                                   0x2400006c   Data           4  main.o(.bss..L_MergedGlobals)
    iir_a2                                   0x24000070   Data           4  main.o(.bss..L_MergedGlobals)
    iir_fmac_error_count                     0x24000074   Data           4  main.o(.bss..L_MergedGlobals)
    iir_processed_count                      0x24000078   Data           4  main.o(.bss..L_MergedGlobals)
    iir_next_debug_count                     0x2400007c   Data           4  main.o(.bss..L_MergedGlobals)
    iir_fmac_coeff_a                         0x24000080   Data           4  main.o(.bss..L_MergedGlobals)
    iir_fmac_coeff_b                         0x24000084   Data           6  main.o(.bss..L_MergedGlobals)
    iir_fmac_zero                            0x2400008a   Data           6  main.o(.bss..L_MergedGlobals)
    iir_biquad                               0x24000090   Data          12  main.o(.bss..L_MergedGlobals)
    .L_MergedGlobals.71                      0x2400009c   Data          36  main.o(.bss..L_MergedGlobals.71)
    iir_state                                0x2400009c   Data          16  main.o(.bss..L_MergedGlobals.71)
    [Anonymous Symbol]                       0x2400009c   Section        0  main.o(.bss..L_MergedGlobals.71)
    iir_coeffs                               0x240000ac   Data          20  main.o(.bss..L_MergedGlobals.71)
    adc_buf                                  0x240000c0   Data        6000  main.o(.bss.adc_buf)
    [Anonymous Symbol]                       0x240000c0   Section        0  main.o(.bss.adc_buf)
    dac_wave                                 0x24001840   Data        2000  main.o(.bss.dac_wave)
    [Anonymous Symbol]                       0x24001840   Section        0  main.o(.bss.dac_wave)
    fit_freq_hz                              0x24002010   Data        1984  main.o(.bss.fit_freq_hz)
    [Anonymous Symbol]                       0x24002010   Section        0  main.o(.bss.fit_freq_hz)
    fit_mag                                  0x240027d0   Data        1984  main.o(.bss.fit_mag)
    [Anonymous Symbol]                       0x240027d0   Section        0  main.o(.bss.fit_mag)
    fit_phase_deg                            0x24002f90   Data        1984  main.o(.bss.fit_phase_deg)
    [Anonymous Symbol]                       0x24002f90   Section        0  main.o(.bss.fit_phase_deg)
    iir_adc_buf                              0x24003a80   Data        2048  main.o(.bss.iir_adc_buf)
    [Anonymous Symbol]                       0x24003a80   Section        0  main.o(.bss.iir_adc_buf)
    iir_dac_buf                              0x24004280   Data        2048  main.o(.bss.iir_dac_buf)
    [Anonymous Symbol]                       0x24004280   Section        0  main.o(.bss.iir_dac_buf)
    iir_float_buf                            0x24004a80   Data        2048  main.o(.bss.iir_float_buf)
    [Anonymous Symbol]                       0x24004a80   Section        0  main.o(.bss.iir_float_buf)
    iir_fmac_input                           0x24005280   Data        1024  main.o(.bss.iir_fmac_input)
    [Anonymous Symbol]                       0x24005280   Section        0  main.o(.bss.iir_fmac_input)
    iir_fmac_output                          0x24005680   Data        1024  main.o(.bss.iir_fmac_output)
    [Anonymous Symbol]                       0x24005680   Section        0  main.o(.bss.iir_fmac_output)
    STACK                                    0x24005a88   Section     1024  startup_stm32h723xx.o(STACK)

    Global Symbols

    Symbol Name                              Value     Ov Type        Size  Object(Section)

    BuildAttributes$$THM_ISAv4$E$P$D$K$B$S$7EM$VFPv5_D16$PE$PLD8$A:L22UL41UL21$X:L11$S22US41US21$IEEE1$IW$~IW$USESV6$~STKCKD$USESV7$~SHL$OTIME$ROPI$IEEEX$EBA8$MICROLIB$REQ8$PRES8$EABIv2 0x00000000   Number         0  anon$$obj.o ABSOLUTE
    __cpp_initialize__aeabi_                  - Undefined Weak Reference
    __cxa_finalize                            - Undefined Weak Reference
    __decompress                              - Undefined Weak Reference
    _clock_init                               - Undefined Weak Reference
    _microlib_exit                            - Undefined Weak Reference
    __Vectors_Size                           0x000002cc   Number         0  startup_stm32h723xx.o ABSOLUTE
    __Vectors                                0x08000000   Data           4  startup_stm32h723xx.o(RESET)
    __Vectors_End                            0x080002cc   Data           0  startup_stm32h723xx.o(RESET)
    __main                                   0x080002cd   Thumb Code     0  entry.o(.ARM.Collect$$$$00000000)
    _main_stk                                0x080002cd   Thumb Code     0  entry2.o(.ARM.Collect$$$$00000001)
    _main_scatterload                        0x080002d1   Thumb Code     0  entry5.o(.ARM.Collect$$$$00000004)
    __main_after_scatterload                 0x080002d5   Thumb Code     0  entry5.o(.ARM.Collect$$$$00000004)
    _main_clock                              0x080002d5   Thumb Code     0  entry7b.o(.ARM.Collect$$$$00000008)
    _main_cpp_init                           0x080002d5   Thumb Code     0  entry8b.o(.ARM.Collect$$$$0000000A)
    _main_init                               0x080002d5   Thumb Code     0  entry9a.o(.ARM.Collect$$$$0000000B)
    __rt_final_cpp                           0x080002dd   Thumb Code     0  entry10a.o(.ARM.Collect$$$$0000000D)
    __rt_final_exit                          0x080002dd   Thumb Code     0  entry11a.o(.ARM.Collect$$$$0000000F)
    Reset_Handler                            0x080002e1   Thumb Code    12  startup_stm32h723xx.o(.text)
    ADC3_IRQHandler                          0x080002ff   Thumb Code     0  startup_stm32h723xx.o(.text)
    ADC_IRQHandler                           0x080002ff   Thumb Code     0  startup_stm32h723xx.o(.text)
    BDMA_Channel0_IRQHandler                 0x080002ff   Thumb Code     0  startup_stm32h723xx.o(.text)
    BDMA_Channel1_IRQHandler                 0x080002ff   Thumb Code     0  startup_stm32h723xx.o(.text)
    BDMA_Channel2_IRQHandler                 0x080002ff   Thumb Code     0  startup_stm32h723xx.o(.text)
    BDMA_Channel3_IRQHandler                 0x080002ff   Thumb Code     0  startup_stm32h723xx.o(.text)
    BDMA_Channel4_IRQHandler                 0x080002ff   Thumb Code     0  startup_stm32h723xx.o(.text)
    BDMA_Channel5_IRQHandler                 0x080002ff   Thumb Code     0  startup_stm32h723xx.o(.text)
    BDMA_Channel6_IRQHandler                 0x080002ff   Thumb Code     0  startup_stm32h723xx.o(.text)
    BDMA_Channel7_IRQHandler                 0x080002ff   Thumb Code     0  startup_stm32h723xx.o(.text)
    CEC_IRQHandler                           0x080002ff   Thumb Code     0  startup_stm32h723xx.o(.text)
    COMP1_IRQHandler                         0x080002ff   Thumb Code     0  startup_stm32h723xx.o(.text)
    CORDIC_IRQHandler                        0x080002ff   Thumb Code     0  startup_stm32h723xx.o(.text)
    CRS_IRQHandler                           0x080002ff   Thumb Code     0  startup_stm32h723xx.o(.text)
    DCMI_PSSI_IRQHandler                     0x080002ff   Thumb Code     0  startup_stm32h723xx.o(.text)
    DFSDM1_FLT0_IRQHandler                   0x080002ff   Thumb Code     0  startup_stm32h723xx.o(.text)
    DFSDM1_FLT1_IRQHandler                   0x080002ff   Thumb Code     0  startup_stm32h723xx.o(.text)
    DFSDM1_FLT2_IRQHandler                   0x080002ff   Thumb Code     0  startup_stm32h723xx.o(.text)
    DFSDM1_FLT3_IRQHandler                   0x080002ff   Thumb Code     0  startup_stm32h723xx.o(.text)
    DMA1_Stream2_IRQHandler                  0x080002ff   Thumb Code     0  startup_stm32h723xx.o(.text)
    DMA1_Stream3_IRQHandler                  0x080002ff   Thumb Code     0  startup_stm32h723xx.o(.text)
    DMA1_Stream4_IRQHandler                  0x080002ff   Thumb Code     0  startup_stm32h723xx.o(.text)
    DMA1_Stream5_IRQHandler                  0x080002ff   Thumb Code     0  startup_stm32h723xx.o(.text)
    DMA1_Stream6_IRQHandler                  0x080002ff   Thumb Code     0  startup_stm32h723xx.o(.text)
    DMA1_Stream7_IRQHandler                  0x080002ff   Thumb Code     0  startup_stm32h723xx.o(.text)
    DMA2D_IRQHandler                         0x080002ff   Thumb Code     0  startup_stm32h723xx.o(.text)
    DMA2_Stream0_IRQHandler                  0x080002ff   Thumb Code     0  startup_stm32h723xx.o(.text)
    DMA2_Stream1_IRQHandler                  0x080002ff   Thumb Code     0  startup_stm32h723xx.o(.text)
    DMA2_Stream2_IRQHandler                  0x080002ff   Thumb Code     0  startup_stm32h723xx.o(.text)
    DMA2_Stream3_IRQHandler                  0x080002ff   Thumb Code     0  startup_stm32h723xx.o(.text)
    DMA2_Stream4_IRQHandler                  0x080002ff   Thumb Code     0  startup_stm32h723xx.o(.text)
    DMA2_Stream5_IRQHandler                  0x080002ff   Thumb Code     0  startup_stm32h723xx.o(.text)
    DMA2_Stream6_IRQHandler                  0x080002ff   Thumb Code     0  startup_stm32h723xx.o(.text)
    DMA2_Stream7_IRQHandler                  0x080002ff   Thumb Code     0  startup_stm32h723xx.o(.text)
    DMAMUX1_OVR_IRQHandler                   0x080002ff   Thumb Code     0  startup_stm32h723xx.o(.text)
    DMAMUX2_OVR_IRQHandler                   0x080002ff   Thumb Code     0  startup_stm32h723xx.o(.text)
    DTS_IRQHandler                           0x080002ff   Thumb Code     0  startup_stm32h723xx.o(.text)
    ECC_IRQHandler                           0x080002ff   Thumb Code     0  startup_stm32h723xx.o(.text)
    ETH_IRQHandler                           0x080002ff   Thumb Code     0  startup_stm32h723xx.o(.text)
    ETH_WKUP_IRQHandler                      0x080002ff   Thumb Code     0  startup_stm32h723xx.o(.text)
    EXTI0_IRQHandler                         0x080002ff   Thumb Code     0  startup_stm32h723xx.o(.text)
    EXTI15_10_IRQHandler                     0x080002ff   Thumb Code     0  startup_stm32h723xx.o(.text)
    EXTI1_IRQHandler                         0x080002ff   Thumb Code     0  startup_stm32h723xx.o(.text)
    EXTI2_IRQHandler                         0x080002ff   Thumb Code     0  startup_stm32h723xx.o(.text)
    EXTI3_IRQHandler                         0x080002ff   Thumb Code     0  startup_stm32h723xx.o(.text)
    EXTI4_IRQHandler                         0x080002ff   Thumb Code     0  startup_stm32h723xx.o(.text)
    EXTI9_5_IRQHandler                       0x080002ff   Thumb Code     0  startup_stm32h723xx.o(.text)
    FDCAN1_IT0_IRQHandler                    0x080002ff   Thumb Code     0  startup_stm32h723xx.o(.text)
    FDCAN1_IT1_IRQHandler                    0x080002ff   Thumb Code     0  startup_stm32h723xx.o(.text)
    FDCAN2_IT0_IRQHandler                    0x080002ff   Thumb Code     0  startup_stm32h723xx.o(.text)
    FDCAN2_IT1_IRQHandler                    0x080002ff   Thumb Code     0  startup_stm32h723xx.o(.text)
    FDCAN3_IT0_IRQHandler                    0x080002ff   Thumb Code     0  startup_stm32h723xx.o(.text)
    FDCAN3_IT1_IRQHandler                    0x080002ff   Thumb Code     0  startup_stm32h723xx.o(.text)
    FDCAN_CAL_IRQHandler                     0x080002ff   Thumb Code     0  startup_stm32h723xx.o(.text)
    FLASH_IRQHandler                         0x080002ff   Thumb Code     0  startup_stm32h723xx.o(.text)
    FMAC_IRQHandler                          0x080002ff   Thumb Code     0  startup_stm32h723xx.o(.text)
    FMC_IRQHandler                           0x080002ff   Thumb Code     0  startup_stm32h723xx.o(.text)
    FPU_IRQHandler                           0x080002ff   Thumb Code     0  startup_stm32h723xx.o(.text)
    HSEM1_IRQHandler                         0x080002ff   Thumb Code     0  startup_stm32h723xx.o(.text)
    I2C1_ER_IRQHandler                       0x080002ff   Thumb Code     0  startup_stm32h723xx.o(.text)
    I2C1_EV_IRQHandler                       0x080002ff   Thumb Code     0  startup_stm32h723xx.o(.text)
    I2C2_ER_IRQHandler                       0x080002ff   Thumb Code     0  startup_stm32h723xx.o(.text)
    I2C2_EV_IRQHandler                       0x080002ff   Thumb Code     0  startup_stm32h723xx.o(.text)
    I2C3_ER_IRQHandler                       0x080002ff   Thumb Code     0  startup_stm32h723xx.o(.text)
    I2C3_EV_IRQHandler                       0x080002ff   Thumb Code     0  startup_stm32h723xx.o(.text)
    I2C4_ER_IRQHandler                       0x080002ff   Thumb Code     0  startup_stm32h723xx.o(.text)
    I2C4_EV_IRQHandler                       0x080002ff   Thumb Code     0  startup_stm32h723xx.o(.text)
    I2C5_ER_IRQHandler                       0x080002ff   Thumb Code     0  startup_stm32h723xx.o(.text)
    I2C5_EV_IRQHandler                       0x080002ff   Thumb Code     0  startup_stm32h723xx.o(.text)
    LPTIM1_IRQHandler                        0x080002ff   Thumb Code     0  startup_stm32h723xx.o(.text)
    LPTIM2_IRQHandler                        0x080002ff   Thumb Code     0  startup_stm32h723xx.o(.text)
    LPTIM3_IRQHandler                        0x080002ff   Thumb Code     0  startup_stm32h723xx.o(.text)
    LPTIM4_IRQHandler                        0x080002ff   Thumb Code     0  startup_stm32h723xx.o(.text)
    LPTIM5_IRQHandler                        0x080002ff   Thumb Code     0  startup_stm32h723xx.o(.text)
    LPUART1_IRQHandler                       0x080002ff   Thumb Code     0  startup_stm32h723xx.o(.text)
    LTDC_ER_IRQHandler                       0x080002ff   Thumb Code     0  startup_stm32h723xx.o(.text)
    LTDC_IRQHandler                          0x080002ff   Thumb Code     0  startup_stm32h723xx.o(.text)
    MDIOS_IRQHandler                         0x080002ff   Thumb Code     0  startup_stm32h723xx.o(.text)
    MDIOS_WKUP_IRQHandler                    0x080002ff   Thumb Code     0  startup_stm32h723xx.o(.text)
    MDMA_IRQHandler                          0x080002ff   Thumb Code     0  startup_stm32h723xx.o(.text)
    OCTOSPI1_IRQHandler                      0x080002ff   Thumb Code     0  startup_stm32h723xx.o(.text)
    OCTOSPI2_IRQHandler                      0x080002ff   Thumb Code     0  startup_stm32h723xx.o(.text)
    OTG_HS_EP1_IN_IRQHandler                 0x080002ff   Thumb Code     0  startup_stm32h723xx.o(.text)
    OTG_HS_EP1_OUT_IRQHandler                0x080002ff   Thumb Code     0  startup_stm32h723xx.o(.text)
    OTG_HS_IRQHandler                        0x080002ff   Thumb Code     0  startup_stm32h723xx.o(.text)
    OTG_HS_WKUP_IRQHandler                   0x080002ff   Thumb Code     0  startup_stm32h723xx.o(.text)
    PVD_AVD_IRQHandler                       0x080002ff   Thumb Code     0  startup_stm32h723xx.o(.text)
    RCC_IRQHandler                           0x080002ff   Thumb Code     0  startup_stm32h723xx.o(.text)
    RNG_IRQHandler                           0x080002ff   Thumb Code     0  startup_stm32h723xx.o(.text)
    RTC_Alarm_IRQHandler                     0x080002ff   Thumb Code     0  startup_stm32h723xx.o(.text)
    RTC_WKUP_IRQHandler                      0x080002ff   Thumb Code     0  startup_stm32h723xx.o(.text)
    SAI1_IRQHandler                          0x080002ff   Thumb Code     0  startup_stm32h723xx.o(.text)
    SAI4_IRQHandler                          0x080002ff   Thumb Code     0  startup_stm32h723xx.o(.text)
    SDMMC1_IRQHandler                        0x080002ff   Thumb Code     0  startup_stm32h723xx.o(.text)
    SDMMC2_IRQHandler                        0x080002ff   Thumb Code     0  startup_stm32h723xx.o(.text)
    SPDIF_RX_IRQHandler                      0x080002ff   Thumb Code     0  startup_stm32h723xx.o(.text)
    SPI1_IRQHandler                          0x080002ff   Thumb Code     0  startup_stm32h723xx.o(.text)
    SPI2_IRQHandler                          0x080002ff   Thumb Code     0  startup_stm32h723xx.o(.text)
    SPI3_IRQHandler                          0x080002ff   Thumb Code     0  startup_stm32h723xx.o(.text)
    SPI4_IRQHandler                          0x080002ff   Thumb Code     0  startup_stm32h723xx.o(.text)
    SPI5_IRQHandler                          0x080002ff   Thumb Code     0  startup_stm32h723xx.o(.text)
    SPI6_IRQHandler                          0x080002ff   Thumb Code     0  startup_stm32h723xx.o(.text)
    SWPMI1_IRQHandler                        0x080002ff   Thumb Code     0  startup_stm32h723xx.o(.text)
    TAMP_STAMP_IRQHandler                    0x080002ff   Thumb Code     0  startup_stm32h723xx.o(.text)
    TIM15_IRQHandler                         0x080002ff   Thumb Code     0  startup_stm32h723xx.o(.text)
    TIM16_IRQHandler                         0x080002ff   Thumb Code     0  startup_stm32h723xx.o(.text)
    TIM17_IRQHandler                         0x080002ff   Thumb Code     0  startup_stm32h723xx.o(.text)
    TIM1_BRK_IRQHandler                      0x080002ff   Thumb Code     0  startup_stm32h723xx.o(.text)
    TIM1_CC_IRQHandler                       0x080002ff   Thumb Code     0  startup_stm32h723xx.o(.text)
    TIM1_TRG_COM_IRQHandler                  0x080002ff   Thumb Code     0  startup_stm32h723xx.o(.text)
    TIM1_UP_IRQHandler                       0x080002ff   Thumb Code     0  startup_stm32h723xx.o(.text)
    TIM23_IRQHandler                         0x080002ff   Thumb Code     0  startup_stm32h723xx.o(.text)
    TIM24_IRQHandler                         0x080002ff   Thumb Code     0  startup_stm32h723xx.o(.text)
    TIM2_IRQHandler                          0x080002ff   Thumb Code     0  startup_stm32h723xx.o(.text)
    TIM3_IRQHandler                          0x080002ff   Thumb Code     0  startup_stm32h723xx.o(.text)
    TIM4_IRQHandler                          0x080002ff   Thumb Code     0  startup_stm32h723xx.o(.text)
    TIM5_IRQHandler                          0x080002ff   Thumb Code     0  startup_stm32h723xx.o(.text)
    TIM6_DAC_IRQHandler                      0x080002ff   Thumb Code     0  startup_stm32h723xx.o(.text)
    TIM7_IRQHandler                          0x080002ff   Thumb Code     0  startup_stm32h723xx.o(.text)
    TIM8_BRK_TIM12_IRQHandler                0x080002ff   Thumb Code     0  startup_stm32h723xx.o(.text)
    TIM8_CC_IRQHandler                       0x080002ff   Thumb Code     0  startup_stm32h723xx.o(.text)
    TIM8_TRG_COM_TIM14_IRQHandler            0x080002ff   Thumb Code     0  startup_stm32h723xx.o(.text)
    TIM8_UP_TIM13_IRQHandler                 0x080002ff   Thumb Code     0  startup_stm32h723xx.o(.text)
    UART4_IRQHandler                         0x080002ff   Thumb Code     0  startup_stm32h723xx.o(.text)
    UART5_IRQHandler                         0x080002ff   Thumb Code     0  startup_stm32h723xx.o(.text)
    UART7_IRQHandler                         0x080002ff   Thumb Code     0  startup_stm32h723xx.o(.text)
    UART8_IRQHandler                         0x080002ff   Thumb Code     0  startup_stm32h723xx.o(.text)
    UART9_IRQHandler                         0x080002ff   Thumb Code     0  startup_stm32h723xx.o(.text)
    USART10_IRQHandler                       0x080002ff   Thumb Code     0  startup_stm32h723xx.o(.text)
    USART2_IRQHandler                        0x080002ff   Thumb Code     0  startup_stm32h723xx.o(.text)
    USART3_IRQHandler                        0x080002ff   Thumb Code     0  startup_stm32h723xx.o(.text)
    USART6_IRQHandler                        0x080002ff   Thumb Code     0  startup_stm32h723xx.o(.text)
    WAKEUP_PIN_IRQHandler                    0x080002ff   Thumb Code     0  startup_stm32h723xx.o(.text)
    WWDG_IRQHandler                          0x080002ff   Thumb Code     0  startup_stm32h723xx.o(.text)
    __aeabi_uldivmod                         0x0800030d   Thumb Code    98  uldiv.o(.text)
    __aeabi_memset                           0x0800036f   Thumb Code    14  memseta.o(.text)
    __aeabi_memset4                          0x0800036f   Thumb Code     0  memseta.o(.text)
    __aeabi_memset8                          0x0800036f   Thumb Code     0  memseta.o(.text)
    __aeabi_memclr                           0x0800037d   Thumb Code     4  memseta.o(.text)
    __aeabi_memclr4                          0x0800037d   Thumb Code     0  memseta.o(.text)
    __aeabi_memclr8                          0x0800037d   Thumb Code     0  memseta.o(.text)
    _memset$wrapper                          0x08000381   Thumb Code    18  memseta.o(.text)
    __aeabi_llsl                             0x08000393   Thumb Code    30  llshl.o(.text)
    _ll_shift_l                              0x08000393   Thumb Code     0  llshl.o(.text)
    __aeabi_llsr                             0x080003b1   Thumb Code    32  llushr.o(.text)
    _ll_ushift_r                             0x080003b1   Thumb Code     0  llushr.o(.text)
    __I$use$fp                               0x080003d1   Thumb Code     0  iusefp.o(.text)
    __scatterload                            0x080003d1   Thumb Code    38  init.o(.text)
    __scatterload_rt2                        0x080003d1   Thumb Code     0  init.o(.text)
    ADC_ConfigureBoostMode                   0x08000401   Thumb Code   256  stm32h7xx_hal_adc.o(.text.ADC_ConfigureBoostMode)
    ADC_ConversionStop                       0x08000501   Thumb Code   244  stm32h7xx_hal_adc.o(.text.ADC_ConversionStop)
    ADC_DMAConvCplt                          0x080005f9   Thumb Code    94  stm32h7xx_hal_adc.o(.text.ADC_DMAConvCplt)
    ADC_DMAError                             0x08000659   Thumb Code    22  stm32h7xx_hal_adc.o(.text.ADC_DMAError)
    ADC_DMAHalfConvCplt                      0x08000671   Thumb Code     6  stm32h7xx_hal_adc.o(.text.ADC_DMAHalfConvCplt)
    ADC_Disable                              0x08000679   Thumb Code   120  stm32h7xx_hal_adc.o(.text.ADC_Disable)
    ADC_Enable                               0x080006f1   Thumb Code   170  stm32h7xx_hal_adc.o(.text.ADC_Enable)
    BusFault_Handler                         0x080007a1   Thumb Code     2  stm32h7xx_it.o(.text.BusFault_Handler)
    DAC_DMAConvCpltCh1                       0x080007a9   Thumb Code    16  stm32h7xx_hal_dac.o(.text.DAC_DMAConvCpltCh1)
    DAC_DMAConvCpltCh2                       0x080007b9   Thumb Code    16  stm32h7xx_hal_dac_ex.o(.text.DAC_DMAConvCpltCh2)
    DAC_DMAErrorCh1                          0x080007c9   Thumb Code    24  stm32h7xx_hal_dac.o(.text.DAC_DMAErrorCh1)
    DAC_DMAErrorCh2                          0x080007e1   Thumb Code    24  stm32h7xx_hal_dac_ex.o(.text.DAC_DMAErrorCh2)
    DAC_DMAHalfConvCpltCh1                   0x080007f9   Thumb Code     6  stm32h7xx_hal_dac.o(.text.DAC_DMAHalfConvCpltCh1)
    DAC_DMAHalfConvCpltCh2                   0x08000801   Thumb Code     6  stm32h7xx_hal_dac_ex.o(.text.DAC_DMAHalfConvCpltCh2)
    DMA1_Stream0_IRQHandler                  0x08000809   Thumb Code    12  stm32h7xx_it.o(.text.DMA1_Stream0_IRQHandler)
    DMA1_Stream1_IRQHandler                  0x08000819   Thumb Code    12  stm32h7xx_it.o(.text.DMA1_Stream1_IRQHandler)
    DebugMon_Handler                         0x08000c59   Thumb Code     2  stm32h7xx_it.o(.text.DebugMon_Handler)
    Error_Handler                            0x08000c61   Thumb Code    10  main.o(.text.Error_Handler)
    ExitRun0Mode                             0x08000c71   Thumb Code    44  system_stm32h7xx.o(.text.ExitRun0Mode)
    HAL_ADCEx_Calibration_Start              0x08001349   Thumb Code   216  stm32h7xx_hal_adc_ex.o(.text.HAL_ADCEx_Calibration_Start)
    HAL_ADCEx_MultiModeConfigChannel         0x08001421   Thumb Code   184  stm32h7xx_hal_adc_ex.o(.text.HAL_ADCEx_MultiModeConfigChannel)
    HAL_ADC_ConfigChannel                    0x080014d9   Thumb Code  1772  stm32h7xx_hal_adc.o(.text.HAL_ADC_ConfigChannel)
    HAL_ADC_ConvCpltCallback                 0x08001bc9   Thumb Code    62  main.o(.text.HAL_ADC_ConvCpltCallback)
    HAL_ADC_ConvHalfCpltCallback             0x08001c09   Thumb Code    58  main.o(.text.HAL_ADC_ConvHalfCpltCallback)
    HAL_ADC_ErrorCallback                    0x08001c49   Thumb Code    30  main.o(.text.HAL_ADC_ErrorCallback)
    HAL_ADC_GetError                         0x08001c69   Thumb Code     4  stm32h7xx_hal_adc.o(.text.HAL_ADC_GetError)
    HAL_ADC_Init                             0x08001c71   Thumb Code   766  stm32h7xx_hal_adc.o(.text.HAL_ADC_Init)
    HAL_ADC_MspInit                          0x08001f71   Thumb Code   234  adc.o(.text.HAL_ADC_MspInit)
    HAL_ADC_Start_DMA                        0x08002061   Thumb Code   308  stm32h7xx_hal_adc.o(.text.HAL_ADC_Start_DMA)
    HAL_ADC_Stop_DMA                         0x08002199   Thumb Code   324  stm32h7xx_hal_adc.o(.text.HAL_ADC_Stop_DMA)
    HAL_DACEx_ConvCpltCallbackCh2            0x080022e1   Thumb Code     2  stm32h7xx_hal_dac_ex.o(.text.HAL_DACEx_ConvCpltCallbackCh2)
    HAL_DACEx_ConvHalfCpltCallbackCh2        0x080022e9   Thumb Code     2  stm32h7xx_hal_dac_ex.o(.text.HAL_DACEx_ConvHalfCpltCallbackCh2)
    HAL_DACEx_ErrorCallbackCh2               0x080022f1   Thumb Code     2  stm32h7xx_hal_dac_ex.o(.text.HAL_DACEx_ErrorCallbackCh2)
    HAL_DAC_ConfigChannel                    0x080022f9   Thumb Code   372  stm32h7xx_hal_dac.o(.text.HAL_DAC_ConfigChannel)
    HAL_DAC_ConvCpltCallbackCh1              0x08002471   Thumb Code    46  main.o(.text.HAL_DAC_ConvCpltCallbackCh1)
    HAL_DAC_ConvHalfCpltCallbackCh1          0x080024a1   Thumb Code    40  main.o(.text.HAL_DAC_ConvHalfCpltCallbackCh1)
    HAL_DAC_ErrorCallbackCh1                 0x080024c9   Thumb Code    38  main.o(.text.HAL_DAC_ErrorCallbackCh1)
    HAL_DAC_Init                             0x080024f1   Thumb Code    44  stm32h7xx_hal_dac.o(.text.HAL_DAC_Init)
    HAL_DAC_MspInit                          0x08002521   Thumb Code   180  dac.o(.text.HAL_DAC_MspInit)
    HAL_DAC_Start_DMA                        0x080025d9   Thumb Code   240  stm32h7xx_hal_dac.o(.text.HAL_DAC_Start_DMA)
    HAL_DAC_Stop_DMA                         0x080026c9   Thumb Code    92  stm32h7xx_hal_dac.o(.text.HAL_DAC_Stop_DMA)
    HAL_DMA_Abort                            0x08002729   Thumb Code  1318  stm32h7xx_hal_dma.o(.text.HAL_DMA_Abort)
    HAL_DMA_Abort_IT                         0x08002c51   Thumb Code   694  stm32h7xx_hal_dma.o(.text.HAL_DMA_Abort_IT)
    HAL_DMA_DeInit                           0x08002f09   Thumb Code   906  stm32h7xx_hal_dma.o(.text.HAL_DMA_DeInit)
    HAL_DMA_GetError                         0x08003299   Thumb Code     4  stm32h7xx_hal_dma.o(.text.HAL_DMA_GetError)
    HAL_DMA_IRQHandler                       0x080032a1   Thumb Code  2072  stm32h7xx_hal_dma.o(.text.HAL_DMA_IRQHandler)
    HAL_DMA_Init                             0x08003ab9   Thumb Code  1690  stm32h7xx_hal_dma.o(.text.HAL_DMA_Init)
    HAL_DMA_Start_IT                         0x08004159   Thumb Code   938  stm32h7xx_hal_dma.o(.text.HAL_DMA_Start_IT)
    HAL_Delay                                0x08004509   Thumb Code    40  stm32h7xx_hal.o(.text.HAL_Delay)
    HAL_FMAC_AppendFilterData                0x08004531   Thumb Code   152  stm32h7xx_hal_fmac.o(.text.HAL_FMAC_AppendFilterData)
    HAL_FMAC_ConfigFilterOutputBuffer        0x080045c9   Thumb Code   182  stm32h7xx_hal_fmac.o(.text.HAL_FMAC_ConfigFilterOutputBuffer)
    HAL_FMAC_DeInit                          0x08004681   Thumb Code    60  stm32h7xx_hal_fmac.o(.text.HAL_FMAC_DeInit)
    HAL_FMAC_ErrorCallback                   0x080046c1   Thumb Code     2  stm32h7xx_hal_fmac.o(.text.HAL_FMAC_ErrorCallback)
    HAL_FMAC_FilterConfig                    0x080046c9   Thumb Code     6  stm32h7xx_hal_fmac.o(.text.HAL_FMAC_FilterConfig)
    HAL_FMAC_FilterConfigCallback            0x080046d1   Thumb Code     2  stm32h7xx_hal_fmac.o(.text.HAL_FMAC_FilterConfigCallback)
    HAL_FMAC_FilterPreload                   0x080046d9   Thumb Code    24  stm32h7xx_hal_fmac.o(.text.HAL_FMAC_FilterPreload)
    HAL_FMAC_FilterPreloadCallback           0x080046f1   Thumb Code     2  stm32h7xx_hal_fmac.o(.text.HAL_FMAC_FilterPreloadCallback)
    HAL_FMAC_FilterStart                     0x080046f9   Thumb Code   252  stm32h7xx_hal_fmac.o(.text.HAL_FMAC_FilterStart)
    HAL_FMAC_FilterStop                      0x080047f9   Thumb Code   216  stm32h7xx_hal_fmac.o(.text.HAL_FMAC_FilterStop)
    HAL_FMAC_GetDataCallback                 0x080048d1   Thumb Code     2  stm32h7xx_hal_fmac.o(.text.HAL_FMAC_GetDataCallback)
    HAL_FMAC_HalfGetDataCallback             0x080048d9   Thumb Code     2  stm32h7xx_hal_fmac.o(.text.HAL_FMAC_HalfGetDataCallback)
    HAL_FMAC_HalfOutputDataReadyCallback     0x080048e1   Thumb Code     2  stm32h7xx_hal_fmac.o(.text.HAL_FMAC_HalfOutputDataReadyCallback)
    HAL_FMAC_Init                            0x080048e9   Thumb Code   144  stm32h7xx_hal_fmac.o(.text.HAL_FMAC_Init)
    HAL_FMAC_MspDeInit                       0x08004979   Thumb Code    34  fmac.o(.text.HAL_FMAC_MspDeInit)
    HAL_FMAC_MspInit                         0x080049a1   Thumb Code    48  fmac.o(.text.HAL_FMAC_MspInit)
    HAL_FMAC_OutputDataReadyCallback         0x080049d1   Thumb Code     2  stm32h7xx_hal_fmac.o(.text.HAL_FMAC_OutputDataReadyCallback)
    HAL_FMAC_PollFilterData                  0x080049d9   Thumb Code   754  stm32h7xx_hal_fmac.o(.text.HAL_FMAC_PollFilterData)
    HAL_GPIO_Init                            0x08004cd1   Thumb Code   422  stm32h7xx_hal_gpio.o(.text.HAL_GPIO_Init)
    HAL_GetTick                              0x08004e79   Thumb Code    12  stm32h7xx_hal.o(.text.HAL_GetTick)
    HAL_IncTick                              0x08004e89   Thumb Code    26  stm32h7xx_hal.o(.text.HAL_IncTick)
    HAL_Init                                 0x08004ea9   Thumb Code   100  stm32h7xx_hal.o(.text.HAL_Init)
    HAL_InitTick                             0x08004f11   Thumb Code    80  stm32h7xx_hal.o(.text.HAL_InitTick)
    HAL_MPU_ConfigRegion                     0x08004f61   Thumb Code    94  stm32h7xx_hal_cortex.o(.text.HAL_MPU_ConfigRegion)
    HAL_MPU_Disable                          0x08004fc1   Thumb Code    26  stm32h7xx_hal_cortex.o(.text.HAL_MPU_Disable)
    HAL_MPU_Enable                           0x08004fe1   Thumb Code    32  stm32h7xx_hal_cortex.o(.text.HAL_MPU_Enable)
    HAL_MspInit                              0x08005001   Thumb Code    32  stm32h7xx_hal_msp.o(.text.HAL_MspInit)
    HAL_NVIC_EnableIRQ                       0x08005021   Thumb Code    34  stm32h7xx_hal_cortex.o(.text.HAL_NVIC_EnableIRQ)
    HAL_NVIC_SetPriority                     0x08005049   Thumb Code    90  stm32h7xx_hal_cortex.o(.text.HAL_NVIC_SetPriority)
    HAL_NVIC_SetPriorityGrouping             0x080050a9   Thumb Code    32  stm32h7xx_hal_cortex.o(.text.HAL_NVIC_SetPriorityGrouping)
    HAL_PWREx_ConfigSupply                   0x080050c9   Thumb Code    76  stm32h7xx_hal_pwr_ex.o(.text.HAL_PWREx_ConfigSupply)
    HAL_RCCEx_GetD3PCLK1Freq                 0x08005119   Thumb Code    38  stm32h7xx_hal_rcc_ex.o(.text.HAL_RCCEx_GetD3PCLK1Freq)
    HAL_RCCEx_GetPLL1ClockFreq               0x08005141   Thumb Code   280  stm32h7xx_hal_rcc_ex.o(.text.HAL_RCCEx_GetPLL1ClockFreq)
    HAL_RCCEx_GetPLL2ClockFreq               0x08005271   Thumb Code   280  stm32h7xx_hal_rcc_ex.o(.text.HAL_RCCEx_GetPLL2ClockFreq)
    HAL_RCCEx_GetPLL3ClockFreq               0x08005399   Thumb Code   280  stm32h7xx_hal_rcc_ex.o(.text.HAL_RCCEx_GetPLL3ClockFreq)
    HAL_RCCEx_GetPeriphCLKFreq               0x080054c1   Thumb Code   888  stm32h7xx_hal_rcc_ex.o(.text.HAL_RCCEx_GetPeriphCLKFreq)
    HAL_RCCEx_PeriphCLKConfig                0x08005839   Thumb Code  2688  stm32h7xx_hal_rcc_ex.o(.text.HAL_RCCEx_PeriphCLKConfig)
    HAL_RCC_ClockConfig                      0x080062b9   Thumb Code   596  stm32h7xx_hal_rcc.o(.text.HAL_RCC_ClockConfig)
    HAL_RCC_GetHCLKFreq                      0x08006511   Thumb Code    76  stm32h7xx_hal_rcc.o(.text.HAL_RCC_GetHCLKFreq)
    HAL_RCC_GetPCLK1Freq                     0x08006561   Thumb Code    96  stm32h7xx_hal_rcc.o(.text.HAL_RCC_GetPCLK1Freq)
    HAL_RCC_GetPCLK2Freq                     0x080065c1   Thumb Code    96  stm32h7xx_hal_rcc.o(.text.HAL_RCC_GetPCLK2Freq)
    HAL_RCC_GetSysClockFreq                  0x08006621   Thumb Code   264  stm32h7xx_hal_rcc.o(.text.HAL_RCC_GetSysClockFreq)
    HAL_RCC_OscConfig                        0x08006741   Thumb Code  1324  stm32h7xx_hal_rcc.o(.text.HAL_RCC_OscConfig)
    HAL_SYSTICK_Config                       0x08006c71   Thumb Code    46  stm32h7xx_hal_cortex.o(.text.HAL_SYSTICK_Config)
    HAL_TIMEx_MasterConfigSynchronization    0x08006ca1   Thumb Code   222  stm32h7xx_hal_tim_ex.o(.text.HAL_TIMEx_MasterConfigSynchronization)
    HAL_TIM_Base_Init                        0x08006d81   Thumb Code    96  stm32h7xx_hal_tim.o(.text.HAL_TIM_Base_Init)
    HAL_TIM_Base_MspInit                     0x08006de1   Thumb Code    42  tim.o(.text.HAL_TIM_Base_MspInit)
    HAL_TIM_Base_Start                       0x08006e11   Thumb Code   212  stm32h7xx_hal_tim.o(.text.HAL_TIM_Base_Start)
    HAL_TIM_Base_Stop                        0x08006ee9   Thumb Code    52  stm32h7xx_hal_tim.o(.text.HAL_TIM_Base_Stop)
    HAL_TIM_ConfigClockSource                0x08006f21   Thumb Code   512  stm32h7xx_hal_tim.o(.text.HAL_TIM_ConfigClockSource)
    HAL_UARTEx_DisableFifoMode               0x08007121   Thumb Code    54  stm32h7xx_hal_uart_ex.o(.text.HAL_UARTEx_DisableFifoMode)
    HAL_UARTEx_RxEventCallback               0x08007159   Thumb Code     2  stm32h7xx_hal_uart.o(.text.HAL_UARTEx_RxEventCallback)
    HAL_UARTEx_RxFifoFullCallback            0x08007161   Thumb Code     2  stm32h7xx_hal_uart_ex.o(.text.HAL_UARTEx_RxFifoFullCallback)
    HAL_UARTEx_SetRxFifoThreshold            0x08007169   Thumb Code   140  stm32h7xx_hal_uart_ex.o(.text.HAL_UARTEx_SetRxFifoThreshold)
    HAL_UARTEx_SetTxFifoThreshold            0x080071f9   Thumb Code   140  stm32h7xx_hal_uart_ex.o(.text.HAL_UARTEx_SetTxFifoThreshold)
    HAL_UARTEx_TxFifoEmptyCallback           0x08007289   Thumb Code     2  stm32h7xx_hal_uart_ex.o(.text.HAL_UARTEx_TxFifoEmptyCallback)
    HAL_UARTEx_WakeupCallback                0x08007291   Thumb Code     2  stm32h7xx_hal_uart_ex.o(.text.HAL_UARTEx_WakeupCallback)
    HAL_UART_AbortReceive                    0x08007299   Thumb Code   406  stm32h7xx_hal_uart.o(.text.HAL_UART_AbortReceive)
    HAL_UART_ErrorCallback                   0x08007431   Thumb Code    64  main.o(.text.HAL_UART_ErrorCallback)
    HAL_UART_IRQHandler                      0x08007471   Thumb Code  1674  stm32h7xx_hal_uart.o(.text.HAL_UART_IRQHandler)
    HAL_UART_Init                            0x08007b01   Thumb Code   100  stm32h7xx_hal_uart.o(.text.HAL_UART_Init)
    HAL_UART_MspInit                         0x08007b69   Thumb Code   230  usart.o(.text.HAL_UART_MspInit)
    HAL_UART_Receive_IT                      0x08007c51   Thumb Code   172  stm32h7xx_hal_uart.o(.text.HAL_UART_Receive_IT)
    HAL_UART_RxCpltCallback                  0x08007d01   Thumb Code    84  main.o(.text.HAL_UART_RxCpltCallback)
    HAL_UART_Transmit                        0x08007d61   Thumb Code   426  stm32h7xx_hal_uart.o(.text.HAL_UART_Transmit)
    HAL_UART_TxCpltCallback                  0x08007f11   Thumb Code     2  stm32h7xx_hal_uart.o(.text.HAL_UART_TxCpltCallback)
    HardFault_Handler                        0x08007f19   Thumb Code     2  stm32h7xx_it.o(.text.HardFault_Handler)
    MX_ADC1_Init                             0x08007f21   Thumb Code   174  adc.o(.text.MX_ADC1_Init)
    MX_DAC1_Init                             0x08007fd1   Thumb Code    82  dac.o(.text.MX_DAC1_Init)
    MX_DMA_Init                              0x08008029   Thumb Code    68  dma.o(.text.MX_DMA_Init)
    MX_FMAC_Init                             0x08008071   Thumb Code    38  fmac.o(.text.MX_FMAC_Init)
    MX_GPIO_Init                             0x08008099   Thumb Code    86  gpio.o(.text.MX_GPIO_Init)
    MX_TIM2_Init                             0x080080f1   Thumb Code   112  tim.o(.text.MX_TIM2_Init)
    MX_USART1_UART_Init                      0x08008161   Thumb Code   124  usart.o(.text.MX_USART1_UART_Init)
    MX_USART3_UART_Init                      0x080081e1   Thumb Code   132  usart.o(.text.MX_USART3_UART_Init)
    MemManage_Handler                        0x08008269   Thumb Code     2  stm32h7xx_it.o(.text.MemManage_Handler)
    NMI_Handler                              0x08008271   Thumb Code     2  stm32h7xx_it.o(.text.NMI_Handler)
    PendSV_Handler                           0x08008279   Thumb Code     2  stm32h7xx_it.o(.text.PendSV_Handler)
    SVC_Handler                              0x080084d1   Thumb Code     2  stm32h7xx_it.o(.text.SVC_Handler)
    SysTick_Handler                          0x080084d9   Thumb Code     4  stm32h7xx_it.o(.text.SysTick_Handler)
    SystemClock_Config                       0x080084e1   Thumb Code   204  main.o(.text.SystemClock_Config)
    SystemInit                               0x080085b1   Thumb Code   210  system_stm32h7xx.o(.text.SystemInit)
    TIM_Base_SetConfig                       0x08008689   Thumb Code   376  stm32h7xx_hal_tim.o(.text.TIM_Base_SetConfig)
    UART_AdvFeatureConfig                    0x08008801   Thumb Code   224  stm32h7xx_hal_uart.o(.text.UART_AdvFeatureConfig)
    UART_CheckIdleState                      0x080088e1   Thumb Code   366  stm32h7xx_hal_uart.o(.text.UART_CheckIdleState)
    UART_SetConfig                           0x08009471   Thumb Code  1176  stm32h7xx_hal_uart.o(.text.UART_SetConfig)
    UART_Start_Receive_IT                    0x08009911   Thumb Code   628  stm32h7xx_hal_uart.o(.text.UART_Start_Receive_IT)
    UART_WaitOnFlagUntilTimeout              0x08009b89   Thumb Code   856  stm32h7xx_hal_uart.o(.text.UART_WaitOnFlagUntilTimeout)
    USART1_IRQHandler                        0x08009ee1   Thumb Code    12  stm32h7xx_it.o(.text.USART1_IRQHandler)
    UsageFault_Handler                       0x08009ef1   Thumb Code     2  stm32h7xx_it.o(.text.UsageFault_Handler)
    arm_biquad_cascade_df1_f32               0x08009ef9   Thumb Code   524  main.o(.text.arm_biquad_cascade_df1_f32)
    arm_biquad_cascade_df1_init_f32          0x0800a109   Thumb Code    24  main.o(.text.arm_biquad_cascade_df1_init_f32)
    main                                     0x0800cd19   Thumb Code 21878  main.o(.text.main)
    __ARM_fpclassifyf                        0x08012d99   Thumb Code    38  fpclassifyf.o(i.__ARM_fpclassifyf)
    __hardfp_cosf                            0x08012dc1   Thumb Code   280  cosf.o(i.__hardfp_cosf)
    __hardfp_sinf                            0x08012f11   Thumb Code   344  sinf.o(i.__hardfp_sinf)
    __mathlib_flt_infnan                     0x080130a1   Thumb Code     6  funder.o(i.__mathlib_flt_infnan)
    __mathlib_flt_invalid                    0x080130a9   Thumb Code    10  funder.o(i.__mathlib_flt_invalid)
    __mathlib_flt_underflow                  0x080130b9   Thumb Code    10  funder.o(i.__mathlib_flt_underflow)
    __mathlib_rredf2                         0x080130c9   Thumb Code   316  rredf.o(i.__mathlib_rredf2)
    __scatterload_copy                       0x0801321d   Thumb Code    14  handlers.o(i.__scatterload_copy)
    __scatterload_null                       0x0801322b   Thumb Code     2  handlers.o(i.__scatterload_null)
    __scatterload_zeroinit                   0x0801322d   Thumb Code    14  handlers.o(i.__scatterload_zeroinit)
    __set_errno                              0x0801323d   Thumb Code     6  errno.o(i.__set_errno)
    D1CorePrescTable                         0x08013274   Data          16  system_stm32h7xx.o(.rodata.D1CorePrescTable)
    UARTPrescTable                           0x08013284   Data          24  stm32h7xx_hal_uart.o(.rodata.UARTPrescTable)
    Region$$Table$$Base                      0x080134e8   Number         0  anon$$obj.o(Region$$Table)
    Region$$Table$$Limit                     0x08013508   Number         0  anon$$obj.o(Region$$Table)
    uwTickFreq                               0x24000004   Data           1  stm32h7xx_hal.o(.data..L_MergedGlobals)
    uwTickPrio                               0x24000008   Data           4  stm32h7xx_hal.o(.data..L_MergedGlobals)
    SystemCoreClock                          0x2400000c   Data           4  system_stm32h7xx.o(.data..L_MergedGlobals)
    SystemD2Clock                            0x24000010   Data           4  system_stm32h7xx.o(.data..L_MergedGlobals)
    hadc1                                    0x24003750   Data         112  adc.o(.bss.hadc1)
    hdac1                                    0x240037c0   Data          20  dac.o(.bss.hdac1)
    hdma_adc1                                0x240037d4   Data         120  adc.o(.bss.hdma_adc1)
    hdma_dac1_ch1                            0x2400384c   Data         120  dac.o(.bss.hdma_dac1_ch1)
    hfmac                                    0x240038c4   Data          56  fmac.o(.bss.hfmac)
    htim2                                    0x240038fc   Data          76  tim.o(.bss.htim2)
    huart1                                   0x24003948   Data         148  usart.o(.bss.huart1)
    huart3                                   0x240039dc   Data         148  usart.o(.bss.huart3)
    uwTick                                   0x24005a80   Data           4  stm32h7xx_hal.o(.bss.uwTick)
    __initial_sp                             0x24005e88   Data           0  startup_stm32h723xx.o(STACK)



==============================================================================

Memory Map of the image

  Image Entry point : 0x080002cd

  Load Region LR_IROM1 (Base: 0x08000000, Size: 0x00013540, Max: 0x00100000, ABSOLUTE)

    Execution Region ER_IROM1 (Exec base: 0x08000000, Load base: 0x08000000, Size: 0x00013508, Max: 0x00100000, ABSOLUTE)

    Exec Addr    Load Addr    Size         Type   Attr      Idx    E Section Name        Object

    0x08000000   0x08000000   0x000002cc   Data   RO            3    RESET               startup_stm32h723xx.o
    0x080002cc   0x080002cc   0x00000000   Code   RO         1867  * .ARM.Collect$$$$00000000  mc_w.l(entry.o)
    0x080002cc   0x080002cc   0x00000004   Code   RO         1893    .ARM.Collect$$$$00000001  mc_w.l(entry2.o)
    0x080002d0   0x080002d0   0x00000004   Code   RO         1896    .ARM.Collect$$$$00000004  mc_w.l(entry5.o)
    0x080002d4   0x080002d4   0x00000000   Code   RO         1898    .ARM.Collect$$$$00000008  mc_w.l(entry7b.o)
    0x080002d4   0x080002d4   0x00000000   Code   RO         1900    .ARM.Collect$$$$0000000A  mc_w.l(entry8b.o)
    0x080002d4   0x080002d4   0x00000008   Code   RO         1901    .ARM.Collect$$$$0000000B  mc_w.l(entry9a.o)
    0x080002dc   0x080002dc   0x00000000   Code   RO         1903    .ARM.Collect$$$$0000000D  mc_w.l(entry10a.o)
    0x080002dc   0x080002dc   0x00000000   Code   RO         1905    .ARM.Collect$$$$0000000F  mc_w.l(entry11a.o)
    0x080002dc   0x080002dc   0x00000004   Code   RO         1894    .ARM.Collect$$$$00002712  mc_w.l(entry2.o)
    0x080002e0   0x080002e0   0x0000002c   Code   RO            4    .text               startup_stm32h723xx.o
    0x0800030c   0x0800030c   0x00000062   Code   RO         1870    .text               mc_w.l(uldiv.o)
    0x0800036e   0x0800036e   0x00000024   Code   RO         1872    .text               mc_w.l(memseta.o)
    0x08000392   0x08000392   0x0000001e   Code   RO         1907    .text               mc_w.l(llshl.o)
    0x080003b0   0x080003b0   0x00000020   Code   RO         1909    .text               mc_w.l(llushr.o)
    0x080003d0   0x080003d0   0x00000000   Code   RO         1918    .text               mc_w.l(iusefp.o)
    0x080003d0   0x080003d0   0x00000030   Code   RO         1919    .text               mc_w.l(init.o)
    0x08000400   0x08000400   0x00000100   Code   RO          208    .text.ADC_ConfigureBoostMode  stm32h7xx_hal_adc.o
    0x08000500   0x08000500   0x000000f4   Code   RO          212    .text.ADC_ConversionStop  stm32h7xx_hal_adc.o
    0x080005f4   0x080005f4   0x00000004   PAD
    0x080005f8   0x080005f8   0x0000005e   Code   RO          234    .text.ADC_DMAConvCplt  stm32h7xx_hal_adc.o
    0x08000656   0x08000656   0x00000002   PAD
    0x08000658   0x08000658   0x00000016   Code   RO          238    .text.ADC_DMAError  stm32h7xx_hal_adc.o
    0x0800066e   0x0800066e   0x00000002   PAD
    0x08000670   0x08000670   0x00000006   Code   RO          236    .text.ADC_DMAHalfConvCplt  stm32h7xx_hal_adc.o
    0x08000676   0x08000676   0x00000002   PAD
    0x08000678   0x08000678   0x00000078   Code   RO          214    .text.ADC_Disable   stm32h7xx_hal_adc.o
    0x080006f0   0x080006f0   0x000000aa   Code   RO          220    .text.ADC_Enable    stm32h7xx_hal_adc.o
    0x0800079a   0x0800079a   0x00000006   PAD
    0x080007a0   0x080007a0   0x00000002   Code   RO          171    .text.BusFault_Handler  stm32h7xx_it.o
    0x080007a2   0x080007a2   0x00000006   PAD
    0x080007a8   0x080007a8   0x00000010   Code   RO         1171    .text.DAC_DMAConvCpltCh1  stm32h7xx_hal_dac.o
    0x080007b8   0x080007b8   0x00000010   Code   RO         1213    .text.DAC_DMAConvCpltCh2  stm32h7xx_hal_dac_ex.o
    0x080007c8   0x080007c8   0x00000018   Code   RO         1175    .text.DAC_DMAErrorCh1  stm32h7xx_hal_dac.o
    0x080007e0   0x080007e0   0x00000018   Code   RO         1217    .text.DAC_DMAErrorCh2  stm32h7xx_hal_dac_ex.o
    0x080007f8   0x080007f8   0x00000006   Code   RO         1173    .text.DAC_DMAHalfConvCpltCh1  stm32h7xx_hal_dac.o
    0x080007fe   0x080007fe   0x00000002   PAD
    0x08000800   0x08000800   0x00000006   Code   RO         1215    .text.DAC_DMAHalfConvCpltCh2  stm32h7xx_hal_dac_ex.o
    0x08000806   0x08000806   0x00000002   PAD
    0x08000808   0x08000808   0x0000000c   Code   RO          183    .text.DMA1_Stream0_IRQHandler  stm32h7xx_it.o
    0x08000814   0x08000814   0x00000004   PAD
    0x08000818   0x08000818   0x0000000c   Code   RO          185    .text.DMA1_Stream1_IRQHandler  stm32h7xx_it.o
    0x08000824   0x08000824   0x00000004   PAD
    0x08000828   0x08000828   0x00000128   Code   RO          555    .text.DMA_CalcBaseAndBitshift  stm32h7xx_hal_dma.o
    0x08000950   0x08000950   0x00000308   Code   RO          561    .text.DMA_SetConfig  stm32h7xx_hal_dma.o
    0x08000c58   0x08000c58   0x00000002   Code   RO          177    .text.DebugMon_Handler  stm32h7xx_it.o
    0x08000c5a   0x08000c5a   0x00000006   PAD
    0x08000c60   0x08000c60   0x0000000a   Code   RO           15    .text.Error_Handler  main.o
    0x08000c6a   0x08000c6a   0x00000006   PAD
    0x08000c70   0x08000c70   0x0000002c   Code   RO         1844    .text.ExitRun0Mode  system_stm32h7xx.o
    0x08000c9c   0x08000c9c   0x00000004   PAD
    0x08000ca0   0x08000ca0   0x00000014   Code   RO         1303    .text.FMAC_DMAError  stm32h7xx_hal_fmac.o
    0x08000cb4   0x08000cb4   0x00000004   PAD
    0x08000cb8   0x08000cb8   0x00000094   Code   RO         1301    .text.FMAC_DMAFilterConfig  stm32h7xx_hal_fmac.o
    0x08000d4c   0x08000d4c   0x00000004   PAD
    0x08000d50   0x08000d50   0x000000aa   Code   RO         1305    .text.FMAC_DMAFilterPreload  stm32h7xx_hal_fmac.o
    0x08000dfa   0x08000dfa   0x00000006   PAD
    0x08000e00   0x08000e00   0x00000014   Code   RO         1309    .text.FMAC_DMAGetData  stm32h7xx_hal_fmac.o
    0x08000e14   0x08000e14   0x00000004   PAD
    0x08000e18   0x08000e18   0x00000006   Code   RO         1307    .text.FMAC_DMAHalfGetData  stm32h7xx_hal_fmac.o
    0x08000e1e   0x08000e1e   0x00000002   PAD
    0x08000e20   0x08000e20   0x00000006   Code   RO         1311    .text.FMAC_DMAHalfOutputDataReady  stm32h7xx_hal_fmac.o
    0x08000e26   0x08000e26   0x00000002   PAD
    0x08000e28   0x08000e28   0x00000014   Code   RO         1313    .text.FMAC_DMAOutputDataReady  stm32h7xx_hal_fmac.o
    0x08000e3c   0x08000e3c   0x00000004   PAD
    0x08000e40   0x08000e40   0x000002aa   Code   RO         1261    .text.FMAC_FilterConfig  stm32h7xx_hal_fmac.o
    0x080010ea   0x080010ea   0x00000006   PAD
    0x080010f0   0x080010f0   0x00000258   Code   RO         1267    .text.FMAC_FilterPreload  stm32h7xx_hal_fmac.o
    0x08001348   0x08001348   0x000000d8   Code   RO          270    .text.HAL_ADCEx_Calibration_Start  stm32h7xx_hal_adc_ex.o
    0x08001420   0x08001420   0x000000b8   Code   RO          320    .text.HAL_ADCEx_MultiModeConfigChannel  stm32h7xx_hal_adc_ex.o
    0x080014d8   0x080014d8   0x000006ec   Code   RO          254    .text.HAL_ADC_ConfigChannel  stm32h7xx_hal_adc.o
    0x08001bc4   0x08001bc4   0x00000004   PAD
    0x08001bc8   0x08001bc8   0x0000003e   Code   RO           25    .text.HAL_ADC_ConvCpltCallback  main.o
    0x08001c06   0x08001c06   0x00000002   PAD
    0x08001c08   0x08001c08   0x0000003a   Code   RO           27    .text.HAL_ADC_ConvHalfCpltCallback  main.o
    0x08001c42   0x08001c42   0x00000006   PAD
    0x08001c48   0x08001c48   0x0000001e   Code   RO           29    .text.HAL_ADC_ErrorCallback  main.o
    0x08001c66   0x08001c66   0x00000002   PAD
    0x08001c68   0x08001c68   0x00000004   Code   RO          260    .text.HAL_ADC_GetError  stm32h7xx_hal_adc.o
    0x08001c6c   0x08001c6c   0x00000004   PAD
    0x08001c70   0x08001c70   0x000002fe   Code   RO          204    .text.HAL_ADC_Init  stm32h7xx_hal_adc.o
    0x08001f6e   0x08001f6e   0x00000002   PAD
    0x08001f70   0x08001f70   0x000000ea   Code   RO           78    .text.HAL_ADC_MspInit  adc.o
    0x0800205a   0x0800205a   0x00000006   PAD
    0x08002060   0x08002060   0x00000134   Code   RO          232    .text.HAL_ADC_Start_DMA  stm32h7xx_hal_adc.o
    0x08002194   0x08002194   0x00000004   PAD
    0x08002198   0x08002198   0x00000144   Code   RO          240    .text.HAL_ADC_Stop_DMA  stm32h7xx_hal_adc.o
    0x080022dc   0x080022dc   0x00000004   PAD
    0x080022e0   0x080022e0   0x00000002   Code   RO         1227    .text.HAL_DACEx_ConvCpltCallbackCh2  stm32h7xx_hal_dac_ex.o
    0x080022e2   0x080022e2   0x00000006   PAD
    0x080022e8   0x080022e8   0x00000002   Code   RO         1229    .text.HAL_DACEx_ConvHalfCpltCallbackCh2  stm32h7xx_hal_dac_ex.o
    0x080022ea   0x080022ea   0x00000006   PAD
    0x080022f0   0x080022f0   0x00000002   Code   RO         1231    .text.HAL_DACEx_ErrorCallbackCh2  stm32h7xx_hal_dac_ex.o
    0x080022f2   0x080022f2   0x00000006   PAD
    0x080022f8   0x080022f8   0x00000174   Code   RO         1193    .text.HAL_DAC_ConfigChannel  stm32h7xx_hal_dac.o
    0x0800246c   0x0800246c   0x00000004   PAD
    0x08002470   0x08002470   0x0000002e   Code   RO           31    .text.HAL_DAC_ConvCpltCallbackCh1  main.o
    0x0800249e   0x0800249e   0x00000002   PAD
    0x080024a0   0x080024a0   0x00000028   Code   RO           33    .text.HAL_DAC_ConvHalfCpltCallbackCh1  main.o
    0x080024c8   0x080024c8   0x00000026   Code   RO           35    .text.HAL_DAC_ErrorCallbackCh1  main.o
    0x080024ee   0x080024ee   0x00000002   PAD
    0x080024f0   0x080024f0   0x0000002c   Code   RO         1157    .text.HAL_DAC_Init  stm32h7xx_hal_dac.o
    0x0800251c   0x0800251c   0x00000004   PAD
    0x08002520   0x08002520   0x000000b4   Code   RO           94    .text.HAL_DAC_MspInit  dac.o
    0x080025d4   0x080025d4   0x00000004   PAD
    0x080025d8   0x080025d8   0x000000f0   Code   RO         1169    .text.HAL_DAC_Start_DMA  stm32h7xx_hal_dac.o
    0x080026c8   0x080026c8   0x0000005c   Code   RO         1177    .text.HAL_DAC_Stop_DMA  stm32h7xx_hal_dac.o
    0x08002724   0x08002724   0x00000004   PAD
    0x08002728   0x08002728   0x00000526   Code   RO          565    .text.HAL_DMA_Abort  stm32h7xx_hal_dma.o
    0x08002c4e   0x08002c4e   0x00000002   PAD
    0x08002c50   0x08002c50   0x000002b6   Code   RO          567    .text.HAL_DMA_Abort_IT  stm32h7xx_hal_dma.o
    0x08002f06   0x08002f06   0x00000002   PAD
    0x08002f08   0x08002f08   0x0000038a   Code   RO          557    .text.HAL_DMA_DeInit  stm32h7xx_hal_dma.o
    0x08003292   0x08003292   0x00000006   PAD
    0x08003298   0x08003298   0x00000004   Code   RO          579    .text.HAL_DMA_GetError  stm32h7xx_hal_dma.o
    0x0800329c   0x0800329c   0x00000004   PAD
    0x080032a0   0x080032a0   0x00000818   Code   RO          571    .text.HAL_DMA_IRQHandler  stm32h7xx_hal_dma.o
    0x08003ab8   0x08003ab8   0x0000069a   Code   RO          553    .text.HAL_DMA_Init  stm32h7xx_hal_dma.o
    0x08004152   0x08004152   0x00000006   PAD
    0x08004158   0x08004158   0x000003aa   Code   RO          563    .text.HAL_DMA_Start_IT  stm32h7xx_hal_dma.o
    0x08004502   0x08004502   0x00000006   PAD
    0x08004508   0x08004508   0x00000028   Code   RO          859    .text.HAL_Delay     stm32h7xx_hal.o
    0x08004530   0x08004530   0x00000098   Code   RO         1273    .text.HAL_FMAC_AppendFilterData  stm32h7xx_hal_fmac.o
    0x080045c8   0x080045c8   0x000000b6   Code   RO         1275    .text.HAL_FMAC_ConfigFilterOutputBuffer  stm32h7xx_hal_fmac.o
    0x0800467e   0x0800467e   0x00000002   PAD
    0x08004680   0x08004680   0x0000003c   Code   RO         1255    .text.HAL_FMAC_DeInit  stm32h7xx_hal_fmac.o
    0x080046bc   0x080046bc   0x00000004   PAD
    0x080046c0   0x080046c0   0x00000002   Code   RO         1281    .text.HAL_FMAC_ErrorCallback  stm32h7xx_hal_fmac.o
    0x080046c2   0x080046c2   0x00000006   PAD
    0x080046c8   0x080046c8   0x00000006   Code   RO         1259    .text.HAL_FMAC_FilterConfig  stm32h7xx_hal_fmac.o
    0x080046ce   0x080046ce   0x00000002   PAD
    0x080046d0   0x080046d0   0x00000002   Code   RO         1291    .text.HAL_FMAC_FilterConfigCallback  stm32h7xx_hal_fmac.o
    0x080046d2   0x080046d2   0x00000006   PAD
    0x080046d8   0x080046d8   0x00000018   Code   RO         1265    .text.HAL_FMAC_FilterPreload  stm32h7xx_hal_fmac.o
    0x080046f0   0x080046f0   0x00000002   Code   RO         1293    .text.HAL_FMAC_FilterPreloadCallback  stm32h7xx_hal_fmac.o
    0x080046f2   0x080046f2   0x00000006   PAD
    0x080046f8   0x080046f8   0x000000fc   Code   RO         1271    .text.HAL_FMAC_FilterStart  stm32h7xx_hal_fmac.o
    0x080047f4   0x080047f4   0x00000004   PAD
    0x080047f8   0x080047f8   0x000000d8   Code   RO         1279    .text.HAL_FMAC_FilterStop  stm32h7xx_hal_fmac.o
    0x080048d0   0x080048d0   0x00000002   Code   RO         1285    .text.HAL_FMAC_GetDataCallback  stm32h7xx_hal_fmac.o
    0x080048d2   0x080048d2   0x00000006   PAD
    0x080048d8   0x080048d8   0x00000002   Code   RO         1283    .text.HAL_FMAC_HalfGetDataCallback  stm32h7xx_hal_fmac.o
    0x080048da   0x080048da   0x00000006   PAD
    0x080048e0   0x080048e0   0x00000002   Code   RO         1287    .text.HAL_FMAC_HalfOutputDataReadyCallback  stm32h7xx_hal_fmac.o
    0x080048e2   0x080048e2   0x00000006   PAD
    0x080048e8   0x080048e8   0x00000090   Code   RO         1251    .text.HAL_FMAC_Init  stm32h7xx_hal_fmac.o
    0x08004978   0x08004978   0x00000022   Code   RO          121    .text.HAL_FMAC_MspDeInit  fmac.o
    0x0800499a   0x0800499a   0x00000006   PAD
    0x080049a0   0x080049a0   0x00000030   Code   RO          119    .text.HAL_FMAC_MspInit  fmac.o
    0x080049d0   0x080049d0   0x00000002   Code   RO         1289    .text.HAL_FMAC_OutputDataReadyCallback  stm32h7xx_hal_fmac.o
    0x080049d2   0x080049d2   0x00000006   PAD
    0x080049d8   0x080049d8   0x000002f2   Code   RO         1277    .text.HAL_FMAC_PollFilterData  stm32h7xx_hal_fmac.o
    0x08004cca   0x08004cca   0x00000006   PAD
    0x08004cd0   0x08004cd0   0x000001a6   Code   RO          499    .text.HAL_GPIO_Init  stm32h7xx_hal_gpio.o
    0x08004e76   0x08004e76   0x00000002   PAD
    0x08004e78   0x08004e78   0x0000000c   Code   RO          851    .text.HAL_GetTick   stm32h7xx_hal.o
    0x08004e84   0x08004e84   0x00000004   PAD
    0x08004e88   0x08004e88   0x0000001a   Code   RO          849    .text.HAL_IncTick   stm32h7xx_hal.o
    0x08004ea2   0x08004ea2   0x00000006   PAD
    0x08004ea8   0x08004ea8   0x00000064   Code   RO          839    .text.HAL_Init      stm32h7xx_hal.o
    0x08004f0c   0x08004f0c   0x00000004   PAD
    0x08004f10   0x08004f10   0x00000050   Code   RO          841    .text.HAL_InitTick  stm32h7xx_hal.o
    0x08004f60   0x08004f60   0x0000005e   Code   RO          809    .text.HAL_MPU_ConfigRegion  stm32h7xx_hal_cortex.o
    0x08004fbe   0x08004fbe   0x00000002   PAD
    0x08004fc0   0x08004fc0   0x0000001a   Code   RO          801    .text.HAL_MPU_Disable  stm32h7xx_hal_cortex.o
    0x08004fda   0x08004fda   0x00000006   PAD
    0x08004fe0   0x08004fe0   0x00000020   Code   RO          803    .text.HAL_MPU_Enable  stm32h7xx_hal_cortex.o
    0x08005000   0x08005000   0x00000020   Code   RO          196    .text.HAL_MspInit   stm32h7xx_hal_msp.o
    0x08005020   0x08005020   0x00000022   Code   RO          791    .text.HAL_NVIC_EnableIRQ  stm32h7xx_hal_cortex.o
    0x08005042   0x08005042   0x00000006   PAD
    0x08005048   0x08005048   0x0000005a   Code   RO          789    .text.HAL_NVIC_SetPriority  stm32h7xx_hal_cortex.o
    0x080050a2   0x080050a2   0x00000006   PAD
    0x080050a8   0x080050a8   0x00000020   Code   RO          787    .text.HAL_NVIC_SetPriorityGrouping  stm32h7xx_hal_cortex.o
    0x080050c8   0x080050c8   0x0000004c   Code   RO          703    .text.HAL_PWREx_ConfigSupply  stm32h7xx_hal_pwr_ex.o
    0x08005114   0x08005114   0x00000004   PAD
    0x08005118   0x08005118   0x00000026   Code   RO          390    .text.HAL_RCCEx_GetD3PCLK1Freq  stm32h7xx_hal_rcc_ex.o
    0x0800513e   0x0800513e   0x00000002   PAD
    0x08005140   0x08005140   0x0000012c   Code   RO          384    .text.HAL_RCCEx_GetPLL1ClockFreq  stm32h7xx_hal_rcc_ex.o
    0x0800526c   0x0800526c   0x00000004   PAD
    0x08005270   0x08005270   0x00000128   Code   RO          386    .text.HAL_RCCEx_GetPLL2ClockFreq  stm32h7xx_hal_rcc_ex.o
    0x08005398   0x08005398   0x00000128   Code   RO          388    .text.HAL_RCCEx_GetPLL3ClockFreq  stm32h7xx_hal_rcc_ex.o
    0x080054c0   0x080054c0   0x00000378   Code   RO          382    .text.HAL_RCCEx_GetPeriphCLKFreq  stm32h7xx_hal_rcc_ex.o
    0x08005838   0x08005838   0x00000a80   Code   RO          374    .text.HAL_RCCEx_PeriphCLKConfig  stm32h7xx_hal_rcc_ex.o
    0x080062b8   0x080062b8   0x00000254   Code   RO          342    .text.HAL_RCC_ClockConfig  stm32h7xx_hal_rcc.o
    0x0800650c   0x0800650c   0x00000004   PAD
    0x08006510   0x08006510   0x0000004c   Code   RO          352    .text.HAL_RCC_GetHCLKFreq  stm32h7xx_hal_rcc.o
    0x0800655c   0x0800655c   0x00000004   PAD
    0x08006560   0x08006560   0x00000060   Code   RO          354    .text.HAL_RCC_GetPCLK1Freq  stm32h7xx_hal_rcc.o
    0x080065c0   0x080065c0   0x00000060   Code   RO          356    .text.HAL_RCC_GetPCLK2Freq  stm32h7xx_hal_rcc.o
    0x08006620   0x08006620   0x0000011c   Code   RO          344    .text.HAL_RCC_GetSysClockFreq  stm32h7xx_hal_rcc.o
    0x0800673c   0x0800673c   0x00000004   PAD
    0x08006740   0x08006740   0x0000052c   Code   RO          340    .text.HAL_RCC_OscConfig  stm32h7xx_hal_rcc.o
    0x08006c6c   0x08006c6c   0x00000004   PAD
    0x08006c70   0x08006c70   0x0000002e   Code   RO          799    .text.HAL_SYSTICK_Config  stm32h7xx_hal_cortex.o
    0x08006c9e   0x08006c9e   0x00000002   PAD
    0x08006ca0   0x08006ca0   0x000000de   Code   RO         1618    .text.HAL_TIMEx_MasterConfigSynchronization  stm32h7xx_hal_tim_ex.o
    0x08006d7e   0x08006d7e   0x00000002   PAD
    0x08006d80   0x08006d80   0x00000060   Code   RO         1323    .text.HAL_TIM_Base_Init  stm32h7xx_hal_tim.o
    0x08006de0   0x08006de0   0x0000002a   Code   RO          134    .text.HAL_TIM_Base_MspInit  tim.o
    0x08006e0a   0x08006e0a   0x00000006   PAD
    0x08006e10   0x08006e10   0x000000d4   Code   RO         1333    .text.HAL_TIM_Base_Start  stm32h7xx_hal_tim.o
    0x08006ee4   0x08006ee4   0x00000004   PAD
    0x08006ee8   0x08006ee8   0x00000034   Code   RO         1335    .text.HAL_TIM_Base_Stop  stm32h7xx_hal_tim.o
    0x08006f1c   0x08006f1c   0x00000004   PAD
    0x08006f20   0x08006f20   0x00000200   Code   RO         1503    .text.HAL_TIM_ConfigClockSource  stm32h7xx_hal_tim.o
    0x08007120   0x08007120   0x00000036   Code   RO         1817    .text.HAL_UARTEx_DisableFifoMode  stm32h7xx_hal_uart_ex.o
    0x08007156   0x08007156   0x00000002   PAD
    0x08007158   0x08007158   0x00000002   Code   RO         1744    .text.HAL_UARTEx_RxEventCallback  stm32h7xx_hal_uart.o
    0x0800715a   0x0800715a   0x00000006   PAD
    0x08007160   0x08007160   0x00000002   Code   RO         1803    .text.HAL_UARTEx_RxFifoFullCallback  stm32h7xx_hal_uart_ex.o
    0x08007162   0x08007162   0x00000006   PAD
    0x08007168   0x08007168   0x0000008c   Code   RO         1821    .text.HAL_UARTEx_SetRxFifoThreshold  stm32h7xx_hal_uart_ex.o
    0x080071f4   0x080071f4   0x00000004   PAD
    0x080071f8   0x080071f8   0x0000008c   Code   RO         1819    .text.HAL_UARTEx_SetTxFifoThreshold  stm32h7xx_hal_uart_ex.o
    0x08007284   0x08007284   0x00000004   PAD
    0x08007288   0x08007288   0x00000002   Code   RO         1805    .text.HAL_UARTEx_TxFifoEmptyCallback  stm32h7xx_hal_uart_ex.o
    0x0800728a   0x0800728a   0x00000006   PAD
    0x08007290   0x08007290   0x00000002   Code   RO         1801    .text.HAL_UARTEx_WakeupCallback  stm32h7xx_hal_uart_ex.o
    0x08007292   0x08007292   0x00000006   PAD
    0x08007298   0x08007298   0x00000196   Code   RO         1716    .text.HAL_UART_AbortReceive  stm32h7xx_hal_uart.o
    0x0800742e   0x0800742e   0x00000002   PAD
    0x08007430   0x08007430   0x00000040   Code   RO           23    .text.HAL_UART_ErrorCallback  main.o
    0x08007470   0x08007470   0x0000068a   Code   RO         1738    .text.HAL_UART_IRQHandler  stm32h7xx_hal_uart.o
    0x08007afa   0x08007afa   0x00000006   PAD
    0x08007b00   0x08007b00   0x00000064   Code   RO         1654    .text.HAL_UART_Init  stm32h7xx_hal_uart.o
    0x08007b64   0x08007b64   0x00000004   PAD
    0x08007b68   0x08007b68   0x000000e6   Code   RO          151    .text.HAL_UART_MspInit  usart.o
    0x08007c4e   0x08007c4e   0x00000002   PAD
    0x08007c50   0x08007c50   0x000000ac   Code   RO         1690    .text.HAL_UART_Receive_IT  stm32h7xx_hal_uart.o
    0x08007cfc   0x08007cfc   0x00000004   PAD
    0x08007d00   0x08007d00   0x0000005c   Code   RO           21    .text.HAL_UART_RxCpltCallback  main.o
    0x08007d5c   0x08007d5c   0x00000004   PAD
    0x08007d60   0x08007d60   0x000001aa   Code   RO         1674    .text.HAL_UART_Transmit  stm32h7xx_hal_uart.o
    0x08007f0a   0x08007f0a   0x00000006   PAD
    0x08007f10   0x08007f10   0x00000002   Code   RO         1746    .text.HAL_UART_TxCpltCallback  stm32h7xx_hal_uart.o
    0x08007f12   0x08007f12   0x00000006   PAD
    0x08007f18   0x08007f18   0x00000002   Code   RO          167    .text.HardFault_Handler  stm32h7xx_it.o
    0x08007f1a   0x08007f1a   0x00000006   PAD
    0x08007f20   0x08007f20   0x000000ae   Code   RO           76    .text.MX_ADC1_Init  adc.o
    0x08007fce   0x08007fce   0x00000002   PAD
    0x08007fd0   0x08007fd0   0x00000052   Code   RO           92    .text.MX_DAC1_Init  dac.o
    0x08008022   0x08008022   0x00000006   PAD
    0x08008028   0x08008028   0x00000044   Code   RO          108    .text.MX_DMA_Init   dma.o
    0x0800806c   0x0800806c   0x00000004   PAD
    0x08008070   0x08008070   0x00000026   Code   RO          117    .text.MX_FMAC_Init  fmac.o
    0x08008096   0x08008096   0x00000002   PAD
    0x08008098   0x08008098   0x00000056   Code   RO           68    .text.MX_GPIO_Init  gpio.o
    0x080080ee   0x080080ee   0x00000002   PAD
    0x080080f0   0x080080f0   0x00000070   Code   RO          132    .text.MX_TIM2_Init  tim.o
    0x08008160   0x08008160   0x0000007c   Code   RO          147    .text.MX_USART1_UART_Init  usart.o
    0x080081dc   0x080081dc   0x00000004   PAD
    0x080081e0   0x080081e0   0x00000084   Code   RO          149    .text.MX_USART3_UART_Init  usart.o
    0x08008264   0x08008264   0x00000004   PAD
    0x08008268   0x08008268   0x00000002   Code   RO          169    .text.MemManage_Handler  stm32h7xx_it.o
    0x0800826a   0x0800826a   0x00000006   PAD
    0x08008270   0x08008270   0x00000002   Code   RO          165    .text.NMI_Handler   stm32h7xx_it.o
    0x08008272   0x08008272   0x00000006   PAD
    0x08008278   0x08008278   0x00000002   Code   RO          179    .text.PendSV_Handler  stm32h7xx_it.o
    0x0800827a   0x0800827a   0x00000006   PAD
    0x08008280   0x08008280   0x00000122   Code   RO          376    .text.RCCEx_PLL2_Config  stm32h7xx_hal_rcc_ex.o
    0x080083a2   0x080083a2   0x00000006   PAD
    0x080083a8   0x080083a8   0x00000122   Code   RO          378    .text.RCCEx_PLL3_Config  stm32h7xx_hal_rcc_ex.o
    0x080084ca   0x080084ca   0x00000006   PAD
    0x080084d0   0x080084d0   0x00000002   Code   RO          175    .text.SVC_Handler   stm32h7xx_it.o
    0x080084d2   0x080084d2   0x00000006   PAD
    0x080084d8   0x080084d8   0x00000004   Code   RO          181    .text.SysTick_Handler  stm32h7xx_it.o
    0x080084dc   0x080084dc   0x00000004   PAD
    0x080084e0   0x080084e0   0x000000cc   Code   RO           13    .text.SystemClock_Config  main.o
    0x080085ac   0x080085ac   0x00000004   PAD
    0x080085b0   0x080085b0   0x000000d2   Code   RO         1840    .text.SystemInit    system_stm32h7xx.o
    0x08008682   0x08008682   0x00000006   PAD
    0x08008688   0x08008688   0x00000178   Code   RO         1327    .text.TIM_Base_SetConfig  stm32h7xx_hal_tim.o
    0x08008800   0x08008800   0x000000e0   Code   RO         1658    .text.UART_AdvFeatureConfig  stm32h7xx_hal_uart.o
    0x080088e0   0x080088e0   0x0000016e   Code   RO         1662    .text.UART_CheckIdleState  stm32h7xx_hal_uart.o
    0x08008a4e   0x08008a4e   0x00000002   PAD
    0x08008a50   0x08008a50   0x0000000c   Code   RO         1740    .text.UART_DMAAbortOnError  stm32h7xx_hal_uart.o
    0x08008a5c   0x08008a5c   0x00000004   PAD
    0x08008a60   0x08008a60   0x000001c4   Code   RO         1780    .text.UART_RxISR_16BIT  stm32h7xx_hal_uart.o
    0x08008c24   0x08008c24   0x00000004   PAD
    0x08008c28   0x08008c28   0x0000033a   Code   RO         1776    .text.UART_RxISR_16BIT_FIFOEN  stm32h7xx_hal_uart.o
    0x08008f62   0x08008f62   0x00000006   PAD
    0x08008f68   0x08008f68   0x000001c8   Code   RO         1782    .text.UART_RxISR_8BIT  stm32h7xx_hal_uart.o
    0x08009130   0x08009130   0x0000033e   Code   RO         1778    .text.UART_RxISR_8BIT_FIFOEN  stm32h7xx_hal_uart.o
    0x0800946e   0x0800946e   0x00000002   PAD
    0x08009470   0x08009470   0x000004a0   Code   RO         1660    .text.UART_SetConfig  stm32h7xx_hal_uart.o
    0x08009910   0x08009910   0x00000274   Code   RO         1692    .text.UART_Start_Receive_IT  stm32h7xx_hal_uart.o
    0x08009b84   0x08009b84   0x00000004   PAD
    0x08009b88   0x08009b88   0x00000358   Code   RO         1676    .text.UART_WaitOnFlagUntilTimeout  stm32h7xx_hal_uart.o
    0x08009ee0   0x08009ee0   0x0000000c   Code   RO          187    .text.USART1_IRQHandler  stm32h7xx_it.o
    0x08009eec   0x08009eec   0x00000004   PAD
    0x08009ef0   0x08009ef0   0x00000002   Code   RO          173    .text.UsageFault_Handler  stm32h7xx_it.o
    0x08009ef2   0x08009ef2   0x00000006   PAD
    0x08009ef8   0x08009ef8   0x0000020c   Code   RO           19    .text.arm_biquad_cascade_df1_f32  main.o
    0x0800a104   0x0800a104   0x00000004   PAD
    0x0800a108   0x0800a108   0x00000018   Code   RO           17    .text.arm_biquad_cascade_df1_init_f32  main.o
    0x0800a120   0x0800a120   0x00002bf8   Code   RO           43    .text.iir_process_block  main.o
    0x0800cd18   0x0800cd18   0x00005576   Code   RO           11    .text.main          main.o
    0x0801228e   0x0801228e   0x00000002   PAD
    0x08012290   0x08012290   0x00000060   Code   RO           37    .text.sweep_atanf   main.o
    0x080122f0   0x080122f0   0x00000448   Code   RO           39    .text.sweep_uart_print_fixed  main.o
    0x08012738   0x08012738   0x00000660   Code   RO           41    .text.sweep_uart_print_sci  main.o
    0x08012d98   0x08012d98   0x00000026   Code   RO         1874    i.__ARM_fpclassifyf  m_wv.l(fpclassifyf.o)
    0x08012dbe   0x08012dbe   0x00000002   PAD
    0x08012dc0   0x08012dc0   0x00000150   Code   RO         1855    i.__hardfp_cosf     m_wv.l(cosf.o)
    0x08012f10   0x08012f10   0x00000190   Code   RO         1861    i.__hardfp_sinf     m_wv.l(sinf.o)
    0x080130a0   0x080130a0   0x00000006   Code   RO         1877    i.__mathlib_flt_infnan  m_wv.l(funder.o)
    0x080130a6   0x080130a6   0x00000002   PAD
    0x080130a8   0x080130a8   0x00000010   Code   RO         1879    i.__mathlib_flt_invalid  m_wv.l(funder.o)
    0x080130b8   0x080130b8   0x00000010   Code   RO         1882    i.__mathlib_flt_underflow  m_wv.l(funder.o)
    0x080130c8   0x080130c8   0x00000154   Code   RO         1890    i.__mathlib_rredf2  m_wv.l(rredf.o)
    0x0801321c   0x0801321c   0x0000000e   Code   RO         1923    i.__scatterload_copy  mc_w.l(handlers.o)
    0x0801322a   0x0801322a   0x00000002   Code   RO         1924    i.__scatterload_null  mc_w.l(handlers.o)
    0x0801322c   0x0801322c   0x0000000e   Code   RO         1925    i.__scatterload_zeroinit  mc_w.l(handlers.o)
    0x0801323a   0x0801323a   0x00000002   PAD
    0x0801323c   0x0801323c   0x0000000c   Code   RO         1913    i.__set_errno       mc_w.l(errno.o)
    0x08013248   0x08013248   0x00000020   Data   RO         1891    .constdata          m_wv.l(rredf.o)
    0x08013268   0x08013268   0x00000006   Data   RO         1789    .rodata..Lswitch.table.UART_SetConfig.7  stm32h7xx_hal_uart.o
    0x0801326e   0x0801326e   0x00000006   Data   RO         1790    .rodata..Lswitch.table.UART_SetConfig.9  stm32h7xx_hal_uart.o
    0x08013274   0x08013274   0x00000010   Data   RO         1846    .rodata.D1CorePrescTable  system_stm32h7xx.o
    0x08013284   0x08013284   0x00000018   Data   RO         1788    .rodata.UARTPrescTable  stm32h7xx_hal_uart.o
    0x0801329c   0x0801329c   0x00000010   Data   RO         1831    .rodata.cst8        stm32h7xx_hal_uart_ex.o
    0x080132ac   0x080132ac   0x00000239   Data   RO           46    .rodata.str1.1      main.o
    0x080134e5   0x080134e5   0x00000003   PAD
    0x080134e8   0x080134e8   0x00000020   Data   RO         1922    Region$$Table       anon$$obj.o


    Execution Region RW_IRAM1 (Exec base: 0x20000000, Load base: 0x08013508, Size: 0x00000000, Max: 0x00020000, ABSOLUTE)

    **** No section assigned to this execution region ****


    Execution Region RW_IRAM2 (Exec base: 0x24000000, Load base: 0x08013520, Size: 0x00005e88, Max: 0x00050000, ABSOLUTE)

    Exec Addr    Load Addr    Size         Type   Attr      Idx    E Section Name        Object

    0x24000000   0x08013520   0x00000004   Data   RW         1914    .data               mc_w.l(errno.o)
    0x24000004   0x08013524   0x00000008   Data   RW          948    .data..L_MergedGlobals  stm32h7xx_hal.o
    0x2400000c   0x0801352c   0x00000008   Data   RW         1847    .data..L_MergedGlobals  system_stm32h7xx.o
    0x24000014   0x08013534   0x00000001   Data   RW           45    .data.uart_print_enabled  main.o
    0x24000015   0x08013535   0x0000000b   PAD
    0x24000020        -       0x0000007c   Zero   RW           58    .bss..L_MergedGlobals  main.o
    0x2400009c        -       0x00000024   Zero   RW           59    .bss..L_MergedGlobals.71  main.o
    0x240000c0        -       0x00001770   Zero   RW           48    .bss.adc_buf        main.o
    0x24001830   0x08013535   0x00000010   PAD
    0x24001840        -       0x000007d0   Zero   RW           47    .bss.dac_wave       main.o
    0x24002010        -       0x000007c0   Zero   RW           49    .bss.fit_freq_hz    main.o
    0x240027d0        -       0x000007c0   Zero   RW           50    .bss.fit_mag        main.o
    0x24002f90        -       0x000007c0   Zero   RW           51    .bss.fit_phase_deg  main.o
    0x24003750        -       0x00000070   Zero   RW           82    .bss.hadc1          adc.o
    0x240037c0        -       0x00000014   Zero   RW           98    .bss.hdac1          dac.o
    0x240037d4        -       0x00000078   Zero   RW           83    .bss.hdma_adc1      adc.o
    0x2400384c        -       0x00000078   Zero   RW           99    .bss.hdma_dac1_ch1  dac.o
    0x240038c4        -       0x00000038   Zero   RW          123    .bss.hfmac          fmac.o
    0x240038fc        -       0x0000004c   Zero   RW          138    .bss.htim2          tim.o
    0x24003948        -       0x00000094   Zero   RW          155    .bss.huart1         usart.o
    0x240039dc        -       0x00000094   Zero   RW          156    .bss.huart3         usart.o
    0x24003a70   0x08013535   0x00000010   PAD
    0x24003a80        -       0x00000800   Zero   RW           52    .bss.iir_adc_buf    main.o
    0x24004280        -       0x00000800   Zero   RW           53    .bss.iir_dac_buf    main.o
    0x24004a80        -       0x00000800   Zero   RW           54    .bss.iir_float_buf  main.o
    0x24005280        -       0x00000400   Zero   RW           56    .bss.iir_fmac_input  main.o
    0x24005680        -       0x00000400   Zero   RW           55    .bss.iir_fmac_output  main.o
    0x24005a80        -       0x00000004   Zero   RW          947    .bss.uwTick         stm32h7xx_hal.o
    0x24005a84   0x08013535   0x00000004   PAD
    0x24005a88        -       0x00000400   Zero   RW            1    STACK               startup_stm32h723xx.o


==============================================================================

Image component sizes


      Code (inc. data)   RO Data    RW Data    ZI Data      Debug   Object Name

       408          0          0          0        232       9556   adc.o
       262          0          0          0        140       6565   dac.o
        68          0          0          0          0       5402   dma.o
       120          0          0          0         56       5444   fmac.o
        86          0          0          0          0       2281   gpio.o
     37150        572        569          1      22304     108540   main.o
        44         12        716          0       1024        844   startup_stm32h723xx.o
       258          0          0          8          4      16005   stm32h7xx_hal.o
      4086         12          0          0          0      32005   stm32h7xx_hal_adc.o
       400          0          0          0          0      32444   stm32h7xx_hal_adc_ex.o
       354          0          0          0          0      12423   stm32h7xx_hal_cortex.o
       794          0          0          0          0       9452   stm32h7xx_hal_dac.o
        52          0          0          0          0       9651   stm32h7xx_hal_dac_ex.o
      8694         98          0          0          0      18230   stm32h7xx_hal_dma.o
      3476          0          0          0          0      20744   stm32h7xx_hal_fmac.o
       422          0          0          0          0       7020   stm32h7xx_hal_gpio.o
        32          0          0          0          0       2228   stm32h7xx_hal_msp.o
        76          0          0          0          0       9743   stm32h7xx_hal_pwr_ex.o
      2472         24          0          0          0      11684   stm32h7xx_hal_rcc.o
      5086        246          0          0          0      20073   stm32h7xx_hal_rcc_ex.o
      1248          0          0          0          0      67559   stm32h7xx_hal_tim.o
       222          0          0          0          0      27276   stm32h7xx_hal_tim_ex.o
      8616        332         36          0          0      43790   stm32h7xx_hal_uart.o
       340          0         16          0          0      11576   stm32h7xx_hal_uart_ex.o
        56          0          0          0          0       5006   stm32h7xx_it.o
       254          0         16          8          0       5649   system_stm32h7xx.o
       154          0          0          0         76       6711   tim.o
       486          0          0          0        296       8833   usart.o

    ----------------------------------------------------------------------
     76228       1308       1388         20      24176     516734   Object Totals
         0          0         32          0          0          0   (incl. Generated)
       512         12          3          3         44          0   (incl. Padding)

    ----------------------------------------------------------------------

      Code (inc. data)   RO Data    RW Data    ZI Data      Debug   Library Member Name

       336         56          0          0          0        136   cosf.o
        38          0          0          0          0        116   fpclassifyf.o
        38         12          0          0          0        348   funder.o
       340         24         32          0          0        160   rredf.o
       400         56          0          0          0        212   sinf.o
         0          0          0          0          0          0   entry.o
         0          0          0          0          0          0   entry10a.o
         0          0          0          0          0          0   entry11a.o
         8          4          0          0          0          0   entry2.o
         4          0          0          0          0          0   entry5.o
         0          0          0          0          0          0   entry7b.o
         0          0          0          0          0          0   entry8b.o
         8          4          0          0          0          0   entry9a.o
        12          6          0          4          0         68   errno.o
        30          0          0          0          0          0   handlers.o
        48         10          0          0          0         68   init.o
         0          0          0          0          0          0   iusefp.o
        30          0          0          0          0         68   llshl.o
        32          0          0          0          0         68   llushr.o
        36          0          0          0          0        108   memseta.o
        98          0          0          0          0         92   uldiv.o

    ----------------------------------------------------------------------
      1464        172         32          4          0       1444   Library Totals
         6          0          0          0          0          0   (incl. Padding)

    ----------------------------------------------------------------------

      Code (inc. data)   RO Data    RW Data    ZI Data      Debug   Library Name

      1152        148         32          0          0        972   m_wv.l
       306         24          0          4          0        472   mc_w.l

    ----------------------------------------------------------------------
      1464        172         32          4          0       1444   Library Totals

    ----------------------------------------------------------------------

==============================================================================


      Code (inc. data)   RO Data    RW Data    ZI Data      Debug   

     77692       1480       1420         24      24176     517158   Grand Totals
     77692       1480       1420         24      24176     517158   ELF Image Totals
     77692       1480       1420         24          0          0   ROM Totals

==============================================================================

    Total RO  Size (Code + RO Data)                79112 (  77.26kB)
    Total RW  Size (RW Data + ZI Data)             24200 (  23.63kB)
    Total ROM Size (Code + RO Data + RW Data)      79136 (  77.28kB)

==============================================================================

