Component: Arm Compiler for Embedded 6.24 Tool: armlink [5f371500]

==============================================================================

Section Cross References

    startup_stm32h723xx.o(RESET) refers to startup_stm32h723xx.o(STACK) for __initial_sp
    startup_stm32h723xx.o(RESET) refers to startup_stm32h723xx.o(.text) for Reset_Handler
    startup_stm32h723xx.o(RESET) refers to stm32h7xx_it.o(.text.NMI_Handler) for NMI_Handler
    startup_stm32h723xx.o(RESET) refers to stm32h7xx_it.o(.text.HardFault_Handler) for HardFault_Handler
    startup_stm32h723xx.o(RESET) refers to stm32h7xx_it.o(.text.MemManage_Handler) for MemManage_Handler
    startup_stm32h723xx.o(RESET) refers to stm32h7xx_it.o(.text.BusFault_Handler) for BusFault_Handler
    startup_stm32h723xx.o(RESET) refers to stm32h7xx_it.o(.text.UsageFault_Handler) for UsageFault_Handler
    startup_stm32h723xx.o(RESET) refers to stm32h7xx_it.o(.text.SVC_Handler) for SVC_Handler
    startup_stm32h723xx.o(RESET) refers to stm32h7xx_it.o(.text.DebugMon_Handler) for DebugMon_Handler
    startup_stm32h723xx.o(RESET) refers to stm32h7xx_it.o(.text.PendSV_Handler) for PendSV_Handler
    startup_stm32h723xx.o(RESET) refers to stm32h7xx_it.o(.text.SysTick_Handler) for SysTick_Handler
    startup_stm32h723xx.o(RESET) refers to stm32h7xx_it.o(.text.DMA1_Stream0_IRQHandler) for DMA1_Stream0_IRQHandler
    startup_stm32h723xx.o(RESET) refers to stm32h7xx_it.o(.text.DMA1_Stream1_IRQHandler) for DMA1_Stream1_IRQHandler
    startup_stm32h723xx.o(RESET) refers to stm32h7xx_it.o(.text.USART1_IRQHandler) for USART1_IRQHandler
    startup_stm32h723xx.o(RESET) refers to stm32h7xx_it.o(.text.USART3_IRQHandler) for USART3_IRQHandler
    startup_stm32h723xx.o(.text) refers to system_stm32h7xx.o(.text.ExitRun0Mode) for ExitRun0Mode
    startup_stm32h723xx.o(.text) refers to system_stm32h7xx.o(.text.SystemInit) for SystemInit
    startup_stm32h723xx.o(.text) refers to entry.o(.ARM.Collect$$$$00000000) for __main
    main.o(.text.main) refers to stm32h7xx_hal_cortex.o(.text.HAL_MPU_Disable) for HAL_MPU_Disable
    main.o(.text.main) refers to stm32h7xx_hal_cortex.o(.text.HAL_MPU_ConfigRegion) for HAL_MPU_ConfigRegion
    main.o(.text.main) refers to stm32h7xx_hal_cortex.o(.text.HAL_MPU_Enable) for HAL_MPU_Enable
    main.o(.text.main) refers to stm32h7xx_hal.o(.text.HAL_Init) for HAL_Init
    main.o(.text.main) refers to main.o(.text.SystemClock_Config) for SystemClock_Config
    main.o(.text.main) refers to gpio.o(.text.MX_GPIO_Init) for MX_GPIO_Init
    main.o(.text.main) refers to dma.o(.text.MX_DMA_Init) for MX_DMA_Init
    main.o(.text.main) refers to adc.o(.text.MX_ADC1_Init) for MX_ADC1_Init
    main.o(.text.main) refers to dac.o(.text.MX_DAC1_Init) for MX_DAC1_Init
    main.o(.text.main) refers to tim.o(.text.MX_TIM2_Init) for MX_TIM2_Init
    main.o(.text.main) refers to usart.o(.text.MX_USART1_UART_Init) for MX_USART1_UART_Init
    main.o(.text.main) refers to usart.o(.text.MX_USART3_UART_Init) for MX_USART3_UART_Init
    main.o(.text.main) refers to fmac.o(.text.MX_FMAC_Init) for MX_FMAC_Init
    main.o(.text.main) refers to rlc_app.o(.text.rlc_app_init) for rlc_app_init
    main.o(.text.main) refers to rlc_app.o(.text.rlc_app_task) for rlc_app_task
    main.o(.ARM.exidx.text.main) refers to main.o(.text.main) for [Anonymous Symbol]
    main.o(.text.SystemClock_Config) refers to memseta.o(.text) for __aeabi_memclr4
    main.o(.text.SystemClock_Config) refers to stm32h7xx_hal_pwr_ex.o(.text.HAL_PWREx_ConfigSupply) for HAL_PWREx_ConfigSupply
    main.o(.text.SystemClock_Config) refers to stm32h7xx_hal_rcc.o(.text.HAL_RCC_OscConfig) for HAL_RCC_OscConfig
    main.o(.text.SystemClock_Config) refers to stm32h7xx_hal_rcc.o(.text.HAL_RCC_ClockConfig) for HAL_RCC_ClockConfig
    main.o(.ARM.exidx.text.SystemClock_Config) refers to main.o(.text.SystemClock_Config) for [Anonymous Symbol]
    main.o(.ARM.exidx.text.Error_Handler) refers to main.o(.text.Error_Handler) for [Anonymous Symbol]
    gpio.o(.ARM.exidx.text.MX_GPIO_Init) refers to gpio.o(.text.MX_GPIO_Init) for [Anonymous Symbol]
    adc.o(.text.MX_ADC1_Init) refers to memseta.o(.text) for __aeabi_memclr4
    adc.o(.text.MX_ADC1_Init) refers to adc.o(.bss.hadc1) for hadc1
    adc.o(.text.MX_ADC1_Init) refers to stm32h7xx_hal_adc.o(.text.HAL_ADC_Init) for HAL_ADC_Init
    adc.o(.text.MX_ADC1_Init) refers to main.o(.text.Error_Handler) for Error_Handler
    adc.o(.text.MX_ADC1_Init) refers to stm32h7xx_hal_adc_ex.o(.text.HAL_ADCEx_MultiModeConfigChannel) for HAL_ADCEx_MultiModeConfigChannel
    adc.o(.text.MX_ADC1_Init) refers to stm32h7xx_hal_adc.o(.text.HAL_ADC_ConfigChannel) for HAL_ADC_ConfigChannel
    adc.o(.ARM.exidx.text.MX_ADC1_Init) refers to adc.o(.text.MX_ADC1_Init) for [Anonymous Symbol]
    adc.o(.text.HAL_ADC_MspInit) refers to memseta.o(.text) for __aeabi_memclr8
    adc.o(.text.HAL_ADC_MspInit) refers to stm32h7xx_hal_rcc_ex.o(.text.HAL_RCCEx_PeriphCLKConfig) for HAL_RCCEx_PeriphCLKConfig
[...]
    __arm_cp.1_60                            0x0800b514   Number         4  rlc_filter.o(.text.rlc_filter_start_learning)
    __arm_cp.1_61                            0x0800c18c   Number         4  rlc_filter.o(.text.rlc_filter_start_learning)
    __arm_cp.1_64                            0x0800c198   Number         4  rlc_filter.o(.text.rlc_filter_start_learning)
    __arm_cp.1_65                            0x0800c19c   Number         4  rlc_filter.o(.text.rlc_filter_start_learning)
    __arm_cp.1_66                            0x0800c264   Number         4  rlc_filter.o(.text.rlc_filter_start_learning)
    __arm_cp.1_69                            0x0800c270   Number         4  rlc_filter.o(.text.rlc_filter_start_learning)
    __arm_cp.1_86                            0x0800c41c   Number         4  rlc_filter.o(.text.rlc_filter_start_learning)
    __arm_cp.1_72                            0x0800c4ac   Number         4  rlc_filter.o(.text.rlc_filter_start_learning)
    __arm_cp.1_73                            0x0800c4b0   Number         4  rlc_filter.o(.text.rlc_filter_start_learning)
    __arm_cp.1_74                            0x0800c4b4   Number         4  rlc_filter.o(.text.rlc_filter_start_learning)
    __arm_cp.1_75                            0x0800c4b8   Number         4  rlc_filter.o(.text.rlc_filter_start_learning)
    __arm_cp.1_76                            0x0800c4bc   Number         4  rlc_filter.o(.text.rlc_filter_start_learning)
    __arm_cp.1_77                            0x0800c4c0   Number         4  rlc_filter.o(.text.rlc_filter_start_learning)
    __arm_cp.1_79                            0x0800c844   Number         4  rlc_filter.o(.text.rlc_filter_start_learning)
    __arm_cp.1_80                            0x0800c848   Number         4  rlc_filter.o(.text.rlc_filter_start_learning)
    [Anonymous Symbol]                       0x0800cc30   Section        0  rlc_filter.o(.text.rlc_filter_start_realtime)
    [Anonymous Symbol]                       0x0800d2c8   Section        0  rlc_filter.o(.text.rlc_filter_stop_realtime)
    [Anonymous Symbol]                       0x0800d308   Section        0  rlc_filter.o(.text.rlc_filter_task)
    screen_send_curve                        0x0800d351   Thumb Code  1052  rlc_display.o(.text.screen_send_curve)
    [Anonymous Symbol]                       0x0800d350   Section        0  rlc_display.o(.text.screen_send_curve)
    sweep_atanf                              0x0800d779   Thumb Code    88  rlc_filter.o(.text.sweep_atanf)
    [Anonymous Symbol]                       0x0800d778   Section        0  rlc_filter.o(.text.sweep_atanf)
    i.__ARM_fpclassifyf                      0x0800d7d8   Section        0  fpclassifyf.o(i.__ARM_fpclassifyf)
    i.__hardfp_cosf                          0x0800d800   Section        0  cosf.o(i.__hardfp_cosf)
    i.__hardfp_log10f                        0x0800d950   Section        0  log10f.o(i.__hardfp_log10f)
    i.__hardfp_sinf                          0x0800dad0   Section        0  sinf.o(i.__hardfp_sinf)
    i.__mathlib_flt_divzero                  0x0800dc60   Section        0  funder.o(i.__mathlib_flt_divzero)
    i.__mathlib_flt_infnan                   0x0800dc74   Section        0  funder.o(i.__mathlib_flt_infnan)
    i.__mathlib_flt_invalid                  0x0800dc7c   Section        0  funder.o(i.__mathlib_flt_invalid)
    i.__mathlib_flt_underflow                0x0800dc8c   Section        0  funder.o(i.__mathlib_flt_underflow)
    i.__mathlib_rredf2                       0x0800dc9c   Section        0  rredf.o(i.__mathlib_rredf2)
    i.__scatterload_copy                     0x0800ddf0   Section       14  handlers.o(i.__scatterload_copy)
    i.__scatterload_null                     0x0800ddfe   Section        2  handlers.o(i.__scatterload_null)
    i.__scatterload_zeroinit                 0x0800de00   Section       14  handlers.o(i.__scatterload_zeroinit)
    i.__set_errno                            0x0800de10   Section        0  errno.o(i.__set_errno)
    logahi                                   0x0800de1c   Data          32  log10f.o(.constdata)
    .constdata                               0x0800de1c   Section       64  log10f.o(.constdata)
    logalo                                   0x0800de3c   Data          32  log10f.o(.constdata)
    twooverpi                                0x0800de5c   Data          32  rredf.o(.constdata)
    .constdata                               0x0800de5c   Section       32  rredf.o(.constdata)
    .Lswitch.table.UART_SetConfig.7          0x0800de7c   Data           6  stm32h7xx_hal_uart.o(.rodata..Lswitch.table.UART_SetConfig.7)
    .Lswitch.table.UART_SetConfig.9          0x0800de82   Data           6  stm32h7xx_hal_uart.o(.rodata..Lswitch.table.UART_SetConfig.9)
    UARTEx_SetNbDataToProcess.numerator      0x0800deb0   Data           8  stm32h7xx_hal_uart_ex.o(.rodata.cst8)
    [Anonymous Symbol]                       0x0800deb0   Section        0  stm32h7xx_hal_uart_ex.o(.rodata.cst8)
    UARTEx_SetNbDataToProcess.denominator    0x0800deb8   Data           8  stm32h7xx_hal_uart_ex.o(.rodata.cst8)
    screen_send_end.end_bytes                0x0800dec0   Data           3  rlc_display.o(.rodata.screen_send_end.end_bytes)
    [Anonymous Symbol]                       0x0800dec0   Section        0  rlc_display.o(.rodata.screen_send_end.end_bytes)
    .L.str.3                                 0x0800dec3   Data           2  rlc_display.o(.rodata.str1.1)
    [Anonymous Symbol]                       0x0800dec3   Section        0  rlc_display.o(.rodata.str1.1)
    .L.str.2                                 0x0800dec5   Data           2  rlc_display.o(.rodata.str1.1)
    .L.str.26                                0x0800dec7   Data          18  rlc_filter.o(.rodata.str1.1)
    [Anonymous Symbol]                       0x0800dec7   Section        0  rlc_filter.o(.rodata.str1.1)
    .L.str.1                                 0x0800ded6   Data           3  rlc_filter.o(.rodata.str1.1)
    .L.str.21                                0x0800ded9   Data          14  rlc_filter.o(.rodata.str1.1)
    .L.str.18                                0x0800dee7   Data           5  rlc_filter.o(.rodata.str1.1)
    .L.str.24                                0x0800deec   Data           5  rlc_filter.o(.rodata.str1.1)
    .L.str.22                                0x0800def1   Data           5  rlc_filter.o(.rodata.str1.1)
    .L.str.17                                0x0800def6   Data           5  rlc_filter.o(.rodata.str1.1)
    .L.str.25                                0x0800defb   Data           5  rlc_filter.o(.rodata.str1.1)
    .L.str.23                                0x0800df00   Data           5  rlc_filter.o(.rodata.str1.1)
    .L.str.16                                0x0800df05   Data          46  rlc_filter.o(.rodata.str1.1)
    .L.str.9                                 0x0800df33   Data          17  rlc_filter.o(.rodata.str1.1)
    .L.str.14                                0x0800df44   Data          13  rlc_filter.o(.rodata.str1.1)
    .L.str.11                                0x0800df51   Data           8  rlc_filter.o(.rodata.str1.1)
    .L.str.29                                0x0800df59   Data           9  rlc_filter.o(.rodata.str1.1)
    .L.str.28                                0x0800df62   Data           9  rlc_filter.o(.rodata.str1.1)
    .L.str.27                                0x0800df6b   Data           8  rlc_filter.o(.rodata.str1.1)
    _errno                                   0x24000000   Data           4  errno.o(.data)
    .data                                    0x24000000   Section        4  errno.o(.data)
    .L_MergedGlobals                         0x24000004   Data           8  stm32h7xx_hal.o(.data..L_MergedGlobals)
    [Anonymous Symbol]                       0x24000004   Section        0  stm32h7xx_hal.o(.data..L_MergedGlobals)
    .L_MergedGlobals                         0x2400000c   Data           8  system_stm32h7xx.o(.data..L_MergedGlobals)
    [Anonymous Symbol]                       0x2400000c   Section        0  system_stm32h7xx.o(.data..L_MergedGlobals)
    debug_enabled                            0x24000014   Data           1  rlc_display.o(.data.debug_enabled)
    [Anonymous Symbol]                       0x24000014   Section        0  rlc_display.o(.data.debug_enabled)
    fit_model                                0x24000018   Data           4  rlc_filter.o(.data.fit_model)
    [Anonymous Symbol]                       0x24000018   Section        0  rlc_filter.o(.data.fit_model)
    .L_MergedGlobals                         0x24000020   Data          16  rlc_display.o(.bss..L_MergedGlobals)
    uart1_start2_match                       0x24000020   Data           1  rlc_display.o(.bss..L_MergedGlobals)
    [Anonymous Symbol]                       0x24000020   Section        0  rlc_display.o(.bss..L_MergedGlobals)
    screen_learn_match                       0x24000021   Data           1  rlc_display.o(.bss..L_MergedGlobals)
    screen_filter_match                      0x24000022   Data           1  rlc_display.o(.bss..L_MergedGlobals)
    start_learn_requested                    0x24000023   Data           1  rlc_display.o(.bss..L_MergedGlobals)
    start_filter_requested                   0x24000024   Data           1  rlc_display.o(.bss..L_MergedGlobals)
    uart1_rx_byte                            0x24000025   Data           1  rlc_display.o(.bss..L_MergedGlobals)
    screen_rx_byte                           0x24000026   Data           1  rlc_display.o(.bss..L_MergedGlobals)
    curve_sent_count                         0x24000028   Data           4  rlc_display.o(.bss..L_MergedGlobals)
    curve_total_points                       0x2400002c   Data           4  rlc_display.o(.bss..L_MergedGlobals)
    .L_MergedGlobals                         0x24000030   Data         116  rlc_filter.o(.bss..L_MergedGlobals)
    iir_running                              0x24000030   Data           1  rlc_filter.o(.bss..L_MergedGlobals)
    [Anonymous Symbol]                       0x24000030   Section        0  rlc_filter.o(.bss..L_MergedGlobals)
    fit_model_valid                          0x24000031   Data           1  rlc_filter.o(.bss..L_MergedGlobals)
    iir_process_flags                        0x24000032   Data           1  rlc_filter.o(.bss..L_MergedGlobals)
    iir_overrun                              0x24000033   Data           1  rlc_filter.o(.bss..L_MergedGlobals)
    adc_done                                 0x24000034   Data           1  rlc_filter.o(.bss..L_MergedGlobals)
    adc_error                                0x24000035   Data           1  rlc_filter.o(.bss..L_MergedGlobals)
    iir_coeff_valid                          0x24000036   Data           1  rlc_filter.o(.bss..L_MergedGlobals)
    iir_adc_min                              0x24000038   Data           2  rlc_filter.o(.bss..L_MergedGlobals)
    iir_adc_max                              0x2400003a   Data           2  rlc_filter.o(.bss..L_MergedGlobals)
    iir_dac_min                              0x2400003c   Data           2  rlc_filter.o(.bss..L_MergedGlobals)
    iir_dac_max                              0x2400003e   Data           2  rlc_filter.o(.bss..L_MergedGlobals)
    iir_full_irq_count                       0x24000040   Data           4  rlc_filter.o(.bss..L_MergedGlobals)
    iir_half_irq_count                       0x24000044   Data           4  rlc_filter.o(.bss..L_MergedGlobals)
    dac_rounds                               0x24000048   Data           4  rlc_filter.o(.bss..L_MergedGlobals)
    iir_dac_full_irq_count                   0x2400004c   Data           4  rlc_filter.o(.bss..L_MergedGlobals)
    iir_dac_half_irq_count                   0x24000050   Data           4  rlc_filter.o(.bss..L_MergedGlobals)
    iir_dac_error_count                      0x24000054   Data           4  rlc_filter.o(.bss..L_MergedGlobals)
    fit_count                                0x24000058   Data           4  rlc_filter.o(.bss..L_MergedGlobals)
    sweep_cycles_per_record                  0x2400005c   Data           4  rlc_filter.o(.bss..L_MergedGlobals)
    fit_n2                                   0x24000060   Data           4  rlc_filter.o(.bss..L_MergedGlobals)
    fit_n1                                   0x24000064   Data           4  rlc_filter.o(.bss..L_MergedGlobals)
    fit_n0                                   0x24000068   Data           4  rlc_filter.o(.bss..L_MergedGlobals)
    iir_b0                                   0x2400006c   Data           4  rlc_filter.o(.bss..L_MergedGlobals)
    iir_b1                                   0x24000070   Data           4  rlc_filter.o(.bss..L_MergedGlobals)
    iir_b2                                   0x24000074   Data           4  rlc_filter.o(.bss..L_MergedGlobals)
    iir_a1                                   0x24000078   Data           4  rlc_filter.o(.bss..L_MergedGlobals)
    iir_a2                                   0x2400007c   Data           4  rlc_filter.o(.bss..L_MergedGlobals)
    iir_fmac_error_count                     0x24000080   Data           4  rlc_filter.o(.bss..L_MergedGlobals)
    iir_processed_count                      0x24000084   Data           4  rlc_filter.o(.bss..L_MergedGlobals)
    iir_biquad                               0x24000088   Data          12  rlc_filter.o(.bss..L_MergedGlobals)
    iir_state                                0x24000094   Data          16  rlc_filter.o(.bss..L_MergedGlobals)
    adc_buf                                  0x240000c0   Data        6000  rlc_filter.o(.bss.adc_buf)
    [Anonymous Symbol]                       0x240000c0   Section        0  rlc_filter.o(.bss.adc_buf)
    app_state                                0x24001830   Data           1  rlc_app.o(.bss.app_state)
    [Anonymous Symbol]                       0x24001830   Section        0  rlc_app.o(.bss.app_state)
    dac_wave                                 0x24001840   Data        2000  rlc_filter.o(.bss.dac_wave)
    [Anonymous Symbol]                       0x24001840   Section        0  rlc_filter.o(.bss.dac_wave)
    fit_freq_hz                              0x24002010   Data        1984  rlc_filter.o(.bss.fit_freq_hz)
    [Anonymous Symbol]                       0x24002010   Section        0  rlc_filter.o(.bss.fit_freq_hz)
    fit_mag                                  0x240027d0   Data        1984  rlc_filter.o(.bss.fit_mag)
    [Anonymous Symbol]                       0x240027d0   Section        0  rlc_filter.o(.bss.fit_mag)
    fit_phase_deg                            0x24002f90   Data        1984  rlc_filter.o(.bss.fit_phase_deg)
    [Anonymous Symbol]                       0x24002f90   Section        0  rlc_filter.o(.bss.fit_phase_deg)
    iir_adc_buf                              0x24003a80   Data        2048  rlc_filter.o(.bss.iir_adc_buf)
    [Anonymous Symbol]                       0x24003a80   Section        0  rlc_filter.o(.bss.iir_adc_buf)
    iir_coeffs                               0x24004280   Data          20  rlc_filter.o(.bss.iir_coeffs)
    [Anonymous Symbol]                       0x24004280   Section        0  rlc_filter.o(.bss.iir_coeffs)
    iir_dac_buf                              0x240042a0   Data        2048  rlc_filter.o(.bss.iir_dac_buf)
    [Anonymous Symbol]                       0x240042a0   Section        0  rlc_filter.o(.bss.iir_dac_buf)
    iir_float_buf                            0x24004aa0   Data        2048  rlc_filter.o(.bss.iir_float_buf)
    [Anonymous Symbol]                       0x24004aa0   Section        0  rlc_filter.o(.bss.iir_float_buf)
    STACK                                    0x240052a8   Section     1024  startup_stm32h723xx.o(STACK)

    Global Symbols

    Symbol Name                              Value     Ov Type        Size  Object(Section)

    BuildAttributes$$THM_ISAv4$E$P$D$K$B$S$7EM$VFPv5_D16$PE$PLD8$A:L22UL41UL21$X:L11$S22US41US21$IEEE1$IW$~IW$USESV6$~STKCKD$USESV7$~SHL$OTIME$ROPI$IEEEX$EBA8$MICROLIB$REQ8$PRES8$EABIv2 0x00000000   Number         0  anon$$obj.o ABSOLUTE
    __cpp_initialize__aeabi_                  - Undefined Weak Reference
    __cxa_finalize                            - Undefined Weak Reference
    __decompress                              - Undefined Weak Reference
    _clock_init                               - Undefined Weak Reference
    _microlib_exit                            - Undefined Weak Reference
    __Vectors_Size                           0x000002cc   Number         0  startup_stm32h723xx.o ABSOLUTE
    __Vectors                                0x08000000   Data           4  startup_stm32h723xx.o(RESET)
    __Vectors_End                            0x080002cc   Data           0  startup_stm32h723xx.o(RESET)
    __main                                   0x080002cd   Thumb Code     0  entry.o(.ARM.Collect$$$$00000000)
    _main_stk                                0x080002cd   Thumb Code     0  entry2.o(.ARM.Collect$$$$00000001)
    _main_scatterload                        0x080002d1   Thumb Code     0  entry5.o(.ARM.Collect$$$$00000004)
    __main_after_scatterload                 0x080002d5   Thumb Code     0  entry5.o(.ARM.Collect$$$$00000004)
    _main_clock                              0x080002d5   Thumb Code     0  entry7b.o(.ARM.Collect$$$$00000008)
    _main_cpp_init                           0x080002d5   Thumb Code     0  entry8b.o(.ARM.Collect$$$$0000000A)
    _main_init                               0x080002d5   Thumb Code     0  entry9a.o(.ARM.Collect$$$$0000000B)
    __rt_final_cpp                           0x080002dd   Thumb Code     0  entry10a.o(.ARM.Collect$$$$0000000D)
    __rt_final_exit                          0x080002dd   Thumb Code     0  entry11a.o(.ARM.Collect$$$$0000000F)
    Reset_Handler                            0x080002e1   Thumb Code    12  startup_stm32h723xx.o(.text)
    ADC3_IRQHandler                          0x080002ff   Thumb Code     0  startup_stm32h723xx.o(.text)
    ADC_IRQHandler                           0x080002ff   Thumb Code     0  startup_stm32h723xx.o(.text)
    BDMA_Channel0_IRQHandler                 0x080002ff   Thumb Code     0  startup_stm32h723xx.o(.text)
    BDMA_Channel1_IRQHandler                 0x080002ff   Thumb Code     0  startup_stm32h723xx.o(.text)
    BDMA_Channel2_IRQHandler                 0x080002ff   Thumb Code     0  startup_stm32h723xx.o(.text)
    BDMA_Channel3_IRQHandler                 0x080002ff   Thumb Code     0  startup_stm32h723xx.o(.text)
    BDMA_Channel4_IRQHandler                 0x080002ff   Thumb Code     0  startup_stm32h723xx.o(.text)
    BDMA_Channel5_IRQHandler                 0x080002ff   Thumb Code     0  startup_stm32h723xx.o(.text)
    BDMA_Channel6_IRQHandler                 0x080002ff   Thumb Code     0  startup_stm32h723xx.o(.text)
    BDMA_Channel7_IRQHandler                 0x080002ff   Thumb Code     0  startup_stm32h723xx.o(.text)
    CEC_IRQHandler                           0x080002ff   Thumb Code     0  startup_stm32h723xx.o(.text)
    COMP1_IRQHandler                         0x080002ff   Thumb Code     0  startup_stm32h723xx.o(.text)
    CORDIC_IRQHandler                        0x080002ff   Thumb Code     0  startup_stm32h723xx.o(.text)
    CRS_IRQHandler                           0x080002ff   Thumb Code     0  startup_stm32h723xx.o(.text)
    DCMI_PSSI_IRQHandler                     0x080002ff   Thumb Code     0  startup_stm32h723xx.o(.text)
    DFSDM1_FLT0_IRQHandler                   0x080002ff   Thumb Code     0  startup_stm32h723xx.o(.text)
    DFSDM1_FLT1_IRQHandler                   0x080002ff   Thumb Code     0  startup_stm32h723xx.o(.text)
    DFSDM1_FLT2_IRQHandler                   0x080002ff   Thumb Code     0  startup_stm32h723xx.o(.text)
    DFSDM1_FLT3_IRQHandler                   0x080002ff   Thumb Code     0  startup_stm32h723xx.o(.text)
    DMA1_Stream2_IRQHandler                  0x080002ff   Thumb Code     0  startup_stm32h723xx.o(.text)
    DMA1_Stream3_IRQHandler                  0x080002ff   Thumb Code     0  startup_stm32h723xx.o(.text)
    DMA1_Stream4_IRQHandler                  0x080002ff   Thumb Code     0  startup_stm32h723xx.o(.text)
    DMA1_Stream5_IRQHandler                  0x080002ff   Thumb Code     0  startup_stm32h723xx.o(.text)
    DMA1_Stream6_IRQHandler                  0x080002ff   Thumb Code     0  startup_stm32h723xx.o(.text)
    DMA1_Stream7_IRQHandler                  0x080002ff   Thumb Code     0  startup_stm32h723xx.o(.text)
    DMA2D_IRQHandler                         0x080002ff   Thumb Code     0  startup_stm32h723xx.o(.text)
    DMA2_Stream0_IRQHandler                  0x080002ff   Thumb Code     0  startup_stm32h723xx.o(.text)
    DMA2_Stream1_IRQHandler                  0x080002ff   Thumb Code     0  startup_stm32h723xx.o(.text)
    DMA2_Stream2_IRQHandler                  0x080002ff   Thumb Code     0  startup_stm32h723xx.o(.text)
    DMA2_Stream3_IRQHandler                  0x080002ff   Thumb Code     0  startup_stm32h723xx.o(.text)
    DMA2_Stream4_IRQHandler                  0x080002ff   Thumb Code     0  startup_stm32h723xx.o(.text)
    DMA2_Stream5_IRQHandler                  0x080002ff   Thumb Code     0  startup_stm32h723xx.o(.text)
    DMA2_Stream6_IRQHandler                  0x080002ff   Thumb Code     0  startup_stm32h723xx.o(.text)
    DMA2_Stream7_IRQHandler                  0x080002ff   Thumb Code     0  startup_stm32h723xx.o(.text)
    DMAMUX1_OVR_IRQHandler                   0x080002ff   Thumb Code     0  startup_stm32h723xx.o(.text)
    DMAMUX2_OVR_IRQHandler                   0x080002ff   Thumb Code     0  startup_stm32h723xx.o(.text)
    DTS_IRQHandler                           0x080002ff   Thumb Code     0  startup_stm32h723xx.o(.text)
    ECC_IRQHandler                           0x080002ff   Thumb Code     0  startup_stm32h723xx.o(.text)
    ETH_IRQHandler                           0x080002ff   Thumb Code     0  startup_stm32h723xx.o(.text)
    ETH_WKUP_IRQHandler                      0x080002ff   Thumb Code     0  startup_stm32h723xx.o(.text)
    EXTI0_IRQHandler                         0x080002ff   Thumb Code     0  startup_stm32h723xx.o(.text)
    EXTI15_10_IRQHandler                     0x080002ff   Thumb Code     0  startup_stm32h723xx.o(.text)
    EXTI1_IRQHandler                         0x080002ff   Thumb Code     0  startup_stm32h723xx.o(.text)
    EXTI2_IRQHandler                         0x080002ff   Thumb Code     0  startup_stm32h723xx.o(.text)
    EXTI3_IRQHandler                         0x080002ff   Thumb Code     0  startup_stm32h723xx.o(.text)
    EXTI4_IRQHandler                         0x080002ff   Thumb Code     0  startup_stm32h723xx.o(.text)
    EXTI9_5_IRQHandler                       0x080002ff   Thumb Code     0  startup_stm32h723xx.o(.text)
    FDCAN1_IT0_IRQHandler                    0x080002ff   Thumb Code     0  startup_stm32h723xx.o(.text)
    FDCAN1_IT1_IRQHandler                    0x080002ff   Thumb Code     0  startup_stm32h723xx.o(.text)
    FDCAN2_IT0_IRQHandler                    0x080002ff   Thumb Code     0  startup_stm32h723xx.o(.text)
    FDCAN2_IT1_IRQHandler                    0x080002ff   Thumb Code     0  startup_stm32h723xx.o(.text)
    FDCAN3_IT0_IRQHandler                    0x080002ff   Thumb Code     0  startup_stm32h723xx.o(.text)
    FDCAN3_IT1_IRQHandler                    0x080002ff   Thumb Code     0  startup_stm32h723xx.o(.text)
    FDCAN_CAL_IRQHandler                     0x080002ff   Thumb Code     0  startup_stm32h723xx.o(.text)
    FLASH_IRQHandler                         0x080002ff   Thumb Code     0  startup_stm32h723xx.o(.text)
    FMAC_IRQHandler                          0x080002ff   Thumb Code     0  startup_stm32h723xx.o(.text)
    FMC_IRQHandler                           0x080002ff   Thumb Code     0  startup_stm32h723xx.o(.text)
    FPU_IRQHandler                           0x080002ff   Thumb Code     0  startup_stm32h723xx.o(.text)
    HSEM1_IRQHandler                         0x080002ff   Thumb Code     0  startup_stm32h723xx.o(.text)
    I2C1_ER_IRQHandler                       0x080002ff   Thumb Code     0  startup_stm32h723xx.o(.text)
    I2C1_EV_IRQHandler                       0x080002ff   Thumb Code     0  startup_stm32h723xx.o(.text)
    I2C2_ER_IRQHandler                       0x080002ff   Thumb Code     0  startup_stm32h723xx.o(.text)
    I2C2_EV_IRQHandler                       0x080002ff   Thumb Code     0  startup_stm32h723xx.o(.text)
    I2C3_ER_IRQHandler                       0x080002ff   Thumb Code     0  startup_stm32h723xx.o(.text)
    I2C3_EV_IRQHandler                       0x080002ff   Thumb Code     0  startup_stm32h723xx.o(.text)
    I2C4_ER_IRQHandler                       0x080002ff   Thumb Code     0  startup_stm32h723xx.o(.text)
    I2C4_EV_IRQHandler                       0x080002ff   Thumb Code     0  startup_stm32h723xx.o(.text)
    I2C5_ER_IRQHandler                       0x080002ff   Thumb Code     0  startup_stm32h723xx.o(.text)
    I2C5_EV_IRQHandler                       0x080002ff   Thumb Code     0  startup_stm32h723xx.o(.text)
    LPTIM1_IRQHandler                        0x080002ff   Thumb Code     0  startup_stm32h723xx.o(.text)
    LPTIM2_IRQHandler                        0x080002ff   Thumb Code     0  startup_stm32h723xx.o(.text)
    LPTIM3_IRQHandler                        0x080002ff   Thumb Code     0  startup_stm32h723xx.o(.text)
    LPTIM4_IRQHandler                        0x080002ff   Thumb Code     0  startup_stm32h723xx.o(.text)
    LPTIM5_IRQHandler                        0x080002ff   Thumb Code     0  startup_stm32h723xx.o(.text)
    LPUART1_IRQHandler                       0x080002ff   Thumb Code     0  startup_stm32h723xx.o(.text)
    LTDC_ER_IRQHandler                       0x080002ff   Thumb Code     0  startup_stm32h723xx.o(.text)
    LTDC_IRQHandler                          0x080002ff   Thumb Code     0  startup_stm32h723xx.o(.text)
    MDIOS_IRQHandler                         0x080002ff   Thumb Code     0  startup_stm32h723xx.o(.text)
    MDIOS_WKUP_IRQHandler                    0x080002ff   Thumb Code     0  startup_stm32h723xx.o(.text)
    MDMA_IRQHandler                          0x080002ff   Thumb Code     0  startup_stm32h723xx.o(.text)
    OCTOSPI1_IRQHandler                      0x080002ff   Thumb Code     0  startup_stm32h723xx.o(.text)
    OCTOSPI2_IRQHandler                      0x080002ff   Thumb Code     0  startup_stm32h723xx.o(.text)
    OTG_HS_EP1_IN_IRQHandler                 0x080002ff   Thumb Code     0  startup_stm32h723xx.o(.text)
    OTG_HS_EP1_OUT_IRQHandler                0x080002ff   Thumb Code     0  startup_stm32h723xx.o(.text)
    OTG_HS_IRQHandler                        0x080002ff   Thumb Code     0  startup_stm32h723xx.o(.text)
    OTG_HS_WKUP_IRQHandler                   0x080002ff   Thumb Code     0  startup_stm32h723xx.o(.text)
    PVD_AVD_IRQHandler                       0x080002ff   Thumb Code     0  startup_stm32h723xx.o(.text)
    RCC_IRQHandler                           0x080002ff   Thumb Code     0  startup_stm32h723xx.o(.text)
    RNG_IRQHandler                           0x080002ff   Thumb Code     0  startup_stm32h723xx.o(.text)
    RTC_Alarm_IRQHandler                     0x080002ff   Thumb Code     0  startup_stm32h723xx.o(.text)
    RTC_WKUP_IRQHandler                      0x080002ff   Thumb Code     0  startup_stm32h723xx.o(.text)
    SAI1_IRQHandler                          0x080002ff   Thumb Code     0  startup_stm32h723xx.o(.text)
    SAI4_IRQHandler                          0x080002ff   Thumb Code     0  startup_stm32h723xx.o(.text)
    SDMMC1_IRQHandler                        0x080002ff   Thumb Code     0  startup_stm32h723xx.o(.text)
    SDMMC2_IRQHandler                        0x080002ff   Thumb Code     0  startup_stm32h723xx.o(.text)
    SPDIF_RX_IRQHandler                      0x080002ff   Thumb Code     0  startup_stm32h723xx.o(.text)
    SPI1_IRQHandler                          0x080002ff   Thumb Code     0  startup_stm32h723xx.o(.text)
    SPI2_IRQHandler                          0x080002ff   Thumb Code     0  startup_stm32h723xx.o(.text)
    SPI3_IRQHandler                          0x080002ff   Thumb Code     0  startup_stm32h723xx.o(.text)
    SPI4_IRQHandler                          0x080002ff   Thumb Code     0  startup_stm32h723xx.o(.text)
    SPI5_IRQHandler                          0x080002ff   Thumb Code     0  startup_stm32h723xx.o(.text)
    SPI6_IRQHandler                          0x080002ff   Thumb Code     0  startup_stm32h723xx.o(.text)
    SWPMI1_IRQHandler                        0x080002ff   Thumb Code     0  startup_stm32h723xx.o(.text)
    TAMP_STAMP_IRQHandler                    0x080002ff   Thumb Code     0  startup_stm32h723xx.o(.text)
    TIM15_IRQHandler                         0x080002ff   Thumb Code     0  startup_stm32h723xx.o(.text)
    TIM16_IRQHandler                         0x080002ff   Thumb Code     0  startup_stm32h723xx.o(.text)
    TIM17_IRQHandler                         0x080002ff   Thumb Code     0  startup_stm32h723xx.o(.text)
    TIM1_BRK_IRQHandler                      0x080002ff   Thumb Code     0  startup_stm32h723xx.o(.text)
    TIM1_CC_IRQHandler                       0x080002ff   Thumb Code     0  startup_stm32h723xx.o(.text)
    TIM1_TRG_COM_IRQHandler                  0x080002ff   Thumb Code     0  startup_stm32h723xx.o(.text)
    TIM1_UP_IRQHandler                       0x080002ff   Thumb Code     0  startup_stm32h723xx.o(.text)
    TIM23_IRQHandler                         0x080002ff   Thumb Code     0  startup_stm32h723xx.o(.text)
    TIM24_IRQHandler                         0x080002ff   Thumb Code     0  startup_stm32h723xx.o(.text)
    TIM2_IRQHandler                          0x080002ff   Thumb Code     0  startup_stm32h723xx.o(.text)
    TIM3_IRQHandler                          0x080002ff   Thumb Code     0  startup_stm32h723xx.o(.text)
    TIM4_IRQHandler                          0x080002ff   Thumb Code     0  startup_stm32h723xx.o(.text)
    TIM5_IRQHandler                          0x080002ff   Thumb Code     0  startup_stm32h723xx.o(.text)
    TIM6_DAC_IRQHandler                      0x080002ff   Thumb Code     0  startup_stm32h723xx.o(.text)
    TIM7_IRQHandler                          0x080002ff   Thumb Code     0  startup_stm32h723xx.o(.text)
    TIM8_BRK_TIM12_IRQHandler                0x080002ff   Thumb Code     0  startup_stm32h723xx.o(.text)
    TIM8_CC_IRQHandler                       0x080002ff   Thumb Code     0  startup_stm32h723xx.o(.text)
    TIM8_TRG_COM_TIM14_IRQHandler            0x080002ff   Thumb Code     0  startup_stm32h723xx.o(.text)
    TIM8_UP_TIM13_IRQHandler                 0x080002ff   Thumb Code     0  startup_stm32h723xx.o(.text)
    UART4_IRQHandler                         0x080002ff   Thumb Code     0  startup_stm32h723xx.o(.text)
    UART5_IRQHandler                         0x080002ff   Thumb Code     0  startup_stm32h723xx.o(.text)
    UART7_IRQHandler                         0x080002ff   Thumb Code     0  startup_stm32h723xx.o(.text)
    UART8_IRQHandler                         0x080002ff   Thumb Code     0  startup_stm32h723xx.o(.text)
    UART9_IRQHandler                         0x080002ff   Thumb Code     0  startup_stm32h723xx.o(.text)
    USART10_IRQHandler                       0x080002ff   Thumb Code     0  startup_stm32h723xx.o(.text)
    USART2_IRQHandler                        0x080002ff   Thumb Code     0  startup_stm32h723xx.o(.text)
    USART6_IRQHandler                        0x080002ff   Thumb Code     0  startup_stm32h723xx.o(.text)
    WAKEUP_PIN_IRQHandler                    0x080002ff   Thumb Code     0  startup_stm32h723xx.o(.text)
    WWDG_IRQHandler                          0x080002ff   Thumb Code     0  startup_stm32h723xx.o(.text)
    __aeabi_uldivmod                         0x0800030d   Thumb Code    98  uldiv.o(.text)
    __aeabi_memset                           0x0800036f   Thumb Code    14  memseta.o(.text)
    __aeabi_memset4                          0x0800036f   Thumb Code     0  memseta.o(.text)
    __aeabi_memset8                          0x0800036f   Thumb Code     0  memseta.o(.text)
    __aeabi_memclr                           0x0800037d   Thumb Code     4  memseta.o(.text)
    __aeabi_memclr4                          0x0800037d   Thumb Code     0  memseta.o(.text)
    __aeabi_memclr8                          0x0800037d   Thumb Code     0  memseta.o(.text)
    _memset$wrapper                          0x08000381   Thumb Code    18  memseta.o(.text)
    __aeabi_llsl                             0x08000393   Thumb Code    30  llshl.o(.text)
    _ll_shift_l                              0x08000393   Thumb Code     0  llshl.o(.text)
    __aeabi_llsr                             0x080003b1   Thumb Code    32  llushr.o(.text)
    _ll_ushift_r                             0x080003b1   Thumb Code     0  llushr.o(.text)
    __I$use$fp                               0x080003d1   Thumb Code     0  iusefp.o(.text)
    __scatterload                            0x080003d1   Thumb Code    38  init.o(.text)
    __scatterload_rt2                        0x080003d1   Thumb Code     0  init.o(.text)
    ADC_ConfigureBoostMode                   0x08000401   Thumb Code   256  stm32h7xx_hal_adc.o(.text.ADC_ConfigureBoostMode)
    ADC_ConversionStop                       0x08000501   Thumb Code   244  stm32h7xx_hal_adc.o(.text.ADC_ConversionStop)
    ADC_DMAConvCplt                          0x080005f9   Thumb Code    94  stm32h7xx_hal_adc.o(.text.ADC_DMAConvCplt)
    ADC_DMAError                             0x08000659   Thumb Code    22  stm32h7xx_hal_adc.o(.text.ADC_DMAError)
    ADC_DMAHalfConvCplt                      0x08000671   Thumb Code     6  stm32h7xx_hal_adc.o(.text.ADC_DMAHalfConvCplt)
    ADC_Disable                              0x08000679   Thumb Code   120  stm32h7xx_hal_adc.o(.text.ADC_Disable)
    ADC_Enable                               0x080006f1   Thumb Code   170  stm32h7xx_hal_adc.o(.text.ADC_Enable)
    BusFault_Handler                         0x080007a1   Thumb Code     2  stm32h7xx_it.o(.text.BusFault_Handler)
    DAC_DMAConvCpltCh1                       0x080007a9   Thumb Code    16  stm32h7xx_hal_dac.o(.text.DAC_DMAConvCpltCh1)
    DAC_DMAConvCpltCh2                       0x080007b9   Thumb Code    16  stm32h7xx_hal_dac_ex.o(.text.DAC_DMAConvCpltCh2)
    DAC_DMAErrorCh1                          0x080007c9   Thumb Code    24  stm32h7xx_hal_dac.o(.text.DAC_DMAErrorCh1)
    DAC_DMAErrorCh2                          0x080007e1   Thumb Code    24  stm32h7xx_hal_dac_ex.o(.text.DAC_DMAErrorCh2)
    DAC_DMAHalfConvCpltCh1                   0x080007f9   Thumb Code     6  stm32h7xx_hal_dac.o(.text.DAC_DMAHalfConvCpltCh1)
    DAC_DMAHalfConvCpltCh2                   0x08000801   Thumb Code     6  stm32h7xx_hal_dac_ex.o(.text.DAC_DMAHalfConvCpltCh2)
    DMA1_Stream0_IRQHandler                  0x08000809   Thumb Code    12  stm32h7xx_it.o(.text.DMA1_Stream0_IRQHandler)
    DMA1_Stream1_IRQHandler                  0x08000819   Thumb Code    12  stm32h7xx_it.o(.text.DMA1_Stream1_IRQHandler)
    DebugMon_Handler                         0x08000c59   Thumb Code     2  stm32h7xx_it.o(.text.DebugMon_Handler)
    Error_Handler                            0x08000c61   Thumb Code    10  main.o(.text.Error_Handler)
    ExitRun0Mode                             0x08000c71   Thumb Code    44  system_stm32h7xx.o(.text.ExitRun0Mode)
    HAL_ADCEx_Calibration_Start              0x08000ca1   Thumb Code   216  stm32h7xx_hal_adc_ex.o(.text.HAL_ADCEx_Calibration_Start)
    HAL_ADCEx_MultiModeConfigChannel         0x08000d79   Thumb Code   184  stm32h7xx_hal_adc_ex.o(.text.HAL_ADCEx_MultiModeConfigChannel)
    HAL_ADC_ConfigChannel                    0x08000e31   Thumb Code  1772  stm32h7xx_hal_adc.o(.text.HAL_ADC_ConfigChannel)
    HAL_ADC_ConvCpltCallback                 0x08001521   Thumb Code     4  rlc_app.o(.text.HAL_ADC_ConvCpltCallback)
    HAL_ADC_ConvHalfCpltCallback             0x08001529   Thumb Code     4  rlc_app.o(.text.HAL_ADC_ConvHalfCpltCallback)
    HAL_ADC_ErrorCallback                    0x08001531   Thumb Code     4  rlc_app.o(.text.HAL_ADC_ErrorCallback)
    HAL_ADC_GetError                         0x08001539   Thumb Code     4  stm32h7xx_hal_adc.o(.text.HAL_ADC_GetError)
    HAL_ADC_Init                             0x08001541   Thumb Code   766  stm32h7xx_hal_adc.o(.text.HAL_ADC_Init)
    HAL_ADC_MspInit                          0x08001841   Thumb Code   234  adc.o(.text.HAL_ADC_MspInit)
    HAL_ADC_Start_DMA                        0x08001931   Thumb Code   308  stm32h7xx_hal_adc.o(.text.HAL_ADC_Start_DMA)
    HAL_ADC_Stop_DMA                         0x08001a69   Thumb Code   324  stm32h7xx_hal_adc.o(.text.HAL_ADC_Stop_DMA)
    HAL_DACEx_ConvCpltCallbackCh2            0x08001bb1   Thumb Code     2  stm32h7xx_hal_dac_ex.o(.text.HAL_DACEx_ConvCpltCallbackCh2)
    HAL_DACEx_ConvHalfCpltCallbackCh2        0x08001bb9   Thumb Code     2  stm32h7xx_hal_dac_ex.o(.text.HAL_DACEx_ConvHalfCpltCallbackCh2)
    HAL_DACEx_ErrorCallbackCh2               0x08001bc1   Thumb Code     2  stm32h7xx_hal_dac_ex.o(.text.HAL_DACEx_ErrorCallbackCh2)
    HAL_DAC_ConfigChannel                    0x08001bc9   Thumb Code   372  stm32h7xx_hal_dac.o(.text.HAL_DAC_ConfigChannel)
    HAL_DAC_ConvCpltCallbackCh1              0x08001d41   Thumb Code     4  rlc_app.o(.text.HAL_DAC_ConvCpltCallbackCh1)
    HAL_DAC_ConvHalfCpltCallbackCh1          0x08001d49   Thumb Code     4  rlc_app.o(.text.HAL_DAC_ConvHalfCpltCallbackCh1)
    HAL_DAC_ErrorCallbackCh1                 0x08001d51   Thumb Code     4  rlc_app.o(.text.HAL_DAC_ErrorCallbackCh1)
    HAL_DAC_Init                             0x08001d59   Thumb Code    44  stm32h7xx_hal_dac.o(.text.HAL_DAC_Init)
    HAL_DAC_MspInit                          0x08001d89   Thumb Code   180  dac.o(.text.HAL_DAC_MspInit)
    HAL_DAC_Start_DMA                        0x08001e41   Thumb Code   240  stm32h7xx_hal_dac.o(.text.HAL_DAC_Start_DMA)
    HAL_DAC_Stop_DMA                         0x08001f31   Thumb Code    92  stm32h7xx_hal_dac.o(.text.HAL_DAC_Stop_DMA)
    HAL_DMA_Abort                            0x08001f91   Thumb Code  1318  stm32h7xx_hal_dma.o(.text.HAL_DMA_Abort)
    HAL_DMA_Abort_IT                         0x080024b9   Thumb Code   694  stm32h7xx_hal_dma.o(.text.HAL_DMA_Abort_IT)
    HAL_DMA_DeInit                           0x08002771   Thumb Code   906  stm32h7xx_hal_dma.o(.text.HAL_DMA_DeInit)
    HAL_DMA_GetError                         0x08002b01   Thumb Code     4  stm32h7xx_hal_dma.o(.text.HAL_DMA_GetError)
    HAL_DMA_IRQHandler                       0x08002b09   Thumb Code  2072  stm32h7xx_hal_dma.o(.text.HAL_DMA_IRQHandler)
    HAL_DMA_Init                             0x08003321   Thumb Code  1690  stm32h7xx_hal_dma.o(.text.HAL_DMA_Init)
    HAL_DMA_Start_IT                         0x080039c1   Thumb Code   938  stm32h7xx_hal_dma.o(.text.HAL_DMA_Start_IT)
    HAL_Delay                                0x08003d71   Thumb Code    40  stm32h7xx_hal.o(.text.HAL_Delay)
    HAL_FMAC_Init                            0x08003d99   Thumb Code   144  stm32h7xx_hal_fmac.o(.text.HAL_FMAC_Init)
    HAL_FMAC_MspInit                         0x08003e29   Thumb Code    48  fmac.o(.text.HAL_FMAC_MspInit)
    HAL_GPIO_Init                            0x08003e59   Thumb Code   422  stm32h7xx_hal_gpio.o(.text.HAL_GPIO_Init)
    HAL_GetTick                              0x08004001   Thumb Code    12  stm32h7xx_hal.o(.text.HAL_GetTick)
    HAL_IncTick                              0x08004011   Thumb Code    26  stm32h7xx_hal.o(.text.HAL_IncTick)
    HAL_Init                                 0x08004031   Thumb Code   100  stm32h7xx_hal.o(.text.HAL_Init)
    HAL_InitTick                             0x08004099   Thumb Code    80  stm32h7xx_hal.o(.text.HAL_InitTick)
    HAL_MPU_ConfigRegion                     0x080040e9   Thumb Code    94  stm32h7xx_hal_cortex.o(.text.HAL_MPU_ConfigRegion)
    HAL_MPU_Disable                          0x08004149   Thumb Code    26  stm32h7xx_hal_cortex.o(.text.HAL_MPU_Disable)
    HAL_MPU_Enable                           0x08004169   Thumb Code    32  stm32h7xx_hal_cortex.o(.text.HAL_MPU_Enable)
    HAL_MspInit                              0x08004189   Thumb Code    32  stm32h7xx_hal_msp.o(.text.HAL_MspInit)
    HAL_NVIC_EnableIRQ                       0x080041a9   Thumb Code    34  stm32h7xx_hal_cortex.o(.text.HAL_NVIC_EnableIRQ)
    HAL_NVIC_SetPriority                     0x080041d1   Thumb Code    90  stm32h7xx_hal_cortex.o(.text.HAL_NVIC_SetPriority)
    HAL_NVIC_SetPriorityGrouping             0x08004231   Thumb Code    32  stm32h7xx_hal_cortex.o(.text.HAL_NVIC_SetPriorityGrouping)
    HAL_PWREx_ConfigSupply                   0x08004251   Thumb Code    76  stm32h7xx_hal_pwr_ex.o(.text.HAL_PWREx_ConfigSupply)
    HAL_RCCEx_GetD3PCLK1Freq                 0x080042a1   Thumb Code    38  stm32h7xx_hal_rcc_ex.o(.text.HAL_RCCEx_GetD3PCLK1Freq)
    HAL_RCCEx_GetPLL1ClockFreq               0x080042c9   Thumb Code   280  stm32h7xx_hal_rcc_ex.o(.text.HAL_RCCEx_GetPLL1ClockFreq)
    HAL_RCCEx_GetPLL2ClockFreq               0x080043f9   Thumb Code   280  stm32h7xx_hal_rcc_ex.o(.text.HAL_RCCEx_GetPLL2ClockFreq)
    HAL_RCCEx_GetPLL3ClockFreq               0x08004521   Thumb Code   280  stm32h7xx_hal_rcc_ex.o(.text.HAL_RCCEx_GetPLL3ClockFreq)
    HAL_RCCEx_GetPeriphCLKFreq               0x08004649   Thumb Code   888  stm32h7xx_hal_rcc_ex.o(.text.HAL_RCCEx_GetPeriphCLKFreq)
    HAL_RCCEx_PeriphCLKConfig                0x080049c1   Thumb Code  2688  stm32h7xx_hal_rcc_ex.o(.text.HAL_RCCEx_PeriphCLKConfig)
    HAL_RCC_ClockConfig                      0x08005441   Thumb Code   596  stm32h7xx_hal_rcc.o(.text.HAL_RCC_ClockConfig)
    HAL_RCC_GetHCLKFreq                      0x08005699   Thumb Code    76  stm32h7xx_hal_rcc.o(.text.HAL_RCC_GetHCLKFreq)
    HAL_RCC_GetPCLK1Freq                     0x080056e9   Thumb Code    96  stm32h7xx_hal_rcc.o(.text.HAL_RCC_GetPCLK1Freq)
    HAL_RCC_GetPCLK2Freq                     0x08005749   Thumb Code    96  stm32h7xx_hal_rcc.o(.text.HAL_RCC_GetPCLK2Freq)
    HAL_RCC_GetSysClockFreq                  0x080057a9   Thumb Code   264  stm32h7xx_hal_rcc.o(.text.HAL_RCC_GetSysClockFreq)
    HAL_RCC_OscConfig                        0x080058c9   Thumb Code  1324  stm32h7xx_hal_rcc.o(.text.HAL_RCC_OscConfig)
    HAL_SYSTICK_Config                       0x08005df9   Thumb Code    46  stm32h7xx_hal_cortex.o(.text.HAL_SYSTICK_Config)
    HAL_TIMEx_MasterConfigSynchronization    0x08005e29   Thumb Code   222  stm32h7xx_hal_tim_ex.o(.text.HAL_TIMEx_MasterConfigSynchronization)
    HAL_TIM_Base_Init                        0x08005f09   Thumb Code    96  stm32h7xx_hal_tim.o(.text.HAL_TIM_Base_Init)
    HAL_TIM_Base_MspInit                     0x08005f69   Thumb Code    42  tim.o(.text.HAL_TIM_Base_MspInit)
    HAL_TIM_Base_Start                       0x08005f99   Thumb Code   212  stm32h7xx_hal_tim.o(.text.HAL_TIM_Base_Start)
    HAL_TIM_Base_Stop                        0x08006071   Thumb Code    52  stm32h7xx_hal_tim.o(.text.HAL_TIM_Base_Stop)
    HAL_TIM_ConfigClockSource                0x080060a9   Thumb Code   512  stm32h7xx_hal_tim.o(.text.HAL_TIM_ConfigClockSource)
    HAL_UARTEx_DisableFifoMode               0x080062a9   Thumb Code    54  stm32h7xx_hal_uart_ex.o(.text.HAL_UARTEx_DisableFifoMode)
    HAL_UARTEx_RxEventCallback               0x080062e1   Thumb Code     2  stm32h7xx_hal_uart.o(.text.HAL_UARTEx_RxEventCallback)
    HAL_UARTEx_RxFifoFullCallback            0x080062e9   Thumb Code     2  stm32h7xx_hal_uart_ex.o(.text.HAL_UARTEx_RxFifoFullCallback)
    HAL_UARTEx_SetRxFifoThreshold            0x080062f1   Thumb Code   140  stm32h7xx_hal_uart_ex.o(.text.HAL_UARTEx_SetRxFifoThreshold)
    HAL_UARTEx_SetTxFifoThreshold            0x08006381   Thumb Code   140  stm32h7xx_hal_uart_ex.o(.text.HAL_UARTEx_SetTxFifoThreshold)
    HAL_UARTEx_TxFifoEmptyCallback           0x08006411   Thumb Code     2  stm32h7xx_hal_uart_ex.o(.text.HAL_UARTEx_TxFifoEmptyCallback)
    HAL_UARTEx_WakeupCallback                0x08006419   Thumb Code     2  stm32h7xx_hal_uart_ex.o(.text.HAL_UARTEx_WakeupCallback)
    HAL_UART_AbortReceive                    0x08006421   Thumb Code   406  stm32h7xx_hal_uart.o(.text.HAL_UART_AbortReceive)
    HAL_UART_ErrorCallback                   0x080065b9   Thumb Code     4  rlc_app.o(.text.HAL_UART_ErrorCallback)
    HAL_UART_IRQHandler                      0x080065c1   Thumb Code  1674  stm32h7xx_hal_uart.o(.text.HAL_UART_IRQHandler)
    HAL_UART_Init                            0x08006c51   Thumb Code   100  stm32h7xx_hal_uart.o(.text.HAL_UART_Init)
    HAL_UART_MspInit                         0x08006cb9   Thumb Code   230  usart.o(.text.HAL_UART_MspInit)
    HAL_UART_Receive_IT                      0x08006da1   Thumb Code   172  stm32h7xx_hal_uart.o(.text.HAL_UART_Receive_IT)
    HAL_UART_RxCpltCallback                  0x08006e51   Thumb Code     4  rlc_app.o(.text.HAL_UART_RxCpltCallback)
    HAL_UART_Transmit                        0x08006e59   Thumb Code   426  stm32h7xx_hal_uart.o(.text.HAL_UART_Transmit)
    HAL_UART_TxCpltCallback                  0x08007009   Thumb Code     2  stm32h7xx_hal_uart.o(.text.HAL_UART_TxCpltCallback)
    HardFault_Handler                        0x08007011   Thumb Code     2  stm32h7xx_it.o(.text.HardFault_Handler)
    MX_ADC1_Init                             0x08007019   Thumb Code   174  adc.o(.text.MX_ADC1_Init)
    MX_DAC1_Init                             0x080070c9   Thumb Code    82  dac.o(.text.MX_DAC1_Init)
    MX_DMA_Init                              0x08007121   Thumb Code    68  dma.o(.text.MX_DMA_Init)
    MX_FMAC_Init                             0x08007169   Thumb Code    38  fmac.o(.text.MX_FMAC_Init)
    MX_GPIO_Init                             0x08007191   Thumb Code    86  gpio.o(.text.MX_GPIO_Init)
    MX_TIM2_Init                             0x080071e9   Thumb Code   112  tim.o(.text.MX_TIM2_Init)
    MX_USART1_UART_Init                      0x08007259   Thumb Code   124  usart.o(.text.MX_USART1_UART_Init)
    MX_USART3_UART_Init                      0x080072d9   Thumb Code   132  usart.o(.text.MX_USART3_UART_Init)
    MemManage_Handler                        0x08007361   Thumb Code     2  stm32h7xx_it.o(.text.MemManage_Handler)
    NMI_Handler                              0x08007369   Thumb Code     2  stm32h7xx_it.o(.text.NMI_Handler)
    PendSV_Handler                           0x08007371   Thumb Code     2  stm32h7xx_it.o(.text.PendSV_Handler)
    SVC_Handler                              0x080075c9   Thumb Code     2  stm32h7xx_it.o(.text.SVC_Handler)
    SysTick_Handler                          0x080075d1   Thumb Code     4  stm32h7xx_it.o(.text.SysTick_Handler)
    SystemClock_Config                       0x080075d9   Thumb Code   204  main.o(.text.SystemClock_Config)
    SystemInit                               0x080076a9   Thumb Code   210  system_stm32h7xx.o(.text.SystemInit)
    TIM_Base_SetConfig                       0x08007781   Thumb Code   376  stm32h7xx_hal_tim.o(.text.TIM_Base_SetConfig)
    UART_AdvFeatureConfig                    0x080078f9   Thumb Code   224  stm32h7xx_hal_uart.o(.text.UART_AdvFeatureConfig)
    UART_CheckIdleState                      0x080079d9   Thumb Code   366  stm32h7xx_hal_uart.o(.text.UART_CheckIdleState)
    UART_SetConfig                           0x08008569   Thumb Code  1176  stm32h7xx_hal_uart.o(.text.UART_SetConfig)
    UART_Start_Receive_IT                    0x08008a09   Thumb Code   628  stm32h7xx_hal_uart.o(.text.UART_Start_Receive_IT)
    UART_WaitOnFlagUntilTimeout              0x08008c81   Thumb Code   856  stm32h7xx_hal_uart.o(.text.UART_WaitOnFlagUntilTimeout)
    USART1_IRQHandler                        0x08008fd9   Thumb Code    12  stm32h7xx_it.o(.text.USART1_IRQHandler)
    USART3_IRQHandler                        0x08008fe9   Thumb Code    12  stm32h7xx_it.o(.text.USART3_IRQHandler)
    UsageFault_Handler                       0x08008ff9   Thumb Code     2  stm32h7xx_it.o(.text.UsageFault_Handler)
    arm_biquad_cascade_df1_f32               0x08009001   Thumb Code   524  rlc_filter.o(.text.arm_biquad_cascade_df1_f32)
    arm_biquad_cascade_df1_init_f32          0x08009211   Thumb Code    24  rlc_filter.o(.text.arm_biquad_cascade_df1_init_f32)
    main                                     0x08009669   Thumb Code    90  main.o(.text.main)
    rlc_app_init                             0x080096c9   Thumb Code    32  rlc_app.o(.text.rlc_app_init)
    rlc_app_task                             0x08009711   Thumb Code    86  rlc_app.o(.text.rlc_app_task)
    rlc_display_debug_print_fixed            0x08009769   Thumb Code  1096  rlc_display.o(.text.rlc_display_debug_print_fixed)
    rlc_display_debug_print_sci              0x08009bb9   Thumb Code  1620  rlc_display.o(.text.rlc_display_debug_print_sci)
    rlc_display_debug_print_uint             0x0800a221   Thumb Code   814  rlc_display.o(.text.rlc_display_debug_print_uint)
    rlc_display_debug_puts                   0x0800a551   Thumb Code    76  rlc_display.o(.text.rlc_display_debug_puts)
    rlc_display_init                         0x0800a5a1   Thumb Code   142  rlc_display.o(.text.rlc_display_init)
    rlc_display_send_filter_type             0x0800a631   Thumb Code   124  rlc_display.o(.text.rlc_display_send_filter_type)
    rlc_display_send_spectrum_point          0x0800a6c1   Thumb Code   392  rlc_display.o(.text.rlc_display_send_spectrum_point)
    rlc_display_set_debug_enabled            0x0800a871   Thumb Code    12  rlc_display.o(.text.rlc_display_set_debug_enabled)
    rlc_display_spectrum_begin               0x0800a881   Thumb Code    16  rlc_display.o(.text.rlc_display_spectrum_begin)
    rlc_display_take_start_filter            0x0800a891   Thumb Code    24  rlc_display.o(.text.rlc_display_take_start_filter)
    rlc_display_take_start_learn             0x0800a8a9   Thumb Code    24  rlc_display.o(.text.rlc_display_take_start_learn)
    rlc_display_uart_error_callback          0x0800a8c1   Thumb Code   136  rlc_display.o(.text.rlc_display_uart_error_callback)
    rlc_display_uart_rx_cplt_callback        0x0800a949   Thumb Code   228  rlc_display.o(.text.rlc_display_uart_rx_cplt_callback)
    rlc_filter_adc_conv_cplt_callback        0x0800aa51   Thumb Code    62  rlc_filter.o(.text.rlc_filter_adc_conv_cplt_callback)
    rlc_filter_adc_conv_half_cplt_callback   0x0800aa91   Thumb Code    58  rlc_filter.o(.text.rlc_filter_adc_conv_half_cplt_callback)
    rlc_filter_adc_error_callback            0x0800aad1   Thumb Code    30  rlc_filter.o(.text.rlc_filter_adc_error_callback)
    rlc_filter_dac_conv_cplt_ch1_callback    0x0800aaf1   Thumb Code    46  rlc_filter.o(.text.rlc_filter_dac_conv_cplt_ch1_callback)
    rlc_filter_dac_conv_half_cplt_ch1_callback 0x0800ab21   Thumb Code    40  rlc_filter.o(.text.rlc_filter_dac_conv_half_cplt_ch1_callback)
    rlc_filter_dac_error_ch1_callback        0x0800ab49   Thumb Code    38  rlc_filter.o(.text.rlc_filter_dac_error_ch1_callback)
    rlc_filter_init                          0x0800ab71   Thumb Code    34  rlc_filter.o(.text.rlc_filter_init)
    rlc_filter_is_running                    0x0800ab99   Thumb Code    12  rlc_filter.o(.text.rlc_filter_is_running)
    rlc_filter_start_learning                0x0800aba9   Thumb Code  8144  rlc_filter.o(.text.rlc_filter_start_learning)
    rlc_filter_start_realtime                0x0800cc31   Thumb Code  1556  rlc_filter.o(.text.rlc_filter_start_realtime)
    rlc_filter_stop_realtime                 0x0800d2c9   Thumb Code    64  rlc_filter.o(.text.rlc_filter_stop_realtime)
    rlc_filter_task                          0x0800d309   Thumb Code    70  rlc_filter.o(.text.rlc_filter_task)
    __ARM_fpclassifyf                        0x0800d7d9   Thumb Code    38  fpclassifyf.o(i.__ARM_fpclassifyf)
    __hardfp_cosf                            0x0800d801   Thumb Code   280  cosf.o(i.__hardfp_cosf)
    __hardfp_log10f                          0x0800d951   Thumb Code   332  log10f.o(i.__hardfp_log10f)
    __hardfp_sinf                            0x0800dad1   Thumb Code   344  sinf.o(i.__hardfp_sinf)
    __mathlib_flt_divzero                    0x0800dc61   Thumb Code    14  funder.o(i.__mathlib_flt_divzero)
    __mathlib_flt_infnan                     0x0800dc75   Thumb Code     6  funder.o(i.__mathlib_flt_infnan)
    __mathlib_flt_invalid                    0x0800dc7d   Thumb Code    10  funder.o(i.__mathlib_flt_invalid)
    __mathlib_flt_underflow                  0x0800dc8d   Thumb Code    10  funder.o(i.__mathlib_flt_underflow)
    __mathlib_rredf2                         0x0800dc9d   Thumb Code   316  rredf.o(i.__mathlib_rredf2)
    __scatterload_copy                       0x0800ddf1   Thumb Code    14  handlers.o(i.__scatterload_copy)
    __scatterload_null                       0x0800ddff   Thumb Code     2  handlers.o(i.__scatterload_null)
    __scatterload_zeroinit                   0x0800de01   Thumb Code    14  handlers.o(i.__scatterload_zeroinit)
    __set_errno                              0x0800de11   Thumb Code     6  errno.o(i.__set_errno)
    D1CorePrescTable                         0x0800de88   Data          16  system_stm32h7xx.o(.rodata.D1CorePrescTable)
    UARTPrescTable                           0x0800de98   Data          24  stm32h7xx_hal_uart.o(.rodata.UARTPrescTable)
    Region$$Table$$Base                      0x0800df74   Number         0  anon$$obj.o(Region$$Table)
    Region$$Table$$Limit                     0x0800df94   Number         0  anon$$obj.o(Region$$Table)
    uwTickFreq                               0x24000004   Data           1  stm32h7xx_hal.o(.data..L_MergedGlobals)
    uwTickPrio                               0x24000008   Data           4  stm32h7xx_hal.o(.data..L_MergedGlobals)
    SystemCoreClock                          0x2400000c   Data           4  system_stm32h7xx.o(.data..L_MergedGlobals)
    SystemD2Clock                            0x24000010   Data           4  system_stm32h7xx.o(.data..L_MergedGlobals)
    hadc1                                    0x24003750   Data         112  adc.o(.bss.hadc1)
    hdac1                                    0x240037c0   Data          20  dac.o(.bss.hdac1)
    hdma_adc1                                0x240037d4   Data         120  adc.o(.bss.hdma_adc1)
    hdma_dac1_ch1                            0x2400384c   Data         120  dac.o(.bss.hdma_dac1_ch1)
    hfmac                                    0x240038c4   Data          56  fmac.o(.bss.hfmac)
    htim2                                    0x240038fc   Data          76  tim.o(.bss.htim2)
    huart1                                   0x24003948   Data         148  usart.o(.bss.huart1)
    huart3                                   0x240039dc   Data         148  usart.o(.bss.huart3)
    uwTick                                   0x240052a0   Data           4  stm32h7xx_hal.o(.bss.uwTick)
    __initial_sp                             0x240056a8   Data           0  startup_stm32h723xx.o(STACK)



==============================================================================

Memory Map of the image

  Image Entry point : 0x080002cd

  Load Region LR_IROM1 (Base: 0x08000000, Size: 0x0000dfc0, Max: 0x00100000, ABSOLUTE)

    Execution Region ER_IROM1 (Exec base: 0x08000000, Load base: 0x08000000, Size: 0x0000df94, Max: 0x00100000, ABSOLUTE)

    Exec Addr    Load Addr    Size         Type   Attr      Idx    E Section Name        Object

    0x08000000   0x08000000   0x000002cc   Data   RO            3    RESET               startup_stm32h723xx.o
    0x080002cc   0x080002cc   0x00000000   Code   RO         1954  * .ARM.Collect$$$$00000000  mc_w.l(entry.o)
    0x080002cc   0x080002cc   0x00000004   Code   RO         1980    .ARM.Collect$$$$00000001  mc_w.l(entry2.o)
    0x080002d0   0x080002d0   0x00000004   Code   RO         1983    .ARM.Collect$$$$00000004  mc_w.l(entry5.o)
    0x080002d4   0x080002d4   0x00000000   Code   RO         1985    .ARM.Collect$$$$00000008  mc_w.l(entry7b.o)
    0x080002d4   0x080002d4   0x00000000   Code   RO         1987    .ARM.Collect$$$$0000000A  mc_w.l(entry8b.o)
    0x080002d4   0x080002d4   0x00000008   Code   RO         1988    .ARM.Collect$$$$0000000B  mc_w.l(entry9a.o)
    0x080002dc   0x080002dc   0x00000000   Code   RO         1990    .ARM.Collect$$$$0000000D  mc_w.l(entry10a.o)
    0x080002dc   0x080002dc   0x00000000   Code   RO         1992    .ARM.Collect$$$$0000000F  mc_w.l(entry11a.o)
    0x080002dc   0x080002dc   0x00000004   Code   RO         1981    .ARM.Collect$$$$00002712  mc_w.l(entry2.o)
    0x080002e0   0x080002e0   0x0000002c   Code   RO            4    .text               startup_stm32h723xx.o
    0x0800030c   0x0800030c   0x00000062   Code   RO         1957    .text               mc_w.l(uldiv.o)
    0x0800036e   0x0800036e   0x00000024   Code   RO         1959    .text               mc_w.l(memseta.o)
    0x08000392   0x08000392   0x0000001e   Code   RO         1994    .text               mc_w.l(llshl.o)
    0x080003b0   0x080003b0   0x00000020   Code   RO         1996    .text               mc_w.l(llushr.o)
    0x080003d0   0x080003d0   0x00000000   Code   RO         2005    .text               mc_w.l(iusefp.o)
    0x080003d0   0x080003d0   0x00000030   Code   RO         2006    .text               mc_w.l(init.o)
    0x08000400   0x08000400   0x00000100   Code   RO          288    .text.ADC_ConfigureBoostMode  stm32h7xx_hal_adc.o
    0x08000500   0x08000500   0x000000f4   Code   RO          292    .text.ADC_ConversionStop  stm32h7xx_hal_adc.o
    0x080005f4   0x080005f4   0x00000004   PAD
    0x080005f8   0x080005f8   0x0000005e   Code   RO          314    .text.ADC_DMAConvCplt  stm32h7xx_hal_adc.o
    0x08000656   0x08000656   0x00000002   PAD
    0x08000658   0x08000658   0x00000016   Code   RO          318    .text.ADC_DMAError  stm32h7xx_hal_adc.o
    0x0800066e   0x0800066e   0x00000002   PAD
    0x08000670   0x08000670   0x00000006   Code   RO          316    .text.ADC_DMAHalfConvCplt  stm32h7xx_hal_adc.o
    0x08000676   0x08000676   0x00000002   PAD
    0x08000678   0x08000678   0x00000078   Code   RO          294    .text.ADC_Disable   stm32h7xx_hal_adc.o
    0x080006f0   0x080006f0   0x000000aa   Code   RO          300    .text.ADC_Enable    stm32h7xx_hal_adc.o
    0x0800079a   0x0800079a   0x00000006   PAD
    0x080007a0   0x080007a0   0x00000002   Code   RO          129    .text.BusFault_Handler  stm32h7xx_it.o
    0x080007a2   0x080007a2   0x00000006   PAD
    0x080007a8   0x080007a8   0x00000010   Code   RO         1251    .text.DAC_DMAConvCpltCh1  stm32h7xx_hal_dac.o
    0x080007b8   0x080007b8   0x00000010   Code   RO         1293    .text.DAC_DMAConvCpltCh2  stm32h7xx_hal_dac_ex.o
    0x080007c8   0x080007c8   0x00000018   Code   RO         1255    .text.DAC_DMAErrorCh1  stm32h7xx_hal_dac.o
    0x080007e0   0x080007e0   0x00000018   Code   RO         1297    .text.DAC_DMAErrorCh2  stm32h7xx_hal_dac_ex.o
    0x080007f8   0x080007f8   0x00000006   Code   RO         1253    .text.DAC_DMAHalfConvCpltCh1  stm32h7xx_hal_dac.o
    0x080007fe   0x080007fe   0x00000002   PAD
    0x08000800   0x08000800   0x00000006   Code   RO         1295    .text.DAC_DMAHalfConvCpltCh2  stm32h7xx_hal_dac_ex.o
    0x08000806   0x08000806   0x00000002   PAD
    0x08000808   0x08000808   0x0000000c   Code   RO          141    .text.DMA1_Stream0_IRQHandler  stm32h7xx_it.o
    0x08000814   0x08000814   0x00000004   PAD
    0x08000818   0x08000818   0x0000000c   Code   RO          143    .text.DMA1_Stream1_IRQHandler  stm32h7xx_it.o
    0x08000824   0x08000824   0x00000004   PAD
    0x08000828   0x08000828   0x00000128   Code   RO          635    .text.DMA_CalcBaseAndBitshift  stm32h7xx_hal_dma.o
    0x08000950   0x08000950   0x00000308   Code   RO          641    .text.DMA_SetConfig  stm32h7xx_hal_dma.o
    0x08000c58   0x08000c58   0x00000002   Code   RO          135    .text.DebugMon_Handler  stm32h7xx_it.o
    0x08000c5a   0x08000c5a   0x00000006   PAD
    0x08000c60   0x08000c60   0x0000000a   Code   RO           15    .text.Error_Handler  main.o
    0x08000c6a   0x08000c6a   0x00000006   PAD
    0x08000c70   0x08000c70   0x0000002c   Code   RO         1924    .text.ExitRun0Mode  system_stm32h7xx.o
    0x08000c9c   0x08000c9c   0x00000004   PAD
    0x08000ca0   0x08000ca0   0x000000d8   Code   RO          350    .text.HAL_ADCEx_Calibration_Start  stm32h7xx_hal_adc_ex.o
    0x08000d78   0x08000d78   0x000000b8   Code   RO          400    .text.HAL_ADCEx_MultiModeConfigChannel  stm32h7xx_hal_adc_ex.o
    0x08000e30   0x08000e30   0x000006ec   Code   RO          334    .text.HAL_ADC_ConfigChannel  stm32h7xx_hal_adc.o
    0x0800151c   0x0800151c   0x00000004   PAD
    0x08001520   0x08001520   0x00000004   Code   RO          172    .text.HAL_ADC_ConvCpltCallback  rlc_app.o
    0x08001524   0x08001524   0x00000004   PAD
    0x08001528   0x08001528   0x00000004   Code   RO          174    .text.HAL_ADC_ConvHalfCpltCallback  rlc_app.o
    0x0800152c   0x0800152c   0x00000004   PAD
    0x08001530   0x08001530   0x00000004   Code   RO          176    .text.HAL_ADC_ErrorCallback  rlc_app.o
    0x08001534   0x08001534   0x00000004   PAD
    0x08001538   0x08001538   0x00000004   Code   RO          340    .text.HAL_ADC_GetError  stm32h7xx_hal_adc.o
    0x0800153c   0x0800153c   0x00000004   PAD
    0x08001540   0x08001540   0x000002fe   Code   RO          284    .text.HAL_ADC_Init  stm32h7xx_hal_adc.o
    0x0800183e   0x0800183e   0x00000002   PAD
    0x08001840   0x08001840   0x000000ea   Code   RO           36    .text.HAL_ADC_MspInit  adc.o
    0x0800192a   0x0800192a   0x00000006   PAD
    0x08001930   0x08001930   0x00000134   Code   RO          312    .text.HAL_ADC_Start_DMA  stm32h7xx_hal_adc.o
    0x08001a64   0x08001a64   0x00000004   PAD
    0x08001a68   0x08001a68   0x00000144   Code   RO          320    .text.HAL_ADC_Stop_DMA  stm32h7xx_hal_adc.o
    0x08001bac   0x08001bac   0x00000004   PAD
    0x08001bb0   0x08001bb0   0x00000002   Code   RO         1307    .text.HAL_DACEx_ConvCpltCallbackCh2  stm32h7xx_hal_dac_ex.o
    0x08001bb2   0x08001bb2   0x00000006   PAD
    0x08001bb8   0x08001bb8   0x00000002   Code   RO         1309    .text.HAL_DACEx_ConvHalfCpltCallbackCh2  stm32h7xx_hal_dac_ex.o
    0x08001bba   0x08001bba   0x00000006   PAD
    0x08001bc0   0x08001bc0   0x00000002   Code   RO         1311    .text.HAL_DACEx_ErrorCallbackCh2  stm32h7xx_hal_dac_ex.o
    0x08001bc2   0x08001bc2   0x00000006   PAD
    0x08001bc8   0x08001bc8   0x00000174   Code   RO         1273    .text.HAL_DAC_ConfigChannel  stm32h7xx_hal_dac.o
    0x08001d3c   0x08001d3c   0x00000004   PAD
    0x08001d40   0x08001d40   0x00000004   Code   RO          178    .text.HAL_DAC_ConvCpltCallbackCh1  rlc_app.o
    0x08001d44   0x08001d44   0x00000004   PAD
    0x08001d48   0x08001d48   0x00000004   Code   RO          180    .text.HAL_DAC_ConvHalfCpltCallbackCh1  rlc_app.o
    0x08001d4c   0x08001d4c   0x00000004   PAD
    0x08001d50   0x08001d50   0x00000004   Code   RO          182    .text.HAL_DAC_ErrorCallbackCh1  rlc_app.o
    0x08001d54   0x08001d54   0x00000004   PAD
    0x08001d58   0x08001d58   0x0000002c   Code   RO         1237    .text.HAL_DAC_Init  stm32h7xx_hal_dac.o
    0x08001d84   0x08001d84   0x00000004   PAD
    0x08001d88   0x08001d88   0x000000b4   Code   RO           52    .text.HAL_DAC_MspInit  dac.o
    0x08001e3c   0x08001e3c   0x00000004   PAD
    0x08001e40   0x08001e40   0x000000f0   Code   RO         1249    .text.HAL_DAC_Start_DMA  stm32h7xx_hal_dac.o
    0x08001f30   0x08001f30   0x0000005c   Code   RO         1257    .text.HAL_DAC_Stop_DMA  stm32h7xx_hal_dac.o
    0x08001f8c   0x08001f8c   0x00000004   PAD
    0x08001f90   0x08001f90   0x00000526   Code   RO          645    .text.HAL_DMA_Abort  stm32h7xx_hal_dma.o
    0x080024b6   0x080024b6   0x00000002   PAD
    0x080024b8   0x080024b8   0x000002b6   Code   RO          647    .text.HAL_DMA_Abort_IT  stm32h7xx_hal_dma.o
    0x0800276e   0x0800276e   0x00000002   PAD
    0x08002770   0x08002770   0x0000038a   Code   RO          637    .text.HAL_DMA_DeInit  stm32h7xx_hal_dma.o
    0x08002afa   0x08002afa   0x00000006   PAD
    0x08002b00   0x08002b00   0x00000004   Code   RO          659    .text.HAL_DMA_GetError  stm32h7xx_hal_dma.o
    0x08002b04   0x08002b04   0x00000004   PAD
    0x08002b08   0x08002b08   0x00000818   Code   RO          651    .text.HAL_DMA_IRQHandler  stm32h7xx_hal_dma.o
    0x08003320   0x08003320   0x0000069a   Code   RO          633    .text.HAL_DMA_Init  stm32h7xx_hal_dma.o
    0x080039ba   0x080039ba   0x00000006   PAD
    0x080039c0   0x080039c0   0x000003aa   Code   RO          643    .text.HAL_DMA_Start_IT  stm32h7xx_hal_dma.o
    0x08003d6a   0x08003d6a   0x00000006   PAD
    0x08003d70   0x08003d70   0x00000028   Code   RO          939    .text.HAL_Delay     stm32h7xx_hal.o
    0x08003d98   0x08003d98   0x00000090   Code   RO         1331    .text.HAL_FMAC_Init  stm32h7xx_hal_fmac.o
    0x08003e28   0x08003e28   0x00000030   Code   RO           77    .text.HAL_FMAC_MspInit  fmac.o
    0x08003e58   0x08003e58   0x000001a6   Code   RO          579    .text.HAL_GPIO_Init  stm32h7xx_hal_gpio.o
    0x08003ffe   0x08003ffe   0x00000002   PAD
    0x08004000   0x08004000   0x0000000c   Code   RO          931    .text.HAL_GetTick   stm32h7xx_hal.o
    0x0800400c   0x0800400c   0x00000004   PAD
    0x08004010   0x08004010   0x0000001a   Code   RO          929    .text.HAL_IncTick   stm32h7xx_hal.o
    0x0800402a   0x0800402a   0x00000006   PAD
    0x08004030   0x08004030   0x00000064   Code   RO          919    .text.HAL_Init      stm32h7xx_hal.o
    0x08004094   0x08004094   0x00000004   PAD
    0x08004098   0x08004098   0x00000050   Code   RO          921    .text.HAL_InitTick  stm32h7xx_hal.o
    0x080040e8   0x080040e8   0x0000005e   Code   RO          889    .text.HAL_MPU_ConfigRegion  stm32h7xx_hal_cortex.o
    0x08004146   0x08004146   0x00000002   PAD
    0x08004148   0x08004148   0x0000001a   Code   RO          881    .text.HAL_MPU_Disable  stm32h7xx_hal_cortex.o
    0x08004162   0x08004162   0x00000006   PAD
    0x08004168   0x08004168   0x00000020   Code   RO          883    .text.HAL_MPU_Enable  stm32h7xx_hal_cortex.o
    0x08004188   0x08004188   0x00000020   Code   RO          156    .text.HAL_MspInit   stm32h7xx_hal_msp.o
    0x080041a8   0x080041a8   0x00000022   Code   RO          871    .text.HAL_NVIC_EnableIRQ  stm32h7xx_hal_cortex.o
    0x080041ca   0x080041ca   0x00000006   PAD
    0x080041d0   0x080041d0   0x0000005a   Code   RO          869    .text.HAL_NVIC_SetPriority  stm32h7xx_hal_cortex.o
    0x0800422a   0x0800422a   0x00000006   PAD
    0x08004230   0x08004230   0x00000020   Code   RO          867    .text.HAL_NVIC_SetPriorityGrouping  stm32h7xx_hal_cortex.o
    0x08004250   0x08004250   0x0000004c   Code   RO          783    .text.HAL_PWREx_ConfigSupply  stm32h7xx_hal_pwr_ex.o
    0x0800429c   0x0800429c   0x00000004   PAD
    0x080042a0   0x080042a0   0x00000026   Code   RO          470    .text.HAL_RCCEx_GetD3PCLK1Freq  stm32h7xx_hal_rcc_ex.o
    0x080042c6   0x080042c6   0x00000002   PAD
    0x080042c8   0x080042c8   0x0000012c   Code   RO          464    .text.HAL_RCCEx_GetPLL1ClockFreq  stm32h7xx_hal_rcc_ex.o
    0x080043f4   0x080043f4   0x00000004   PAD
    0x080043f8   0x080043f8   0x00000128   Code   RO          466    .text.HAL_RCCEx_GetPLL2ClockFreq  stm32h7xx_hal_rcc_ex.o
    0x08004520   0x08004520   0x00000128   Code   RO          468    .text.HAL_RCCEx_GetPLL3ClockFreq  stm32h7xx_hal_rcc_ex.o
    0x08004648   0x08004648   0x00000378   Code   RO          462    .text.HAL_RCCEx_GetPeriphCLKFreq  stm32h7xx_hal_rcc_ex.o
    0x080049c0   0x080049c0   0x00000a80   Code   RO          454    .text.HAL_RCCEx_PeriphCLKConfig  stm32h7xx_hal_rcc_ex.o
    0x08005440   0x08005440   0x00000254   Code   RO          422    .text.HAL_RCC_ClockConfig  stm32h7xx_hal_rcc.o
    0x08005694   0x08005694   0x00000004   PAD
    0x08005698   0x08005698   0x0000004c   Code   RO          432    .text.HAL_RCC_GetHCLKFreq  stm32h7xx_hal_rcc.o
    0x080056e4   0x080056e4   0x00000004   PAD
    0x080056e8   0x080056e8   0x00000060   Code   RO          434    .text.HAL_RCC_GetPCLK1Freq  stm32h7xx_hal_rcc.o
    0x08005748   0x08005748   0x00000060   Code   RO          436    .text.HAL_RCC_GetPCLK2Freq  stm32h7xx_hal_rcc.o
    0x080057a8   0x080057a8   0x0000011c   Code   RO          424    .text.HAL_RCC_GetSysClockFreq  stm32h7xx_hal_rcc.o
    0x080058c4   0x080058c4   0x00000004   PAD
    0x080058c8   0x080058c8   0x0000052c   Code   RO          420    .text.HAL_RCC_OscConfig  stm32h7xx_hal_rcc.o
    0x08005df4   0x08005df4   0x00000004   PAD
    0x08005df8   0x08005df8   0x0000002e   Code   RO          879    .text.HAL_SYSTICK_Config  stm32h7xx_hal_cortex.o
    0x08005e26   0x08005e26   0x00000002   PAD
    0x08005e28   0x08005e28   0x000000de   Code   RO         1698    .text.HAL_TIMEx_MasterConfigSynchronization  stm32h7xx_hal_tim_ex.o
    0x08005f06   0x08005f06   0x00000002   PAD
    0x08005f08   0x08005f08   0x00000060   Code   RO         1403    .text.HAL_TIM_Base_Init  stm32h7xx_hal_tim.o
    0x08005f68   0x08005f68   0x0000002a   Code   RO           92    .text.HAL_TIM_Base_MspInit  tim.o
    0x08005f92   0x08005f92   0x00000006   PAD
    0x08005f98   0x08005f98   0x000000d4   Code   RO         1413    .text.HAL_TIM_Base_Start  stm32h7xx_hal_tim.o
    0x0800606c   0x0800606c   0x00000004   PAD
    0x08006070   0x08006070   0x00000034   Code   RO         1415    .text.HAL_TIM_Base_Stop  stm32h7xx_hal_tim.o
    0x080060a4   0x080060a4   0x00000004   PAD
    0x080060a8   0x080060a8   0x00000200   Code   RO         1583    .text.HAL_TIM_ConfigClockSource  stm32h7xx_hal_tim.o
    0x080062a8   0x080062a8   0x00000036   Code   RO         1897    .text.HAL_UARTEx_DisableFifoMode  stm32h7xx_hal_uart_ex.o
    0x080062de   0x080062de   0x00000002   PAD
    0x080062e0   0x080062e0   0x00000002   Code   RO         1824    .text.HAL_UARTEx_RxEventCallback  stm32h7xx_hal_uart.o
    0x080062e2   0x080062e2   0x00000006   PAD
    0x080062e8   0x080062e8   0x00000002   Code   RO         1883    .text.HAL_UARTEx_RxFifoFullCallback  stm32h7xx_hal_uart_ex.o
    0x080062ea   0x080062ea   0x00000006   PAD
    0x080062f0   0x080062f0   0x0000008c   Code   RO         1901    .text.HAL_UARTEx_SetRxFifoThreshold  stm32h7xx_hal_uart_ex.o
    0x0800637c   0x0800637c   0x00000004   PAD
    0x08006380   0x08006380   0x0000008c   Code   RO         1899    .text.HAL_UARTEx_SetTxFifoThreshold  stm32h7xx_hal_uart_ex.o
    0x0800640c   0x0800640c   0x00000004   PAD
    0x08006410   0x08006410   0x00000002   Code   RO         1885    .text.HAL_UARTEx_TxFifoEmptyCallback  stm32h7xx_hal_uart_ex.o
    0x08006412   0x08006412   0x00000006   PAD
    0x08006418   0x08006418   0x00000002   Code   RO         1881    .text.HAL_UARTEx_WakeupCallback  stm32h7xx_hal_uart_ex.o
    0x0800641a   0x0800641a   0x00000006   PAD
    0x08006420   0x08006420   0x00000196   Code   RO         1796    .text.HAL_UART_AbortReceive  stm32h7xx_hal_uart.o
    0x080065b6   0x080065b6   0x00000002   PAD
    0x080065b8   0x080065b8   0x00000004   Code   RO          170    .text.HAL_UART_ErrorCallback  rlc_app.o
    0x080065bc   0x080065bc   0x00000004   PAD
    0x080065c0   0x080065c0   0x0000068a   Code   RO         1818    .text.HAL_UART_IRQHandler  stm32h7xx_hal_uart.o
    0x08006c4a   0x08006c4a   0x00000006   PAD
    0x08006c50   0x08006c50   0x00000064   Code   RO         1734    .text.HAL_UART_Init  stm32h7xx_hal_uart.o
    0x08006cb4   0x08006cb4   0x00000004   PAD
    0x08006cb8   0x08006cb8   0x000000e6   Code   RO          109    .text.HAL_UART_MspInit  usart.o
    0x08006d9e   0x08006d9e   0x00000002   PAD
    0x08006da0   0x08006da0   0x000000ac   Code   RO         1770    .text.HAL_UART_Receive_IT  stm32h7xx_hal_uart.o
    0x08006e4c   0x08006e4c   0x00000004   PAD
    0x08006e50   0x08006e50   0x00000004   Code   RO          168    .text.HAL_UART_RxCpltCallback  rlc_app.o
    0x08006e54   0x08006e54   0x00000004   PAD
    0x08006e58   0x08006e58   0x000001aa   Code   RO         1754    .text.HAL_UART_Transmit  stm32h7xx_hal_uart.o
    0x08007002   0x08007002   0x00000006   PAD
    0x08007008   0x08007008   0x00000002   Code   RO         1826    .text.HAL_UART_TxCpltCallback  stm32h7xx_hal_uart.o
    0x0800700a   0x0800700a   0x00000006   PAD
    0x08007010   0x08007010   0x00000002   Code   RO          125    .text.HardFault_Handler  stm32h7xx_it.o
    0x08007012   0x08007012   0x00000006   PAD
    0x08007018   0x08007018   0x000000ae   Code   RO           34    .text.MX_ADC1_Init  adc.o
    0x080070c6   0x080070c6   0x00000002   PAD
    0x080070c8   0x080070c8   0x00000052   Code   RO           50    .text.MX_DAC1_Init  dac.o
    0x0800711a   0x0800711a   0x00000006   PAD
    0x08007120   0x08007120   0x00000044   Code   RO           66    .text.MX_DMA_Init   dma.o
    0x08007164   0x08007164   0x00000004   PAD
    0x08007168   0x08007168   0x00000026   Code   RO           75    .text.MX_FMAC_Init  fmac.o
    0x0800718e   0x0800718e   0x00000002   PAD
    0x08007190   0x08007190   0x00000056   Code   RO           26    .text.MX_GPIO_Init  gpio.o
    0x080071e6   0x080071e6   0x00000002   PAD
    0x080071e8   0x080071e8   0x00000070   Code   RO           90    .text.MX_TIM2_Init  tim.o
    0x08007258   0x08007258   0x0000007c   Code   RO          105    .text.MX_USART1_UART_Init  usart.o
    0x080072d4   0x080072d4   0x00000004   PAD
    0x080072d8   0x080072d8   0x00000084   Code   RO          107    .text.MX_USART3_UART_Init  usart.o
    0x0800735c   0x0800735c   0x00000004   PAD
    0x08007360   0x08007360   0x00000002   Code   RO          127    .text.MemManage_Handler  stm32h7xx_it.o
    0x08007362   0x08007362   0x00000006   PAD
    0x08007368   0x08007368   0x00000002   Code   RO          123    .text.NMI_Handler   stm32h7xx_it.o
    0x0800736a   0x0800736a   0x00000006   PAD
    0x08007370   0x08007370   0x00000002   Code   RO          137    .text.PendSV_Handler  stm32h7xx_it.o
    0x08007372   0x08007372   0x00000006   PAD
    0x08007378   0x08007378   0x00000122   Code   RO          456    .text.RCCEx_PLL2_Config  stm32h7xx_hal_rcc_ex.o
    0x0800749a   0x0800749a   0x00000006   PAD
    0x080074a0   0x080074a0   0x00000122   Code   RO          458    .text.RCCEx_PLL3_Config  stm32h7xx_hal_rcc_ex.o
    0x080075c2   0x080075c2   0x00000006   PAD
    0x080075c8   0x080075c8   0x00000002   Code   RO          133    .text.SVC_Handler   stm32h7xx_it.o
    0x080075ca   0x080075ca   0x00000006   PAD
    0x080075d0   0x080075d0   0x00000004   Code   RO          139    .text.SysTick_Handler  stm32h7xx_it.o
    0x080075d4   0x080075d4   0x00000004   PAD
    0x080075d8   0x080075d8   0x000000cc   Code   RO           13    .text.SystemClock_Config  main.o
    0x080076a4   0x080076a4   0x00000004   PAD
    0x080076a8   0x080076a8   0x000000d2   Code   RO         1920    .text.SystemInit    system_stm32h7xx.o
    0x0800777a   0x0800777a   0x00000006   PAD
    0x08007780   0x08007780   0x00000178   Code   RO         1407    .text.TIM_Base_SetConfig  stm32h7xx_hal_tim.o
    0x080078f8   0x080078f8   0x000000e0   Code   RO         1738    .text.UART_AdvFeatureConfig  stm32h7xx_hal_uart.o
    0x080079d8   0x080079d8   0x0000016e   Code   RO         1742    .text.UART_CheckIdleState  stm32h7xx_hal_uart.o
    0x08007b46   0x08007b46   0x00000002   PAD
    0x08007b48   0x08007b48   0x0000000c   Code   RO         1820    .text.UART_DMAAbortOnError  stm32h7xx_hal_uart.o
    0x08007b54   0x08007b54   0x00000004   PAD
    0x08007b58   0x08007b58   0x000001c4   Code   RO         1860    .text.UART_RxISR_16BIT  stm32h7xx_hal_uart.o
    0x08007d1c   0x08007d1c   0x00000004   PAD
    0x08007d20   0x08007d20   0x0000033a   Code   RO         1856    .text.UART_RxISR_16BIT_FIFOEN  stm32h7xx_hal_uart.o
    0x0800805a   0x0800805a   0x00000006   PAD
    0x08008060   0x08008060   0x000001c8   Code   RO         1862    .text.UART_RxISR_8BIT  stm32h7xx_hal_uart.o
    0x08008228   0x08008228   0x0000033e   Code   RO         1858    .text.UART_RxISR_8BIT_FIFOEN  stm32h7xx_hal_uart.o
    0x08008566   0x08008566   0x00000002   PAD
    0x08008568   0x08008568   0x000004a0   Code   RO         1740    .text.UART_SetConfig  stm32h7xx_hal_uart.o
    0x08008a08   0x08008a08   0x00000274   Code   RO         1772    .text.UART_Start_Receive_IT  stm32h7xx_hal_uart.o
    0x08008c7c   0x08008c7c   0x00000004   PAD
    0x08008c80   0x08008c80   0x00000358   Code   RO         1756    .text.UART_WaitOnFlagUntilTimeout  stm32h7xx_hal_uart.o
    0x08008fd8   0x08008fd8   0x0000000c   Code   RO          145    .text.USART1_IRQHandler  stm32h7xx_it.o
    0x08008fe4   0x08008fe4   0x00000004   PAD
    0x08008fe8   0x08008fe8   0x0000000c   Code   RO          147    .text.USART3_IRQHandler  stm32h7xx_it.o
    0x08008ff4   0x08008ff4   0x00000004   PAD
    0x08008ff8   0x08008ff8   0x00000002   Code   RO          131    .text.UsageFault_Handler  stm32h7xx_it.o
    0x08008ffa   0x08008ffa   0x00000006   PAD
    0x08009000   0x08009000   0x0000020c   Code   RO          246    .text.arm_biquad_cascade_df1_f32  rlc_filter.o
    0x0800920c   0x0800920c   0x00000004   PAD
    0x08009210   0x08009210   0x00000018   Code   RO          244    .text.arm_biquad_cascade_df1_init_f32  rlc_filter.o
    0x08009228   0x08009228   0x0000043c   Code   RO          262    .text.iir_process_block  rlc_filter.o
    0x08009664   0x08009664   0x00000004   PAD
    0x08009668   0x08009668   0x0000005a   Code   RO           11    .text.main          main.o
    0x080096c2   0x080096c2   0x00000006   PAD
    0x080096c8   0x080096c8   0x00000048   Code   RO          164    .text.rlc_app_init  rlc_app.o
    0x08009710   0x08009710   0x00000056   Code   RO          166    .text.rlc_app_task  rlc_app.o
    0x08009766   0x08009766   0x00000002   PAD
    0x08009768   0x08009768   0x0000044c   Code   RO          212    .text.rlc_display_debug_print_fixed  rlc_display.o
    0x08009bb4   0x08009bb4   0x00000004   PAD
    0x08009bb8   0x08009bb8   0x00000668   Code   RO          214    .text.rlc_display_debug_print_sci  rlc_display.o
    0x0800a220   0x0800a220   0x0000032e   Code   RO          210    .text.rlc_display_debug_print_uint  rlc_display.o
    0x0800a54e   0x0800a54e   0x00000002   PAD
    0x0800a550   0x0800a550   0x0000004c   Code   RO          208    .text.rlc_display_debug_puts  rlc_display.o
    0x0800a59c   0x0800a59c   0x00000004   PAD
    0x0800a5a0   0x0800a5a0   0x0000008e   Code   RO          192    .text.rlc_display_init  rlc_display.o
    0x0800a62e   0x0800a62e   0x00000002   PAD
    0x0800a630   0x0800a630   0x0000008c   Code   RO          206    .text.rlc_display_send_filter_type  rlc_display.o
    0x0800a6bc   0x0800a6bc   0x00000004   PAD
    0x0800a6c0   0x0800a6c0   0x000001ac   Code   RO          202    .text.rlc_display_send_spectrum_point  rlc_display.o
    0x0800a86c   0x0800a86c   0x00000004   PAD
    0x0800a870   0x0800a870   0x0000000c   Code   RO          198    .text.rlc_display_set_debug_enabled  rlc_display.o
    0x0800a87c   0x0800a87c   0x00000004   PAD
    0x0800a880   0x0800a880   0x00000010   Code   RO          200    .text.rlc_display_spectrum_begin  rlc_display.o
    0x0800a890   0x0800a890   0x00000018   Code   RO          196    .text.rlc_display_take_start_filter  rlc_display.o
    0x0800a8a8   0x0800a8a8   0x00000018   Code   RO          194    .text.rlc_display_take_start_learn  rlc_display.o
    0x0800a8c0   0x0800a8c0   0x00000088   Code   RO          218    .text.rlc_display_uart_error_callback  rlc_display.o
    0x0800a948   0x0800a948   0x00000108   Code   RO          216    .text.rlc_display_uart_rx_cplt_callback  rlc_display.o
    0x0800aa50   0x0800aa50   0x0000003e   Code   RO          248    .text.rlc_filter_adc_conv_cplt_callback  rlc_filter.o
    0x0800aa8e   0x0800aa8e   0x00000002   PAD
    0x0800aa90   0x0800aa90   0x0000003a   Code   RO          250    .text.rlc_filter_adc_conv_half_cplt_callback  rlc_filter.o
    0x0800aaca   0x0800aaca   0x00000006   PAD
    0x0800aad0   0x0800aad0   0x0000001e   Code   RO          252    .text.rlc_filter_adc_error_callback  rlc_filter.o
    0x0800aaee   0x0800aaee   0x00000002   PAD
    0x0800aaf0   0x0800aaf0   0x0000002e   Code   RO          254    .text.rlc_filter_dac_conv_cplt_ch1_callback  rlc_filter.o
    0x0800ab1e   0x0800ab1e   0x00000002   PAD
    0x0800ab20   0x0800ab20   0x00000028   Code   RO          256    .text.rlc_filter_dac_conv_half_cplt_ch1_callback  rlc_filter.o
    0x0800ab48   0x0800ab48   0x00000026   Code   RO          258    .text.rlc_filter_dac_error_ch1_callback  rlc_filter.o
    0x0800ab6e   0x0800ab6e   0x00000002   PAD
    0x0800ab70   0x0800ab70   0x00000022   Code   RO          232    .text.rlc_filter_init  rlc_filter.o
    0x0800ab92   0x0800ab92   0x00000006   PAD
    0x0800ab98   0x0800ab98   0x0000000c   Code   RO          242    .text.rlc_filter_is_running  rlc_filter.o
    0x0800aba4   0x0800aba4   0x00000004   PAD
    0x0800aba8   0x0800aba8   0x00002084   Code   RO          234    .text.rlc_filter_start_learning  rlc_filter.o
    0x0800cc2c   0x0800cc2c   0x00000004   PAD
    0x0800cc30   0x0800cc30   0x00000698   Code   RO          236    .text.rlc_filter_start_realtime  rlc_filter.o
    0x0800d2c8   0x0800d2c8   0x00000040   Code   RO          238    .text.rlc_filter_stop_realtime  rlc_filter.o
    0x0800d308   0x0800d308   0x00000046   Code   RO          240    .text.rlc_filter_task  rlc_filter.o
    0x0800d34e   0x0800d34e   0x00000002   PAD
    0x0800d350   0x0800d350   0x00000428   Code   RO          204    .text.screen_send_curve  rlc_display.o
    0x0800d778   0x0800d778   0x00000060   Code   RO          260    .text.sweep_atanf   rlc_filter.o
    0x0800d7d8   0x0800d7d8   0x00000026   Code   RO         1961    i.__ARM_fpclassifyf  m_wv.l(fpclassifyf.o)
    0x0800d7fe   0x0800d7fe   0x00000002   PAD
    0x0800d800   0x0800d800   0x00000150   Code   RO         1935    i.__hardfp_cosf     m_wv.l(cosf.o)
    0x0800d950   0x0800d950   0x00000180   Code   RO         1941    i.__hardfp_log10f   m_wv.l(log10f.o)
    0x0800dad0   0x0800dad0   0x00000190   Code   RO         1948    i.__hardfp_sinf     m_wv.l(sinf.o)
    0x0800dc60   0x0800dc60   0x00000014   Code   RO         1963    i.__mathlib_flt_divzero  m_wv.l(funder.o)
    0x0800dc74   0x0800dc74   0x00000006   Code   RO         1964    i.__mathlib_flt_infnan  m_wv.l(funder.o)
    0x0800dc7a   0x0800dc7a   0x00000002   PAD
    0x0800dc7c   0x0800dc7c   0x00000010   Code   RO         1966    i.__mathlib_flt_invalid  m_wv.l(funder.o)
    0x0800dc8c   0x0800dc8c   0x00000010   Code   RO         1969    i.__mathlib_flt_underflow  m_wv.l(funder.o)
    0x0800dc9c   0x0800dc9c   0x00000154   Code   RO         1977    i.__mathlib_rredf2  m_wv.l(rredf.o)
    0x0800ddf0   0x0800ddf0   0x0000000e   Code   RO         2010    i.__scatterload_copy  mc_w.l(handlers.o)
    0x0800ddfe   0x0800ddfe   0x00000002   Code   RO         2011    i.__scatterload_null  mc_w.l(handlers.o)
    0x0800de00   0x0800de00   0x0000000e   Code   RO         2012    i.__scatterload_zeroinit  mc_w.l(handlers.o)
    0x0800de0e   0x0800de0e   0x00000002   PAD
    0x0800de10   0x0800de10   0x0000000c   Code   RO         2000    i.__set_errno       mc_w.l(errno.o)
    0x0800de1c   0x0800de1c   0x00000040   Data   RO         1944    .constdata          m_wv.l(log10f.o)
    0x0800de5c   0x0800de5c   0x00000020   Data   RO         1978    .constdata          m_wv.l(rredf.o)
    0x0800de7c   0x0800de7c   0x00000006   Data   RO         1869    .rodata..Lswitch.table.UART_SetConfig.7  stm32h7xx_hal_uart.o
    0x0800de82   0x0800de82   0x00000006   Data   RO         1870    .rodata..Lswitch.table.UART_SetConfig.9  stm32h7xx_hal_uart.o
    0x0800de88   0x0800de88   0x00000010   Data   RO         1926    .rodata.D1CorePrescTable  system_stm32h7xx.o
    0x0800de98   0x0800de98   0x00000018   Data   RO         1868    .rodata.UARTPrescTable  stm32h7xx_hal_uart.o
    0x0800deb0   0x0800deb0   0x00000010   Data   RO         1911    .rodata.cst8        stm32h7xx_hal_uart_ex.o
    0x0800dec0   0x0800dec0   0x00000003   Data   RO          222    .rodata.screen_send_end.end_bytes  rlc_display.o
    0x0800dec3   0x0800dec3   0x00000004   Data   RO          221    .rodata.str1.1      rlc_display.o
    0x0800dec7   0x0800dec7   0x000000ac   Data   RO          265    .rodata.str1.1      rlc_filter.o
    0x0800df73   0x0800df73   0x00000001   PAD
    0x0800df74   0x0800df74   0x00000020   Data   RO         2009    Region$$Table       anon$$obj.o


    Execution Region RW_IRAM1 (Exec base: 0x20000000, Load base: 0x0800df94, Size: 0x00000000, Max: 0x00020000, ABSOLUTE)

    **** No section assigned to this execution region ****


    Execution Region RW_IRAM2 (Exec base: 0x24000000, Load base: 0x0800dfa0, Size: 0x000056a8, Max: 0x00050000, ABSOLUTE)

    Exec Addr    Load Addr    Size         Type   Attr      Idx    E Section Name        Object

    0x24000000   0x0800dfa0   0x00000004   Data   RW         2001    .data               mc_w.l(errno.o)
    0x24000004   0x0800dfa4   0x00000008   Data   RW         1028    .data..L_MergedGlobals  stm32h7xx_hal.o
    0x2400000c   0x0800dfac   0x00000008   Data   RW         1927    .data..L_MergedGlobals  system_stm32h7xx.o
    0x24000014   0x0800dfb4   0x00000001   Data   RW          220    .data.debug_enabled  rlc_display.o
    0x24000015   0x0800dfb5   0x00000003   PAD
    0x24000018   0x0800dfb8   0x00000004   Data   RW          264    .data.fit_model     rlc_filter.o
    0x2400001c   0x0800dfbc   0x00000004   PAD
    0x24000020        -       0x00000010   Zero   RW          223    .bss..L_MergedGlobals  rlc_display.o
    0x24000030        -       0x00000074   Zero   RW          275    .bss..L_MergedGlobals  rlc_filter.o
    0x240000a4   0x0800dfbc   0x0000001c   PAD
    0x240000c0        -       0x00001770   Zero   RW          267    .bss.adc_buf        rlc_filter.o
    0x24001830        -       0x00000001   Zero   RW          184    .bss.app_state      rlc_app.o
    0x24001831   0x0800dfbc   0x0000000f   PAD
    0x24001840        -       0x000007d0   Zero   RW          266    .bss.dac_wave       rlc_filter.o
    0x24002010        -       0x000007c0   Zero   RW          268    .bss.fit_freq_hz    rlc_filter.o
    0x240027d0        -       0x000007c0   Zero   RW          269    .bss.fit_mag        rlc_filter.o
    0x24002f90        -       0x000007c0   Zero   RW          270    .bss.fit_phase_deg  rlc_filter.o
    0x24003750        -       0x00000070   Zero   RW           40    .bss.hadc1          adc.o
    0x240037c0        -       0x00000014   Zero   RW           56    .bss.hdac1          dac.o
    0x240037d4        -       0x00000078   Zero   RW           41    .bss.hdma_adc1      adc.o
    0x2400384c        -       0x00000078   Zero   RW           57    .bss.hdma_dac1_ch1  dac.o
    0x240038c4        -       0x00000038   Zero   RW           81    .bss.hfmac          fmac.o
    0x240038fc        -       0x0000004c   Zero   RW           96    .bss.htim2          tim.o
    0x24003948        -       0x00000094   Zero   RW          113    .bss.huart1         usart.o
    0x240039dc        -       0x00000094   Zero   RW          114    .bss.huart3         usart.o
    0x24003a70   0x0800dfbc   0x00000010   PAD
    0x24003a80        -       0x00000800   Zero   RW          272    .bss.iir_adc_buf    rlc_filter.o
    0x24004280        -       0x00000014   Zero   RW          271    .bss.iir_coeffs     rlc_filter.o
    0x24004294   0x0800dfbc   0x0000000c   PAD
    0x240042a0        -       0x00000800   Zero   RW          273    .bss.iir_dac_buf    rlc_filter.o
    0x24004aa0        -       0x00000800   Zero   RW          274    .bss.iir_float_buf  rlc_filter.o
    0x240052a0        -       0x00000004   Zero   RW         1027    .bss.uwTick         stm32h7xx_hal.o
    0x240052a4   0x0800dfbc   0x00000004   PAD
    0x240052a8        -       0x00000400   Zero   RW            1    STACK               startup_stm32h723xx.o


==============================================================================

Image component sizes


      Code (inc. data)   RO Data    RW Data    ZI Data      Debug   Object Name

       408          0          0          0        232       9556   adc.o
       262          0          0          0        140       6565   dac.o
        68          0          0          0          0       5402   dma.o
        86          0          0          0         56       5444   fmac.o
        86          0          0          0          0       2281   gpio.o
       304          0          0          0          0       3153   main.o
       190         40          0          0          1       8489   rlc_app.o
      5880        128          7          1         16      22446   rlc_display.o
     12194        548        172          4      20232      46021   rlc_filter.o
        44         12        716          0       1024        844   startup_stm32h723xx.o
       258          0          0          8          4      16005   stm32h7xx_hal.o
      4086         12          0          0          0      32005   stm32h7xx_hal_adc.o
       400          0          0          0          0      32444   stm32h7xx_hal_adc_ex.o
       354          0          0          0          0      12423   stm32h7xx_hal_cortex.o
       794          0          0          0          0       9452   stm32h7xx_hal_dac.o
        52          0          0          0          0       9651   stm32h7xx_hal_dac_ex.o
      8694         98          0          0          0      18230   stm32h7xx_hal_dma.o
       144          0          0          0          0      20744   stm32h7xx_hal_fmac.o
       422          0          0          0          0       7020   stm32h7xx_hal_gpio.o
        32          0          0          0          0       2228   stm32h7xx_hal_msp.o
        76          0          0          0          0       9743   stm32h7xx_hal_pwr_ex.o
      2472         24          0          0          0      11684   stm32h7xx_hal_rcc.o
      5086        246          0          0          0      20073   stm32h7xx_hal_rcc_ex.o
      1248          0          0          0          0      67559   stm32h7xx_hal_tim.o
       222          0          0          0          0      27276   stm32h7xx_hal_tim_ex.o
      8616        332         36          0          0      43790   stm32h7xx_hal_uart.o
       340          0         16          0          0      11576   stm32h7xx_hal_uart_ex.o
        68          0          0          0          0       5096   stm32h7xx_it.o
       254          0         16          8          0       5649   system_stm32h7xx.o
       154          0          0          0         76       6711   tim.o
       486          0          0          0        296       8833   usart.o

    ----------------------------------------------------------------------
     54276       1468        996         24      22156     488393   Object Totals
         0          0         32          0          0          0   (incl. Generated)
       496         28          1          3         79          0   (incl. Padding)

    ----------------------------------------------------------------------

      Code (inc. data)   RO Data    RW Data    ZI Data      Debug   Library Member Name

       336         56          0          0          0        136   cosf.o
        38          0          0          0          0        116   fpclassifyf.o
        58         18          0          0          0        464   funder.o
       384         52         64          0          0        140   log10f.o
       340         24         32          0          0        160   rredf.o
       400         56          0          0          0        212   sinf.o
         0          0          0          0          0          0   entry.o
         0          0          0          0          0          0   entry10a.o
         0          0          0          0          0          0   entry11a.o
         8          4          0          0          0          0   entry2.o
         4          0          0          0          0          0   entry5.o
         0          0          0          0          0          0   entry7b.o
         0          0          0          0          0          0   entry8b.o
         8          4          0          0          0          0   entry9a.o
        12          6          0          4          0         68   errno.o
        30          0          0          0          0          0   handlers.o
        48         10          0          0          0         68   init.o
         0          0          0          0          0          0   iusefp.o
        30          0          0          0          0         68   llshl.o
        32          0          0          0          0         68   llushr.o
        36          0          0          0          0        108   memseta.o
        98          0          0          0          0         92   uldiv.o

    ----------------------------------------------------------------------
      1868        230         96          4          0       1700   Library Totals
         6          0          0          0          0          0   (incl. Padding)

    ----------------------------------------------------------------------

      Code (inc. data)   RO Data    RW Data    ZI Data      Debug   Library Name

      1556        206         96          0          0       1228   m_wv.l
       306         24          0          4          0        472   mc_w.l

    ----------------------------------------------------------------------
      1868        230         96          4          0       1700   Library Totals

    ----------------------------------------------------------------------

==============================================================================


      Code (inc. data)   RO Data    RW Data    ZI Data      Debug   

     56144       1698       1092         28      22156     488813   Grand Totals
     56144       1698       1092         28      22156     488813   ELF Image Totals
     56144       1698       1092         28          0          0   ROM Totals

==============================================================================

    Total RO  Size (Code + RO Data)                57236 (  55.89kB)
    Total RW  Size (RW Data + ZI Data)             22184 (  21.66kB)
    Total ROM Size (Code + RO Data + RW Data)      57264 (  55.92kB)

==============================================================================

